Archive member included to satisfy reference by file (symbol)

c:/program files (x86)/atmel/studio/7.0/toolchain/arm/arm-gnu-toolchain/bin/../lib/gcc/arm-none-eabi/6.3.1/../../../../arm-none-eabi/lib/thumb/v7e-m\libm.a(lib_a-w_pow.o)
                              Melexis/SensorArray.o (pow)
c:/program files (x86)/atmel/studio/7.0/toolchain/arm/arm-gnu-toolchain/bin/../lib/gcc/arm-none-eabi/6.3.1/../../../../arm-none-eabi/lib/thumb/v7e-m\libm.a(lib_a-w_sqrt.o)
                              Melexis/SensorArray.o (sqrt)
c:/program files (x86)/atmel/studio/7.0/toolchain/arm/arm-gnu-toolchain/bin/../lib/gcc/arm-none-eabi/6.3.1/../../../../arm-none-eabi/lib/thumb/v7e-m\libm.a(lib_a-e_pow.o)
                              c:/program files (x86)/atmel/studio/7.0/toolchain/arm/arm-gnu-toolchain/bin/../lib/gcc/arm-none-eabi/6.3.1/../../../../arm-none-eabi/lib/thumb/v7e-m\libm.a(lib_a-w_pow.o) (__ieee754_pow)
c:/program files (x86)/atmel/studio/7.0/toolchain/arm/arm-gnu-toolchain/bin/../lib/gcc/arm-none-eabi/6.3.1/../../../../arm-none-eabi/lib/thumb/v7e-m\libm.a(lib_a-e_sqrt.o)
                              c:/program files (x86)/atmel/studio/7.0/toolchain/arm/arm-gnu-toolchain/bin/../lib/gcc/arm-none-eabi/6.3.1/../../../../arm-none-eabi/lib/thumb/v7e-m\libm.a(lib_a-w_sqrt.o) (__ieee754_sqrt)
c:/program files (x86)/atmel/studio/7.0/toolchain/arm/arm-gnu-toolchain/bin/../lib/gcc/arm-none-eabi/6.3.1/../../../../arm-none-eabi/lib/thumb/v7e-m\libm.a(lib_a-s_fabs.o)
                              c:/program files (x86)/atmel/studio/7.0/toolchain/arm/arm-gnu-toolchain/bin/../lib/gcc/arm-none-eabi/6.3.1/../../../../arm-none-eabi/lib/thumb/v7e-m\libm.a(lib_a-e_pow.o) (fabs)
c:/program files (x86)/atmel/studio/7.0/toolchain/arm/arm-gnu-toolchain/bin/../lib/gcc/arm-none-eabi/6.3.1/../../../../arm-none-eabi/lib/thumb/v7e-m\libm.a(lib_a-s_finite.o)
                              c:/program files (x86)/atmel/studio/7.0/toolchain/arm/arm-gnu-toolchain/bin/../lib/gcc/arm-none-eabi/6.3.1/../../../../arm-none-eabi/lib/thumb/v7e-m\libm.a(lib_a-w_pow.o) (finite)
c:/program files (x86)/atmel/studio/7.0/toolchain/arm/arm-gnu-toolchain/bin/../lib/gcc/arm-none-eabi/6.3.1/../../../../arm-none-eabi/lib/thumb/v7e-m\libm.a(lib_a-s_lib_ver.o)
                              c:/program files (x86)/atmel/studio/7.0/toolchain/arm/arm-gnu-toolchain/bin/../lib/gcc/arm-none-eabi/6.3.1/../../../../arm-none-eabi/lib/thumb/v7e-m\libm.a(lib_a-w_pow.o) (__fdlib_version)
c:/program files (x86)/atmel/studio/7.0/toolchain/arm/arm-gnu-toolchain/bin/../lib/gcc/arm-none-eabi/6.3.1/../../../../arm-none-eabi/lib/thumb/v7e-m\libm.a(lib_a-s_matherr.o)
                              c:/program files (x86)/atmel/studio/7.0/toolchain/arm/arm-gnu-toolchain/bin/../lib/gcc/arm-none-eabi/6.3.1/../../../../arm-none-eabi/lib/thumb/v7e-m\libm.a(lib_a-w_pow.o) (matherr)
c:/program files (x86)/atmel/studio/7.0/toolchain/arm/arm-gnu-toolchain/bin/../lib/gcc/arm-none-eabi/6.3.1/../../../../arm-none-eabi/lib/thumb/v7e-m\libm.a(lib_a-s_nan.o)
                              c:/program files (x86)/atmel/studio/7.0/toolchain/arm/arm-gnu-toolchain/bin/../lib/gcc/arm-none-eabi/6.3.1/../../../../arm-none-eabi/lib/thumb/v7e-m\libm.a(lib_a-e_pow.o) (nan)
c:/program files (x86)/atmel/studio/7.0/toolchain/arm/arm-gnu-toolchain/bin/../lib/gcc/arm-none-eabi/6.3.1/../../../../arm-none-eabi/lib/thumb/v7e-m\libm.a(lib_a-s_rint.o)
                              c:/program files (x86)/atmel/studio/7.0/toolchain/arm/arm-gnu-toolchain/bin/../lib/gcc/arm-none-eabi/6.3.1/../../../../arm-none-eabi/lib/thumb/v7e-m\libm.a(lib_a-w_pow.o) (rint)
c:/program files (x86)/atmel/studio/7.0/toolchain/arm/arm-gnu-toolchain/bin/../lib/gcc/arm-none-eabi/6.3.1/../../../../arm-none-eabi/lib/thumb/v7e-m\libm.a(lib_a-s_scalbn.o)
                              c:/program files (x86)/atmel/studio/7.0/toolchain/arm/arm-gnu-toolchain/bin/../lib/gcc/arm-none-eabi/6.3.1/../../../../arm-none-eabi/lib/thumb/v7e-m\libm.a(lib_a-e_pow.o) (scalbn)
c:/program files (x86)/atmel/studio/7.0/toolchain/arm/arm-gnu-toolchain/bin/../lib/gcc/arm-none-eabi/6.3.1/../../../../arm-none-eabi/lib/thumb/v7e-m\libm.a(lib_a-s_copysign.o)
                              c:/program files (x86)/atmel/studio/7.0/toolchain/arm/arm-gnu-toolchain/bin/../lib/gcc/arm-none-eabi/6.3.1/../../../../arm-none-eabi/lib/thumb/v7e-m\libm.a(lib_a-s_scalbn.o) (copysign)
c:/program files (x86)/atmel/studio/7.0/toolchain/arm/arm-gnu-toolchain/bin/../lib/gcc/arm-none-eabi/6.3.1/thumb/v7e-m\libgcc.a(_arm_addsubdf3.o)
                              hpl/sercom/hpl_sercom.o (__aeabi_dsub)
c:/program files (x86)/atmel/studio/7.0/toolchain/arm/arm-gnu-toolchain/bin/../lib/gcc/arm-none-eabi/6.3.1/thumb/v7e-m\libgcc.a(_arm_muldivdf3.o)
                              hpl/sercom/hpl_sercom.o (__aeabi_dmul)
c:/program files (x86)/atmel/studio/7.0/toolchain/arm/arm-gnu-toolchain/bin/../lib/gcc/arm-none-eabi/6.3.1/thumb/v7e-m\libgcc.a(_arm_cmpdf2.o)
[...]
Memory Configuration

Name             Origin             Length             Attributes
rom              0x00000000         0x00100000         xr
ram              0x20000000         0x00040000         xrw
bkupram          0x47000000         0x00002000         xrw
qspi             0x04000000         0x01000000         xrw
*default*        0x00000000         0xffffffff

Linker script and memory map

LOAD c:/program files (x86)/atmel/studio/7.0/toolchain/arm/arm-gnu-toolchain/bin/../lib/gcc/arm-none-eabi/6.3.1/thumb/v7e-m/crti.o
LOAD c:/program files (x86)/atmel/studio/7.0/toolchain/arm/arm-gnu-toolchain/bin/../lib/gcc/arm-none-eabi/6.3.1/thumb/v7e-m/crtbegin.o
LOAD c:/program files (x86)/atmel/studio/7.0/toolchain/arm/arm-gnu-toolchain/bin/../lib/gcc/arm-none-eabi/6.3.1/../../../../arm-none-eabi/lib/thumb/v7e-m/crt0.o
LOAD atmel_start.o
LOAD Device_Startup/startup_same54.o
LOAD Device_Startup/system_same54.o
LOAD driver_init.o
LOAD EtherCAT/ethercat_e54.o
LOAD examples/driver_examples.o
LOAD hal/src/hal_atomic.o
LOAD hal/src/hal_cache.o
LOAD hal/src/hal_delay.o
LOAD hal/src/hal_gpio.o
LOAD hal/src/hal_i2c_m_sync.o
LOAD hal/src/hal_init.o
LOAD hal/src/hal_io.o
LOAD hal/src/hal_sleep.o
LOAD hal/src/hal_spi_m_dma.o
LOAD hal/src/hal_timer.o
LOAD hal/utils/src/utils_assert.o
LOAD hal/utils/src/utils_event.o
LOAD hal/utils/src/utils_list.o
LOAD hal/utils/src/utils_syscalls.o
LOAD hpl/cmcc/hpl_cmcc.o
LOAD hpl/core/hpl_core_m4.o
LOAD hpl/core/hpl_init.o
LOAD hpl/dmac/hpl_dmac.o
LOAD hpl/gclk/hpl_gclk.o
LOAD hpl/mclk/hpl_mclk.o
LOAD hpl/osc32kctrl/hpl_osc32kctrl.o
LOAD hpl/oscctrl/hpl_oscctrl.o
LOAD hpl/pm/hpl_pm.o
LOAD hpl/ramecc/hpl_ramecc.o
LOAD hpl/sercom/hpl_sercom.o
LOAD hpl/tc/hpl_tc.o
LOAD hpl/tc/tc_lite.o
LOAD main.o
LOAD Melexis/Calibration_Parameters.o
LOAD Melexis/MLX90393_microchip.o
LOAD Melexis/SensorArray.o
LOAD Tactile_Sensor/neural_spikes.o
START GROUP
LOAD c:/program files (x86)/atmel/studio/7.0/toolchain/arm/arm-gnu-toolchain/bin/../lib/gcc/arm-none-eabi/6.3.1/../../../../arm-none-eabi/lib/thumb/v7e-m\libm.a
END GROUP
START GROUP
LOAD c:/program files (x86)/atmel/studio/7.0/toolchain/arm/arm-gnu-toolchain/bin/../lib/gcc/arm-none-eabi/6.3.1/thumb/v7e-m\libgcc.a
LOAD c:/program files (x86)/atmel/studio/7.0/toolchain/arm/arm-gnu-toolchain/bin/../lib/gcc/arm-none-eabi/6.3.1/../../../../arm-none-eabi/lib/thumb/v7e-m\libc_nano.a
END GROUP
START GROUP
LOAD c:/program files (x86)/atmel/studio/7.0/toolchain/arm/arm-gnu-toolchain/bin/../lib/gcc/arm-none-eabi/6.3.1/thumb/v7e-m\libgcc.a
LOAD c:/program files (x86)/atmel/studio/7.0/toolchain/arm/arm-gnu-toolchain/bin/../lib/gcc/arm-none-eabi/6.3.1/../../../../arm-none-eabi/lib/thumb/v7e-m\libc_nano.a
END GROUP
LOAD c:/program files (x86)/atmel/studio/7.0/toolchain/arm/arm-gnu-toolchain/bin/../lib/gcc/arm-none-eabi/6.3.1/thumb/v7e-m/crtend.o
LOAD c:/program files (x86)/atmel/studio/7.0/toolchain/arm/arm-gnu-toolchain/bin/../lib/gcc/arm-none-eabi/6.3.1/thumb/v7e-m/crtn.o
                0x00010000                STACK_SIZE = DEFINED (STACK_SIZE)?STACK_SIZE:DEFINED (__stack_size__)?__stack_size__:0x10000

.text           0x00000000     0x9b88
                0x00000000                . = ALIGN (0x4)
                0x00000000                _sfixed = .
 *(.vectors .vectors.*)
 .vectors       0x00000000      0x264 Device_Startup/startup_same54.o
                0x00000000                exception_table
 *(.text .text.* .gnu.linkonce.t.*)
 .text          0x00000264       0x6c c:/program files (x86)/atmel/studio/7.0/toolchain/arm/arm-gnu-toolchain/bin/../lib/gcc/arm-none-eabi/6.3.1/thumb/v7e-m/crtbegin.o
 .text.atmel_start_init
                0x000002d0        0xc atmel_start.o
                0x000002d0                atmel_start_init
 .text.Dummy_Handler
                0x000002dc        0x2 Device_Startup/startup_same54.o
                0x000002dc                EIC_5_Handler
                0x000002dc                SVCall_Handler
                0x000002dc                SERCOM0_2_Handler
                0x000002dc                EIC_13_Handler
                0x000002dc                EVSYS_0_Handler
                0x000002dc                TCC1_3_Handler
                0x000002dc                DAC_3_Handler
                0x000002dc                TRNG_Handler
                0x000002dc                HardFault_Handler
                0x000002dc                TC2_Handler
                0x000002dc                PDEC_2_Handler
                0x000002dc                EIC_4_Handler
                0x000002dc                AC_Handler
                0x000002dc                SERCOM3_1_Handler
                0x000002dc                SysTick_Handler
                0x000002dc                TCC2_3_Handler
                0x000002dc                SERCOM3_2_Handler
                0x000002dc                PendSV_Handler
                0x000002dc                ADC1_1_Handler
                0x000002dc                EVSYS_3_Handler
                0x000002dc                PDEC_0_Handler
                0x000002dc                QSPI_Handler
                0x000002dc                NonMaskableInt_Handler
                0x000002dc                TCC0_0_Handler
                0x000002dc                EIC_3_Handler
                0x000002dc                MemManagement_Handler
                0x000002dc                DAC_2_Handler
                0x000002dc                SERCOM0_0_Handler
                0x000002dc                RTC_Handler
                0x000002dc                UsageFault_Handler
                0x000002dc                SERCOM4_0_Handler
                0x000002dc                EIC_10_Handler
                0x000002dc                SERCOM0_3_Handler
                0x000002dc                EIC_11_Handler
                0x000002dc                EIC_9_Handler
                0x000002dc                OSC32KCTRL_Handler
                0x000002dc                TCC2_1_Handler
                0x000002dc                SUPC_1_Handler
                0x000002dc                TCC0_5_Handler
                0x000002dc                TCC0_6_Handler
                0x000002dc                SERCOM6_2_Handler
                0x000002dc                EVSYS_1_Handler
                0x000002dc                TCC1_4_Handler
                0x000002dc                TC6_Handler
                0x000002dc                WDT_Handler
                0x000002dc                CAN0_Handler
                0x000002dc                EIC_8_Handler
                0x000002dc                EIC_15_Handler
                0x000002dc                SERCOM6_0_Handler
                0x000002dc                SERCOM5_0_Handler
                0x000002dc                TC4_Handler
                0x000002dc                TC1_Handler
                0x000002dc                OSCCTRL_4_Handler
                0x000002dc                SERCOM4_3_Handler
                0x000002dc                EIC_12_Handler
                0x000002dc                TCC4_2_Handler
                0x000002dc                PAC_Handler
                0x000002dc                TCC1_0_Handler
                0x000002dc                USB_0_Handler
                0x000002dc                OSCCTRL_0_Handler
                0x000002dc                EIC_0_Handler
                0x000002dc                OSCCTRL_3_Handler
                0x000002dc                SERCOM4_1_Handler
                0x000002dc                Dummy_Handler
                0x000002dc                TCC3_0_Handler
                0x000002dc                TCC2_2_Handler
                0x000002dc                SERCOM5_1_Handler
                0x000002dc                TCC1_1_Handler
                0x000002dc                ADC0_0_Handler
                0x000002dc                SERCOM0_1_Handler
                0x000002dc                OSCCTRL_2_Handler
                0x000002dc                ADC1_0_Handler
                0x000002dc                TCC1_2_Handler
                0x000002dc                SERCOM7_1_Handler
                0x000002dc                USB_1_Handler
                0x000002dc                PM_Handler
                0x000002dc                SERCOM6_3_Handler
                0x000002dc                SERCOM2_3_Handler
                0x000002dc                DAC_4_Handler
                0x000002dc                TCC3_2_Handler
                0x000002dc                SERCOM7_0_Handler
                0x000002dc                TCC0_2_Handler
                0x000002dc                TCC4_0_Handler
                0x000002dc                SERCOM7_3_Handler
                0x000002dc                GMAC_Handler
                0x000002dc                SDHC1_Handler
                0x000002dc                USB_3_Handler
                0x000002dc                SERCOM7_2_Handler
                0x000002dc                CAN1_Handler
                0x000002dc                TCC2_0_Handler
                0x000002dc                PDEC_1_Handler
                0x000002dc                TCC4_1_Handler
                0x000002dc                SERCOM5_3_Handler
                0x000002dc                USB_2_Handler
                0x000002dc                SERCOM6_1_Handler
                0x000002dc                SDHC0_Handler
                0x000002dc                SERCOM1_1_Handler
                0x000002dc                I2S_Handler
                0x000002dc                EIC_2_Handler
                0x000002dc                PCC_Handler
                0x000002dc                DAC_0_Handler
                0x000002dc                TCC0_1_Handler
                0x000002dc                SERCOM1_3_Handler
                0x000002dc                EIC_6_Handler
                0x000002dc                OSCCTRL_1_Handler
                0x000002dc                SERCOM1_0_Handler
                0x000002dc                PUKCC_Handler
                0x000002dc                SERCOM2_1_Handler
                0x000002dc                SERCOM1_2_Handler
                0x000002dc                SERCOM3_0_Handler
                0x000002dc                EIC_1_Handler
                0x000002dc                SERCOM4_2_Handler
                0x000002dc                EVSYS_4_Handler
                0x000002dc                EIC_7_Handler
                0x000002dc                NVMCTRL_1_Handler
                0x000002dc                SERCOM5_2_Handler
                0x000002dc                SERCOM3_3_Handler
                0x000002dc                ADC0_1_Handler
                0x000002dc                SERCOM2_2_Handler
                0x000002dc                TCC3_1_Handler
                0x000002dc                EIC_14_Handler
                0x000002dc                DAC_1_Handler
                0x000002dc                NVMCTRL_0_Handler
                0x000002dc                MCLK_Handler
                0x000002dc                EVSYS_2_Handler
                0x000002dc                SUPC_0_Handler
                0x000002dc                BusFault_Handler
                0x000002dc                FREQM_Handler
                0x000002dc                TC0_Handler
                0x000002dc                TCC0_3_Handler
                0x000002dc                DebugMonitor_Handler
                0x000002dc                TCC0_4_Handler
                0x000002dc                TC5_Handler
                0x000002dc                SERCOM2_0_Handler
                0x000002dc                AES_Handler
                0x000002dc                ICM_Handler
 *fill*         0x000002de        0x2 
 .text.Reset_Handler
                0x000002e0       0x7c Device_Startup/startup_same54.o
                0x000002e0                Reset_Handler
 .text.I2C_0_PORT_init
                0x0000035c       0x60 driver_init.o
                0x0000035c                I2C_0_PORT_init
 .text.I2C_0_CLOCK_init
                0x000003bc       0x24 driver_init.o
                0x000003bc                I2C_0_CLOCK_init
 .text.I2C_0_init
                0x000003e0       0x28 driver_init.o
                0x000003e0                I2C_0_init
 .text.SPI_0_PORT_init
                0x00000408       0xc8 driver_init.o
                0x00000408                SPI_0_PORT_init
 .text.SPI_0_CLOCK_init
                0x000004d0       0x24 driver_init.o
                0x000004d0                SPI_0_CLOCK_init
 .text.SPI_0_init
                0x000004f4       0x28 driver_init.o
                0x000004f4                SPI_0_init
 .text.I2C_1_PORT_init
                0x0000051c       0x60 driver_init.o
                0x0000051c                I2C_1_PORT_init
 .text.I2C_1_CLOCK_init
                0x0000057c       0x24 driver_init.o
                0x0000057c                I2C_1_CLOCK_init
 .text.I2C_1_init
                0x000005a0       0x28 driver_init.o
                0x000005a0                I2C_1_init
 .text.TIMER_1_CLOCK_init
                0x000005c8       0x1c driver_init.o
                0x000005c8                TIMER_1_CLOCK_init
 .text.TIMER_0_CLOCK_init
                0x000005e4       0x1c driver_init.o
                0x000005e4                TIMER_0_CLOCK_init
 .text.system_init
                0x00000600       0x8c driver_init.o
                0x00000600                system_init
 .text.LAN9252_rx_susp
                0x0000068c       0x60 EtherCAT/ethercat_e54.o
 .text.setup_transfer_descriptor
                0x000006ec      0x108 EtherCAT/ethercat_e54.o
 .text.TC7_Handler
                0x000007f4       0x74 EtherCAT/ethercat_e54.o
                0x000007f4                TC7_Handler
 .text.configure_ethercat_dma_descriptors
                0x00000868      0x1f8 EtherCAT/ethercat_e54.o
                0x00000868                configure_ethercat_dma_descriptors
 .text.delay_us
                0x00000a60       0x20 hal/src/hal_delay.o
                0x00000a60                delay_us
 .text.delay_ms
                0x00000a80       0x20 hal/src/hal_delay.o
                0x00000a80                delay_ms
 .text.i2c_m_sync_write
                0x00000aa0       0x30 hal/src/hal_i2c_m_sync.o
 .text.i2c_m_sync_read
                0x00000ad0       0x30 hal/src/hal_i2c_m_sync.o
 .text.i2c_m_sync_init
                0x00000b00       0x40 hal/src/hal_i2c_m_sync.o
                0x00000b00                i2c_m_sync_init
 .text.i2c_m_sync_enable
                0x00000b40        0xc hal/src/hal_i2c_m_sync.o
                0x00000b40                i2c_m_sync_enable
 .text.i2c_m_sync_set_slaveaddr
                0x00000b4c       0x10 hal/src/hal_i2c_m_sync.o
                0x00000b4c                i2c_m_sync_set_slaveaddr
 .text.i2c_m_sync_get_io_descriptor
                0x00000b5c        0x8 hal/src/hal_i2c_m_sync.o
                0x00000b5c                i2c_m_sync_get_io_descriptor
 .text.io_write
                0x00000b64       0x34 hal/src/hal_io.o
                0x00000b64                io_write
 .text.io_read  0x00000b98       0x34 hal/src/hal_io.o
                0x00000b98                io_read
 .text._spi_m_dma_io_write
                0x00000bcc       0x34 hal/src/hal_spi_m_dma.o
 .text._spi_m_dma_io_read
                0x00000c00       0x34 hal/src/hal_spi_m_dma.o
 .text.spi_m_dma_init
                0x00000c34       0x4c hal/src/hal_spi_m_dma.o
                0x00000c34                spi_m_dma_init
 .text.spi_m_dma_enable
                0x00000c80       0x28 hal/src/hal_spi_m_dma.o
                0x00000c80                spi_m_dma_enable
 .text.spi_m_dma_register_callback
                0x00000ca8       0x30 hal/src/hal_spi_m_dma.o
                0x00000ca8                spi_m_dma_register_callback
 .text.assert   0x00000cd8        0x6 hal/utils/src/utils_assert.o
                0x00000cd8                assert
 *fill*         0x00000cde        0x2 
 .text._get_cycles_for_us
                0x00000ce0       0x18 hpl/core/hpl_core_m4.o
                0x00000ce0                _get_cycles_for_us
 .text._get_cycles_for_ms
                0x00000cf8       0x20 hpl/core/hpl_core_m4.o
                0x00000cf8                _get_cycles_for_ms
 .text._delay_cycles
                0x00000d18        0x8 hpl/core/hpl_core_m4.o
                0x00000d18                _delay_cycles
 .text._init_chip
                0x00000d20       0x58 hpl/core/hpl_init.o
                0x00000d20                _init_chip
 .text._dmac_handler
                0x00000d78       0x80 hpl/dmac/hpl_dmac.o
 .text._dma_init
                0x00000df8      0x10c hpl/dmac/hpl_dmac.o
                0x00000df8                _dma_init
 .text._dma_set_irq_state
                0x00000f04       0x7c hpl/dmac/hpl_dmac.o
                0x00000f04                _dma_set_irq_state
 .text._dma_set_destination_address
                0x00000f80       0x10 hpl/dmac/hpl_dmac.o
                0x00000f80                _dma_set_destination_address
 .text._dma_set_source_address
                0x00000f90       0x10 hpl/dmac/hpl_dmac.o
                0x00000f90                _dma_set_source_address
 .text._dma_srcinc_enable
                0x00000fa0       0x1c hpl/dmac/hpl_dmac.o
                0x00000fa0                _dma_srcinc_enable
 .text._dma_set_data_amount
                0x00000fbc       0x58 hpl/dmac/hpl_dmac.o
                0x00000fbc                _dma_set_data_amount
 .text._dma_enable_transaction
                0x00001014       0x3c hpl/dmac/hpl_dmac.o
                0x00001014                _dma_enable_transaction
 .text._dma_get_channel_resource
                0x00001050       0x10 hpl/dmac/hpl_dmac.o
                0x00001050                _dma_get_channel_resource
 .text.DMAC_0_Handler
                0x00001060        0xc hpl/dmac/hpl_dmac.o
                0x00001060                DMAC_0_Handler
 .text.DMAC_1_Handler
                0x0000106c        0xc hpl/dmac/hpl_dmac.o
                0x0000106c                DMAC_1_Handler
 .text.DMAC_2_Handler
                0x00001078        0xc hpl/dmac/hpl_dmac.o
                0x00001078                DMAC_2_Handler
 .text.DMAC_3_Handler
                0x00001084        0xc hpl/dmac/hpl_dmac.o
                0x00001084                DMAC_3_Handler
 .text.DMAC_4_Handler
                0x00001090        0xc hpl/dmac/hpl_dmac.o
                0x00001090                DMAC_4_Handler
 .text._dma_set_descriptor
                0x0000109c       0x2c hpl/dmac/hpl_dmac.o
                0x0000109c                _dma_set_descriptor
 .text._gclk_init_generators_by_fref
                0x000010c8       0x24 hpl/gclk/hpl_gclk.o
                0x000010c8                _gclk_init_generators_by_fref
 .text._mclk_init
                0x000010ec        0xc hpl/mclk/hpl_mclk.o
                0x000010ec                _mclk_init
 .text._osc32kctrl_init_sources
                0x000010f8       0x14 hpl/osc32kctrl/hpl_osc32kctrl.o
                0x000010f8                _osc32kctrl_init_sources
 .text._oscctrl_init_sources
                0x0000110c       0x1c hpl/oscctrl/hpl_oscctrl.o
                0x0000110c                _oscctrl_init_sources
 .text._oscctrl_init_referenced_generators
                0x00001128       0x44 hpl/oscctrl/hpl_oscctrl.o
                0x00001128                _oscctrl_init_referenced_generators
 .text.RAMECC_Handler
                0x0000116c       0x44 hpl/ramecc/hpl_ramecc.o
                0x0000116c                RAMECC_Handler
 .text._sercom_get_hardware_index
                0x000011b0       0x40 hpl/sercom/hpl_sercom.o
 .text._spi_sync_enable
                0x000011f0       0x22 hpl/sercom/hpl_sercom.o
 .text._spi_sync_rx_enable
                0x00001212       0x22 hpl/sercom/hpl_sercom.o
 .text._spi_sync_rx_disable
                0x00001234       0x22 hpl/sercom/hpl_sercom.o
 .text._spi_m_get_source_for_dma
                0x00001256        0x4 hpl/sercom/hpl_sercom.o
 .text._spi_m_get_destination_for_dma
                0x0000125a        0x4 hpl/sercom/hpl_sercom.o
 *fill*         0x0000125e        0x2 
 .text._spi_get_tx_dma_channel
                0x00001260       0x18 hpl/sercom/hpl_sercom.o
 .text._spi_is_rx_dma_channel_enabled
                0x00001278       0x18 hpl/sercom/hpl_sercom.o
 .text._spi_get_rx_dma_channel
                0x00001290       0x24 hpl/sercom/hpl_sercom.o
 .text._spi_dma_rx_complete
                0x000012b4        0xc hpl/sercom/hpl_sercom.o
 .text._spi_dma_suspend_complete
                0x000012c0        0xc hpl/sercom/hpl_sercom.o
 .text._spi_dma_tx_complete
                0x000012cc        0xc hpl/sercom/hpl_sercom.o
 .text._spi_dma_error_occured
                0x000012d8        0xc hpl/sercom/hpl_sercom.o
 .text._get_i2cm_index
                0x000012e4       0x4c hpl/sercom/hpl_sercom.o
 .text._i2c_m_sync_init_impl
                0x00001330       0xe0 hpl/sercom/hpl_sercom.o
 .text._sercom_i2c_sync_send_address
                0x00001410      0x280 hpl/sercom/hpl_sercom.o
 .text._spi_m_dma_rx_enable
                0x00001690       0x34 hpl/sercom/hpl_sercom.o
 .text._spi_m_dma_rx_disable
                0x000016c4       0x34 hpl/sercom/hpl_sercom.o
 .text._i2c_m_sync_init
                0x000016f8       0x30 hpl/sercom/hpl_sercom.o
                0x000016f8                _i2c_m_sync_init
 .text._i2c_m_sync_enable
                0x00001728       0x78 hpl/sercom/hpl_sercom.o
                0x00001728                _i2c_m_sync_enable
 .text._i2c_m_sync_transfer
                0x000017a0      0x2b0 hpl/sercom/hpl_sercom.o
                0x000017a0                _i2c_m_sync_transfer
 .text._spi_m_dma_init
                0x00001a50      0x17c hpl/sercom/hpl_sercom.o
                0x00001a50                _spi_m_dma_init
 .text._spi_m_dma_enable
                0x00001bcc       0x34 hpl/sercom/hpl_sercom.o
                0x00001bcc                _spi_m_dma_enable
 .text._spi_m_dma_register_callback
                0x00001c00       0x84 hpl/sercom/hpl_sercom.o
                0x00001c00                _spi_m_dma_register_callback
 .text._spi_m_dma_transfer
                0x00001c84      0x114 hpl/sercom/hpl_sercom.o
                0x00001c84                _spi_m_dma_transfer
 .text.TIMER_1_init
                0x00001d98       0xc4 hpl/tc/tc_lite.o
                0x00001d98                TIMER_1_init
 .text.TIMER_0_init
                0x00001e5c       0xac hpl/tc/tc_lite.o
                0x00001e5c                TIMER_0_init
 .text.SensorRowUpdate
                0x00001f08      0x378 main.o
                0x00001f08                SensorRowUpdate
 .text.main     0x00002280      0x348 main.o
                0x00002280                main
 .text.TC3_Handler
                0x000025c8       0x50 main.o
                0x000025c8                TC3_Handler
 .text.initialize_calibration_parameters
                0x00002618     0x2e78 Melexis/Calibration_Parameters.o
                0x00002618                initialize_calibration_parameters
 .text.select_prefix
                0x00005490       0x28 Melexis/MLX90393_microchip.o
                0x00005490                select_prefix
 .text.i2c_m_sync_cmd_write_easy
                0x000054b8       0x48 Melexis/MLX90393_microchip.o
                0x000054b8                i2c_m_sync_cmd_write_easy
 .text.sendCommand
                0x00005500       0x3c Melexis/MLX90393_microchip.o
                0x00005500                sendCommand
 .text.i2c_m_sync_reg_read_easy
                0x0000553c       0x48 Melexis/MLX90393_microchip.o
                0x0000553c                i2c_m_sync_reg_read_easy
 .text.i2c_m_sync_reg_write_easy
                0x00005584       0x4c Melexis/MLX90393_microchip.o
                0x00005584                i2c_m_sync_reg_write_easy
 .text.cache_invalidate
                0x000055d0        0x8 Melexis/MLX90393_microchip.o
                0x000055d0                cache_invalidate
 .text.initialize
                0x000055d8       0x6c Melexis/MLX90393_microchip.o
                0x000055d8                initialize
 .text.cache_invalidate_address
                0x00005644       0x16 Melexis/MLX90393_microchip.o
                0x00005644                cache_invalidate_address
 .text.cache_set
                0x0000565a       0x20 Melexis/MLX90393_microchip.o
                0x0000565a                cache_set
 *fill*         0x0000567a        0x2 
 .text.readRegister
                0x0000567c       0x60 Melexis/MLX90393_microchip.o
                0x0000567c                readRegister
 .text.reset    0x000056dc       0x30 Melexis/MLX90393_microchip.o
                0x000056dc                reset
 .text.exit_command
                0x0000570c       0x14 Melexis/MLX90393_microchip.o
                0x0000570c                exit_command
 .text.readMeasurement
                0x00005720      0x118 Melexis/MLX90393_microchip.o
                0x00005720                readMeasurement
 .text.convertRaw
                0x00005838      0x3ec Melexis/MLX90393_microchip.o
                0x00005838                convertRaw
 .text.convDelayMicro
                0x00005c24       0x44 Melexis/MLX90393_microchip.o
                0x00005c24                convDelayMicro
 .text.isOK     0x00005c68        0xc Melexis/MLX90393_microchip.o
                0x00005c68                isOK
 .text.writeRegister
                0x00005c74       0x6c Melexis/MLX90393_microchip.o
                0x00005c74                writeRegister
 .text.hasError
                0x00005ce0        0x6 Melexis/MLX90393_microchip.o
                0x00005ce0                hasError
 *fill*         0x00005ce6        0x2 
 .text.cache_fill
                0x00005ce8       0x60 Melexis/MLX90393_microchip.o
                0x00005ce8                cache_fill
 .text.startMeasurement
                0x00005d48       0x30 Melexis/MLX90393_microchip.o
                0x00005d48                startMeasurement
 .text.checkStatus
                0x00005d78        0xe Melexis/MLX90393_microchip.o
                0x00005d78                checkStatus
 *fill*         0x00005d86        0x2 
 .text.setGainSel
                0x00005d88       0x6c Melexis/MLX90393_microchip.o
                0x00005d88                setGainSel
 .text.setResolution
                0x00005df4       0x70 Melexis/MLX90393_microchip.o
                0x00005df4                setResolution
 .text.setOverSampling
                0x00005e64       0x68 Melexis/MLX90393_microchip.o
                0x00005e64                setOverSampling
 .text.setDigitalFiltering
                0x00005ecc       0x6c Melexis/MLX90393_microchip.o
                0x00005ecc                setDigitalFiltering
 .text.setTemperatureCompensation
                0x00005f38       0x6c Melexis/MLX90393_microchip.o
                0x00005f38                setTemperatureCompensation
 .text.begin    0x00005fa4       0xd8 Melexis/MLX90393_microchip.o
                0x00005fa4                begin
 .text.setExtTrig
                0x0000607c       0x68 Melexis/MLX90393_microchip.o
                0x0000607c                setExtTrig
 .text.triggerInitialize
                0x000060e4       0x28 Melexis/SensorArray.o
                0x000060e4                triggerInitialize
 .text.triggerSensor
                0x0000610c       0x18 Melexis/SensorArray.o
                0x0000610c                triggerSensor
 .text.triggerReadout
                0x00006124       0x2c Melexis/SensorArray.o
                0x00006124                triggerReadout
 .text.triggerReadoutArray
                0x00006150       0xbc Melexis/SensorArray.o
                0x00006150                triggerReadoutArray
 .text.SensorArray_Init
                0x0000620c      0x160 Melexis/SensorArray.o
                0x0000620c                SensorArray_Init
 .text.update_struct_values
                0x0000636c       0x2c Melexis/SensorArray.o
                0x0000636c                update_struct_values
 .text.calibration_function
                0x00006398      0x1d8 Melexis/SensorArray.o
                0x00006398                calibration_function
 .text.mag_to_force
                0x00006570     0x1414 Melexis/SensorArray.o
                0x00006570                mag_to_force
 .text.RS       0x00007984       0x30 Tactile_Sensor/neural_spikes.o
                0x00007984                RS
 .text.force_parameters
                0x000079b4       0x34 Tactile_Sensor/neural_spikes.o
                0x000079b4                force_parameters
 .text.calc_current_normal_force
                0x000079e8       0x94 Tactile_Sensor/neural_spikes.o
                0x000079e8                calc_current_normal_force
 .text.calc_current_shear_force
                0x00007a7c       0x1e Tactile_Sensor/neural_spikes.o
                0x00007a7c                calc_current_shear_force
 *fill*         0x00007a9a        0x6 
 .text.step_f   0x00007aa0      0x130 Tactile_Sensor/neural_spikes.o
                0x00007aa0                step_f
 .text.neuron_init_row
                0x00007bd0       0x50 Tactile_Sensor/neural_spikes.o
                0x00007bd0                neuron_init_row
 .text.neuron_init_array
                0x00007c20       0x20 Tactile_Sensor/neural_spikes.o
                0x00007c20                neuron_init_array
 .text.neuron_calc_row
                0x00007c40       0xb8 Tactile_Sensor/neural_spikes.o
                0x00007c40                neuron_calc_row
 .text.update_struct_values_neural
                0x00007cf8       0x20 Tactile_Sensor/neural_spikes.o
                0x00007cf8                update_struct_values_neural
 .text.pow      0x00007d18      0x2fc c:/program files (x86)/atmel/studio/7.0/toolchain/arm/arm-gnu-toolchain/bin/../lib/gcc/arm-none-eabi/6.3.1/../../../../arm-none-eabi/lib/thumb/v7e-m\libm.a(lib_a-w_pow.o)
                0x00007d18                pow
 .text.sqrt     0x00008014       0xbc c:/program files (x86)/atmel/studio/7.0/toolchain/arm/arm-gnu-toolchain/bin/../lib/gcc/arm-none-eabi/6.3.1/../../../../arm-none-eabi/lib/thumb/v7e-m\libm.a(lib_a-w_sqrt.o)
                0x00008014                sqrt
 .text.__ieee754_pow
                0x000080d0      0xa8c c:/program files (x86)/atmel/studio/7.0/toolchain/arm/arm-gnu-toolchain/bin/../lib/gcc/arm-none-eabi/6.3.1/../../../../arm-none-eabi/lib/thumb/v7e-m\libm.a(lib_a-e_pow.o)
                0x000080d0                __ieee754_pow
 .text.__ieee754_sqrt
                0x00008b5c      0x178 c:/program files (x86)/atmel/studio/7.0/toolchain/arm/arm-gnu-toolchain/bin/../lib/gcc/arm-none-eabi/6.3.1/../../../../arm-none-eabi/lib/thumb/v7e-m\libm.a(lib_a-e_sqrt.o)
                0x00008b5c                __ieee754_sqrt
 .text.fabs     0x00008cd4        0x8 c:/program files (x86)/atmel/studio/7.0/toolchain/arm/arm-gnu-toolchain/bin/../lib/gcc/arm-none-eabi/6.3.1/../../../../arm-none-eabi/lib/thumb/v7e-m\libm.a(lib_a-s_fabs.o)
                0x00008cd4                fabs
 .text.finite   0x00008cdc        0xc c:/program files (x86)/atmel/studio/7.0/toolchain/arm/arm-gnu-toolchain/bin/../lib/gcc/arm-none-eabi/6.3.1/../../../../arm-none-eabi/lib/thumb/v7e-m\libm.a(lib_a-s_finite.o)
                0x00008cdc                finite
 .text.matherr  0x00008ce8        0x4 c:/program files (x86)/atmel/studio/7.0/toolchain/arm/arm-gnu-toolchain/bin/../lib/gcc/arm-none-eabi/6.3.1/../../../../arm-none-eabi/lib/thumb/v7e-m\libm.a(lib_a-s_matherr.o)
                0x00008ce8                matherr
 .text.nan      0x00008cec        0xc c:/program files (x86)/atmel/studio/7.0/toolchain/arm/arm-gnu-toolchain/bin/../lib/gcc/arm-none-eabi/6.3.1/../../../../arm-none-eabi/lib/thumb/v7e-m\libm.a(lib_a-s_nan.o)
                0x00008cec                nan
 .text.rint     0x00008cf8      0x114 c:/program files (x86)/atmel/studio/7.0/toolchain/arm/arm-gnu-toolchain/bin/../lib/gcc/arm-none-eabi/6.3.1/../../../../arm-none-eabi/lib/thumb/v7e-m\libm.a(lib_a-s_rint.o)
                0x00008cf8                rint
 *fill*         0x00008e0c        0x4 
 .text.scalbn   0x00008e10       0xfc c:/program files (x86)/atmel/studio/7.0/toolchain/arm/arm-gnu-toolchain/bin/../lib/gcc/arm-none-eabi/6.3.1/../../../../arm-none-eabi/lib/thumb/v7e-m\libm.a(lib_a-s_scalbn.o)
                0x00008e10                scalbn
 .text.copysign
                0x00008f0c       0x10 c:/program files (x86)/atmel/studio/7.0/toolchain/arm/arm-gnu-toolchain/bin/../lib/gcc/arm-none-eabi/6.3.1/../../../../arm-none-eabi/lib/thumb/v7e-m\libm.a(lib_a-s_copysign.o)
                0x00008f0c                copysign
 .text          0x00008f1c      0x370 c:/program files (x86)/atmel/studio/7.0/toolchain/arm/arm-gnu-toolchain/bin/../lib/gcc/arm-none-eabi/6.3.1/thumb/v7e-m\libgcc.a(_arm_addsubdf3.o)
                0x00008f1c                __aeabi_drsub
                0x00008f24                __aeabi_dsub
                0x00008f24                __subdf3
                0x00008f28                __aeabi_dadd
                0x00008f28                __adddf3
                0x000091a0                __floatunsidf
                0x000091a0                __aeabi_ui2d
                0x000091c0                __floatsidf
                0x000091c0                __aeabi_i2d
                0x000091e4                __aeabi_f2d
                0x000091e4                __extendsfdf2
                0x00009220                __floatundidf
                0x00009220                __aeabi_ul2d
                0x00009230                __floatdidf
                0x00009230                __aeabi_l2d
 .text          0x0000928c      0x424 c:/program files (x86)/atmel/studio/7.0/toolchain/arm/arm-gnu-toolchain/bin/../lib/gcc/arm-none-eabi/6.3.1/thumb/v7e-m\libgcc.a(_arm_muldivdf3.o)
                0x0000928c                __aeabi_dmul
                0x0000928c                __muldf3
                0x000094e0                __divdf3
                0x000094e0                __aeabi_ddiv
 .text          0x000096b0      0x110 c:/program files (x86)/atmel/studio/7.0/toolchain/arm/arm-gnu-toolchain/bin/../lib/gcc/arm-none-eabi/6.3.1/thumb/v7e-m\libgcc.a(_arm_cmpdf2.o)
                0x000096b0                __gtdf2
                0x000096b0                __gedf2
                0x000096b8                __ltdf2
                0x000096b8                __ledf2
                0x000096c0                __nedf2
                0x000096c0                __eqdf2
                0x000096c0                __cmpdf2
                0x0000973c                __aeabi_cdrcmple
                0x0000974c                __aeabi_cdcmpeq
                0x0000974c                __aeabi_cdcmple
                0x0000975c                __aeabi_dcmpeq
                0x00009770                __aeabi_dcmplt
                0x00009784                __aeabi_dcmple
                0x00009798                __aeabi_dcmpge
                0x000097ac                __aeabi_dcmpgt
 .text          0x000097c0       0x2c c:/program files (x86)/atmel/studio/7.0/toolchain/arm/arm-gnu-toolchain/bin/../lib/gcc/arm-none-eabi/6.3.1/thumb/v7e-m\libgcc.a(_arm_unorddf2.o)
                0x000097c0                __unorddf2
                0x000097c0                __aeabi_dcmpun
 .text          0x000097ec       0xa0 c:/program files (x86)/atmel/studio/7.0/toolchain/arm/arm-gnu-toolchain/bin/../lib/gcc/arm-none-eabi/6.3.1/thumb/v7e-m\libgcc.a(_arm_truncdfsf2.o)
                0x000097ec                __truncdfsf2
                0x000097ec                __aeabi_d2f
 .text.__errno  0x0000988c        0xc c:/program files (x86)/atmel/studio/7.0/toolchain/arm/arm-gnu-toolchain/bin/../lib/gcc/arm-none-eabi/6.3.1/../../../../arm-none-eabi/lib/thumb/v7e-m\libc_nano.a(lib_a-errno.o)
                0x0000988c                __errno
 .text.__libc_init_array
                0x00009898       0x48 c:/program files (x86)/atmel/studio/7.0/toolchain/arm/arm-gnu-toolchain/bin/../lib/gcc/arm-none-eabi/6.3.1/../../../../arm-none-eabi/lib/thumb/v7e-m\libc_nano.a(lib_a-init.o)
                0x00009898                __libc_init_array
 *(.glue_7t)
 .glue_7t       0x000098e0        0x0 linker stubs
 *(.glue_7)
 .glue_7        0x000098e0        0x0 linker stubs
 *(.rodata .rodata* .gnu.linkonce.r.*)
 .rodata        0x000098e0       0x14 EtherCAT/ethercat_e54.o
 .rodata.str1.4
                0x000098f4       0x1c hal/src/hal_i2c_m_sync.o
 .rodata.str1.4
                0x00009910       0x14 hal/src/hal_io.o
 .rodata.str1.4
                0x00009924       0x1b hal/src/hal_spi_m_dma.o
 *fill*         0x0000993f        0x1 
 .rodata        0x00009940      0x100 hpl/dmac/hpl_dmac.o
 .rodata        0x00009a40       0x89 hpl/sercom/hpl_sercom.o
 *fill*         0x00009ac9        0x3 
 .rodata.str1.4
                0x00009acc       0x1b hpl/sercom/hpl_sercom.o
 *fill*         0x00009ae7        0x1 
 .rodata.pow.str1.4
                0x00009ae8        0x4 c:/program files (x86)/atmel/studio/7.0/toolchain/arm/arm-gnu-toolchain/bin/../lib/gcc/arm-none-eabi/6.3.1/../../../../arm-none-eabi/lib/thumb/v7e-m\libm.a(lib_a-w_pow.o)
 .rodata.sqrt.str1.4
                0x00009aec        0x5 c:/program files (x86)/atmel/studio/7.0/toolchain/arm/arm-gnu-toolchain/bin/../lib/gcc/arm-none-eabi/6.3.1/../../../../arm-none-eabi/lib/thumb/v7e-m\libm.a(lib_a-w_sqrt.o)
 .rodata.__ieee754_pow.str1.4
                0x00009af1        0x8 c:/program files (x86)/atmel/studio/7.0/toolchain/arm/arm-gnu-toolchain/bin/../lib/gcc/arm-none-eabi/6.3.1/../../../../arm-none-eabi/lib/thumb/v7e-m\libm.a(lib_a-e_pow.o)
                                  0x1 (size before relaxing)
 *fill*         0x00009af1        0x7 
 .rodata.TWO52  0x00009af8       0x10 c:/program files (x86)/atmel/studio/7.0/toolchain/arm/arm-gnu-toolchain/bin/../lib/gcc/arm-none-eabi/6.3.1/../../../../arm-none-eabi/lib/thumb/v7e-m\libm.a(lib_a-s_rint.o)
 .rodata.__sf_fake_stderr
                0x00009b08       0x20 c:/program files (x86)/atmel/studio/7.0/toolchain/arm/arm-gnu-toolchain/bin/../lib/gcc/arm-none-eabi/6.3.1/../../../../arm-none-eabi/lib/thumb/v7e-m\libc_nano.a(lib_a-findfp.o)
                0x00009b08                __sf_fake_stderr
 .rodata.__sf_fake_stdin
                0x00009b28       0x20 c:/program files (x86)/atmel/studio/7.0/toolchain/arm/arm-gnu-toolchain/bin/../lib/gcc/arm-none-eabi/6.3.1/../../../../arm-none-eabi/lib/thumb/v7e-m\libc_nano.a(lib_a-findfp.o)
                0x00009b28                __sf_fake_stdin
 .rodata.__sf_fake_stdout
                0x00009b48       0x20 c:/program files (x86)/atmel/studio/7.0/toolchain/arm/arm-gnu-toolchain/bin/../lib/gcc/arm-none-eabi/6.3.1/../../../../arm-none-eabi/lib/thumb/v7e-m\libc_nano.a(lib_a-findfp.o)
                0x00009b48                __sf_fake_stdout
 *(.ARM.extab* .gnu.linkonce.armextab.*)
                0x00009b68                . = ALIGN (0x4)
 *(.init)
 .init          0x00009b68        0x4 c:/program files (x86)/atmel/studio/7.0/toolchain/arm/arm-gnu-toolchain/bin/../lib/gcc/arm-none-eabi/6.3.1/thumb/v7e-m/crti.o
                0x00009b68                _init
 .init          0x00009b6c        0x8 c:/program files (x86)/atmel/studio/7.0/toolchain/arm/arm-gnu-toolchain/bin/../lib/gcc/arm-none-eabi/6.3.1/thumb/v7e-m/crtn.o
                0x00009b74                . = ALIGN (0x4)
                0x00009b74                __preinit_array_start = .
 *(.preinit_array)
                0x00009b74                __preinit_array_end = .
                0x00009b74                . = ALIGN (0x4)
                0x00009b74                __init_array_start = .
 *(SORT(.init_array.*))
 *(.init_array)
 .init_array    0x00009b74        0x4 c:/program files (x86)/atmel/studio/7.0/toolchain/arm/arm-gnu-toolchain/bin/../lib/gcc/arm-none-eabi/6.3.1/thumb/v7e-m/crtbegin.o
                0x00009b78                __init_array_end = .
                0x00009b78                . = ALIGN (0x4)
 *crtbegin.o(.ctors)
 *(EXCLUDE_FILE(*crtend.o) .ctors)
 *(SORT(.ctors.*))
 *crtend.o(.ctors)
                0x00009b78                . = ALIGN (0x4)
 *(.fini)
 .fini          0x00009b78        0x4 c:/program files (x86)/atmel/studio/7.0/toolchain/arm/arm-gnu-toolchain/bin/../lib/gcc/arm-none-eabi/6.3.1/thumb/v7e-m/crti.o
                0x00009b78                _fini
 .fini          0x00009b7c        0x8 c:/program files (x86)/atmel/studio/7.0/toolchain/arm/arm-gnu-toolchain/bin/../lib/gcc/arm-none-eabi/6.3.1/thumb/v7e-m/crtn.o
                0x00009b84                . = ALIGN (0x4)
                0x00009b84                __fini_array_start = .
 *(.fini_array)
 .fini_array    0x00009b84        0x4 c:/program files (x86)/atmel/studio/7.0/toolchain/arm/arm-gnu-toolchain/bin/../lib/gcc/arm-none-eabi/6.3.1/thumb/v7e-m/crtbegin.o
 *(SORT(.fini_array.*))
                0x00009b88                __fini_array_end = .
 *crtbegin.o(.dtors)
 *(EXCLUDE_FILE(*crtend.o) .dtors)
 *(SORT(.dtors.*))
 *crtend.o(.dtors)
                0x00009b88                . = ALIGN (0x4)
                0x00009b88                _efixed = .
                [!provide]                PROVIDE (__exidx_start, .)

.vfp11_veneer   0x00009b88        0x0
 .vfp11_veneer  0x00009b88        0x0 linker stubs

.v4_bx          0x00009b88        0x0
 .v4_bx         0x00009b88        0x0 linker stubs

.iplt           0x00009b88        0x0
 .iplt          0x00009b88        0x0 c:/program files (x86)/atmel/studio/7.0/toolchain/arm/arm-gnu-toolchain/bin/../lib/gcc/arm-none-eabi/6.3.1/thumb/v7e-m/crtbegin.o

.eh_frame       0x00009b88        0x0
 .eh_frame      0x00009b88        0x0 c:/program files (x86)/atmel/studio/7.0/toolchain/arm/arm-gnu-toolchain/bin/../lib/gcc/arm-none-eabi/6.3.1/thumb/v7e-m/crtbegin.o

.rel.dyn        0x00009b88        0x0
 .rel.iplt      0x00009b88        0x0 c:/program files (x86)/atmel/studio/7.0/toolchain/arm/arm-gnu-toolchain/bin/../lib/gcc/arm-none-eabi/6.3.1/thumb/v7e-m/crtbegin.o

.jcr            0x00009b88        0x0
 .jcr           0x00009b88        0x0 c:/program files (x86)/atmel/studio/7.0/toolchain/arm/arm-gnu-toolchain/bin/../lib/gcc/arm-none-eabi/6.3.1/thumb/v7e-m/crtbegin.o

.igot.plt       0x00009b88        0x0
 .igot.plt      0x00009b88        0x0 c:/program files (x86)/atmel/studio/7.0/toolchain/arm/arm-gnu-toolchain/bin/../lib/gcc/arm-none-eabi/6.3.1/thumb/v7e-m/crtbegin.o

.ARM.exidx
 *(.ARM.exidx* .gnu.linkonce.armexidx.*)
                [!provide]                PROVIDE (__exidx_end, .)
                0x00009b88                . = ALIGN (0x4)
                0x00009b88                _etext = .

.relocate       0x20000000      0x154 load address 0x00009b88
                0x20000000                . = ALIGN (0x4)
                0x20000000                _srelocate = .
 *(.ramfunc .ramfunc.*)
 *(.data .data.*)
 .data          0x20000000       0x72 EtherCAT/ethercat_e54.o
 *fill*         0x20000072        0x2 
 .data          0x20000074       0x7a main.o
                0x20000074                BLDC_OUT
                0x20000078                BLDC_IN
 .data.__fdlib_version
                0x200000ee        0x1 c:/program files (x86)/atmel/studio/7.0/toolchain/arm/arm-gnu-toolchain/bin/../lib/gcc/arm-none-eabi/6.3.1/../../../../arm-none-eabi/lib/thumb/v7e-m\libm.a(lib_a-s_lib_ver.o)
                0x200000ee                __fdlib_version
 *fill*         0x200000ef        0x1 
 .data._impure_ptr
                0x200000f0        0x4 c:/program files (x86)/atmel/studio/7.0/toolchain/arm/arm-gnu-toolchain/bin/../lib/gcc/arm-none-eabi/6.3.1/../../../../arm-none-eabi/lib/thumb/v7e-m\libc_nano.a(lib_a-impure.o)
                0x200000f0                _impure_ptr
 .data.impure_data
                0x200000f4       0x60 c:/program files (x86)/atmel/studio/7.0/toolchain/arm/arm-gnu-toolchain/bin/../lib/gcc/arm-none-eabi/6.3.1/../../../../arm-none-eabi/lib/thumb/v7e-m\libc_nano.a(lib_a-impure.o)
                0x20000154                . = ALIGN (0x4)
                0x20000154                _erelocate = .

.bkupram        0x47000000        0x0
                0x47000000                . = ALIGN (0x8)
                0x47000000                _sbkupram = .
 *(.bkupram .bkupram.*)
                0x47000000                . = ALIGN (0x8)
                0x47000000                _ebkupram = .

.qspi           0x04000000        0x0
                0x04000000                . = ALIGN (0x8)
                0x04000000                _sqspi = .
 *(.qspi .qspi.*)
                0x04000000                . = ALIGN (0x8)
                0x04000000                _eqspi = .

.bss            0x20000160     0x2d3c load address 0x00009cf0
                0x20000160                . = ALIGN (0x4)
                0x20000160                _sbss = .
                0x20000160                _szero = .
 *(.bss .bss.*)
 .bss           0x20000160       0x1c c:/program files (x86)/atmel/studio/7.0/toolchain/arm/arm-gnu-toolchain/bin/../lib/gcc/arm-none-eabi/6.3.1/thumb/v7e-m/crtbegin.o
 .bss           0x2000017c        0x4 hal/src/hal_delay.o
 .bss           0x20000180      0x200 hpl/dmac/hpl_dmac.o
 *(COMMON)
 COMMON         0x20000380       0x70 driver_init.o
                0x20000380                I2C_1
                0x200003a0                SPI_0
                0x200003d0                I2C_0
 COMMON         0x200003f0      0x199 EtherCAT/ethercat_e54.o
                0x200003f0                spi_rx_config_fifo_dma_descriptor
                0x20000400                spi_rx_read_fifo_dma_descriptor
                0x20000410                spi_write_fifo_dma_descriptor
                0x20000420                spi_read2ram_dma_descriptor
                0x20000430                spi_write2ram_dma_descriptor
                0x20000440                spi_rx_buffer
                0x20000460                spi_clear_rd_fifo_dma_descriptor
                0x20000470                spi_rx_abort_fifo_dma_descriptor
                0x20000480                ram_buffer
                0x20000500                spi_rx_clear_rd_fifo_dma_descriptor
                0x20000510                spi_rx_write_cl_fifo_dma_descriptor
                0x20000520                spi_config_fifo_dma_descriptor
                0x20000530                spi_abort_fifo_dma_descriptor
                0x20000540                row_change_possible
                0x20000541                tx_ethercat
                0x20000548                spi_rx_read2ram_dma_descriptor
                0x20000558                spi_write_cl_fifo_dma_descriptor
                0x20000568                spi_read_fifo_dma_descriptor
                0x20000578                spi_rx_write_fifo_dma_descriptor
                0x20000588                tx_ethercat_done
 *fill*         0x20000589        0x7 
 COMMON         0x20000590      0x400 hpl/dmac/hpl_dmac.o
                0x20000590                _descriptor_section
                0x20000790                _write_back_section
 COMMON         0x20000990       0x10 hpl/ramecc/hpl_ramecc.o
                0x20000990                device
 COMMON         0x200009a0     0x24fc main.o
                0x200009a0                selected_row
                0x200009a4                sensor_array_2
                0x20001c14                new_data
                0x20001c18                bmx_io
                0x20001c1c                axis_flag_t
                0x20001c1d                data_readout
                0x20001c20                bmx_io_2
                0x20001c24                number_of_arrays
                0x20001c25                data_sent
                0x20001c26                wait_time
                0x20001c28                triggered
                0x20001c29                selected_output_mode
                0x20001c2a                selected_array
                0x20001c2b                return_status_t
                0x20001c2c                sensor_array_1
                0x20002e9c                . = ALIGN (0x4)
                0x20002e9c                _ebss = .
                0x20002e9c                _ezero = .

.stack          0x20002e9c    0x10004 load address 0x0000ca2c
                0x20002ea0                . = ALIGN (0x8)
 *fill*         0x20002e9c        0x4 
                0x20002ea0                _sstack = .
                0x20012ea0                . = (. + STACK_SIZE)
 *fill*         0x20002ea0    0x10000 
                0x20012ea0                . = ALIGN (0x8)
                0x20012ea0                _estack = .
                0x20012ea0                . = ALIGN (0x4)
                0x20012ea0                _end = .
OUTPUT(SensorArrayReadoutEtherCAT.elf elf32-littlearm)

.ARM.attributes
                0x00000000       0x2e
 .ARM.attributes
                0x00000000       0x1e c:/program files (x86)/atmel/studio/7.0/toolchain/arm/arm-gnu-toolchain/bin/../lib/gcc/arm-none-eabi/6.3.1/thumb/v7e-m/crti.o
 .ARM.attributes
                0x0000001e       0x2e c:/program files (x86)/atmel/studio/7.0/toolchain/arm/arm-gnu-toolchain/bin/../lib/gcc/arm-none-eabi/6.3.1/thumb/v7e-m/crtbegin.o
 .ARM.attributes
                0x0000004c       0x37 atmel_start.o
 .ARM.attributes
                0x00000083       0x37 Device_Startup/startup_same54.o
 .ARM.attributes
                0x000000ba       0x37 driver_init.o
 .ARM.attributes
                0x000000f1       0x37 EtherCAT/ethercat_e54.o
 .ARM.attributes
                0x00000128       0x37 hal/src/hal_delay.o
 .ARM.attributes
                0x0000015f       0x37 hal/src/hal_i2c_m_sync.o
 .ARM.attributes
                0x00000196       0x37 hal/src/hal_io.o
 .ARM.attributes
                0x000001cd       0x37 hal/src/hal_spi_m_dma.o
 .ARM.attributes
                0x00000204       0x37 hal/utils/src/utils_assert.o
 .ARM.attributes
                0x0000023b       0x37 hpl/core/hpl_core_m4.o
 .ARM.attributes
                0x00000272       0x37 hpl/core/hpl_init.o
 .ARM.attributes
                0x000002a9       0x37 hpl/dmac/hpl_dmac.o
 .ARM.attributes
                0x000002e0       0x37 hpl/gclk/hpl_gclk.o
 .ARM.attributes
                0x00000317       0x37 hpl/mclk/hpl_mclk.o
 .ARM.attributes
                0x0000034e       0x37 hpl/osc32kctrl/hpl_osc32kctrl.o
 .ARM.attributes
                0x00000385       0x37 hpl/oscctrl/hpl_oscctrl.o
 .ARM.attributes
                0x000003bc       0x37 hpl/ramecc/hpl_ramecc.o
 .ARM.attributes
                0x000003f3       0x37 hpl/sercom/hpl_sercom.o
 .ARM.attributes
                0x0000042a       0x37 hpl/tc/tc_lite.o
 .ARM.attributes
                0x00000461       0x37 main.o
 .ARM.attributes
                0x00000498       0x37 Melexis/Calibration_Parameters.o
 .ARM.attributes
                0x000004cf       0x37 Melexis/MLX90393_microchip.o
 .ARM.attributes
                0x00000506       0x37 Melexis/SensorArray.o
 .ARM.attributes
                0x0000053d       0x37 Tactile_Sensor/neural_spikes.o
 .ARM.attributes
                0x00000574       0x2e c:/program files (x86)/atmel/studio/7.0/toolchain/arm/arm-gnu-toolchain/bin/../lib/gcc/arm-none-eabi/6.3.1/../../../../arm-none-eabi/lib/thumb/v7e-m\libm.a(lib_a-w_pow.o)
 .ARM.attributes
                0x000005a2       0x2e c:/program files (x86)/atmel/studio/7.0/toolchain/arm/arm-gnu-toolchain/bin/../lib/gcc/arm-none-eabi/6.3.1/../../../../arm-none-eabi/lib/thumb/v7e-m\libm.a(lib_a-w_sqrt.o)
 .ARM.attributes
                0x000005d0       0x2e c:/program files (x86)/atmel/studio/7.0/toolchain/arm/arm-gnu-toolchain/bin/../lib/gcc/arm-none-eabi/6.3.1/../../../../arm-none-eabi/lib/thumb/v7e-m\libm.a(lib_a-e_pow.o)
 .ARM.attributes
                0x000005fe       0x2e c:/program files (x86)/atmel/studio/7.0/toolchain/arm/arm-gnu-toolchain/bin/../lib/gcc/arm-none-eabi/6.3.1/../../../../arm-none-eabi/lib/thumb/v7e-m\libm.a(lib_a-e_sqrt.o)
 .ARM.attributes
                0x0000062c       0x2e c:/program files (x86)/atmel/studio/7.0/toolchain/arm/arm-gnu-toolchain/bin/../lib/gcc/arm-none-eabi/6.3.1/../../../../arm-none-eabi/lib/thumb/v7e-m\libm.a(lib_a-s_fabs.o)
 .ARM.attributes
                0x0000065a       0x2e c:/program files (x86)/atmel/studio/7.0/toolchain/arm/arm-gnu-toolchain/bin/../lib/gcc/arm-none-eabi/6.3.1/../../../../arm-none-eabi/lib/thumb/v7e-m\libm.a(lib_a-s_finite.o)
 .ARM.attributes
                0x00000688       0x2e c:/program files (x86)/atmel/studio/7.0/toolchain/arm/arm-gnu-toolchain/bin/../lib/gcc/arm-none-eabi/6.3.1/../../../../arm-none-eabi/lib/thumb/v7e-m\libm.a(lib_a-s_lib_ver.o)
 .ARM.attributes
                0x000006b6       0x2e c:/program files (x86)/atmel/studio/7.0/toolchain/arm/arm-gnu-toolchain/bin/../lib/gcc/arm-none-eabi/6.3.1/../../../../arm-none-eabi/lib/thumb/v7e-m\libm.a(lib_a-s_matherr.o)
 .ARM.attributes
                0x000006e4       0x2e c:/program files (x86)/atmel/studio/7.0/toolchain/arm/arm-gnu-toolchain/bin/../lib/gcc/arm-none-eabi/6.3.1/../../../../arm-none-eabi/lib/thumb/v7e-m\libm.a(lib_a-s_nan.o)
 .ARM.attributes
                0x00000712       0x2e c:/program files (x86)/atmel/studio/7.0/toolchain/arm/arm-gnu-toolchain/bin/../lib/gcc/arm-none-eabi/6.3.1/../../../../arm-none-eabi/lib/thumb/v7e-m\libm.a(lib_a-s_rint.o)
 .ARM.attributes
                0x00000740       0x2e c:/program files (x86)/atmel/studio/7.0/toolchain/arm/arm-gnu-toolchain/bin/../lib/gcc/arm-none-eabi/6.3.1/../../../../arm-none-eabi/lib/thumb/v7e-m\libm.a(lib_a-s_scalbn.o)
 .ARM.attributes
                0x0000076e       0x2e c:/program files (x86)/atmel/studio/7.0/toolchain/arm/arm-gnu-toolchain/bin/../lib/gcc/arm-none-eabi/6.3.1/../../../../arm-none-eabi/lib/thumb/v7e-m\libm.a(lib_a-s_copysign.o)
 .ARM.attributes
                0x0000079c       0x1e c:/program files (x86)/atmel/studio/7.0/toolchain/arm/arm-gnu-toolchain/bin/../lib/gcc/arm-none-eabi/6.3.1/thumb/v7e-m\libgcc.a(_arm_addsubdf3.o)
 .ARM.attributes
                0x000007ba       0x1e c:/program files (x86)/atmel/studio/7.0/toolchain/arm/arm-gnu-toolchain/bin/../lib/gcc/arm-none-eabi/6.3.1/thumb/v7e-m\libgcc.a(_arm_muldivdf3.o)
 .ARM.attributes
                0x000007d8       0x1e c:/program files (x86)/atmel/studio/7.0/toolchain/arm/arm-gnu-toolchain/bin/../lib/gcc/arm-none-eabi/6.3.1/thumb/v7e-m\libgcc.a(_arm_cmpdf2.o)
 .ARM.attributes
                0x000007f6       0x1e c:/program files (x86)/atmel/studio/7.0/toolchain/arm/arm-gnu-toolchain/bin/../lib/gcc/arm-none-eabi/6.3.1/thumb/v7e-m\libgcc.a(_arm_unorddf2.o)
 .ARM.attributes
                0x00000814       0x1e c:/program files (x86)/atmel/studio/7.0/toolchain/arm/arm-gnu-toolchain/bin/../lib/gcc/arm-none-eabi/6.3.1/thumb/v7e-m\libgcc.a(_arm_truncdfsf2.o)
 .ARM.attributes
                0x00000832       0x2e c:/program files (x86)/atmel/studio/7.0/toolchain/arm/arm-gnu-toolchain/bin/../lib/gcc/arm-none-eabi/6.3.1/../../../../arm-none-eabi/lib/thumb/v7e-m\libc_nano.a(lib_a-errno.o)
 .ARM.attributes
                0x00000860       0x2e c:/program files (x86)/atmel/studio/7.0/toolchain/arm/arm-gnu-toolchain/bin/../lib/gcc/arm-none-eabi/6.3.1/../../../../arm-none-eabi/lib/thumb/v7e-m\libc_nano.a(lib_a-impure.o)
 .ARM.attributes
                0x0000088e       0x2e c:/program files (x86)/atmel/studio/7.0/toolchain/arm/arm-gnu-toolchain/bin/../lib/gcc/arm-none-eabi/6.3.1/../../../../arm-none-eabi/lib/thumb/v7e-m\libc_nano.a(lib_a-init.o)
 .ARM.attributes
                0x000008bc       0x2e c:/program files (x86)/atmel/studio/7.0/toolchain/arm/arm-gnu-toolchain/bin/../lib/gcc/arm-none-eabi/6.3.1/../../../../arm-none-eabi/lib/thumb/v7e-m\libc_nano.a(lib_a-findfp.o)
 .ARM.attributes
                0x000008ea       0x1e c:/program files (x86)/atmel/studio/7.0/toolchain/arm/arm-gnu-toolchain/bin/../lib/gcc/arm-none-eabi/6.3.1/thumb/v7e-m/crtn.o

.comment        0x00000000       0x59
 .comment       0x00000000       0x59 atmel_start.o
                                 0x5a (size before relaxing)
 .comment       0x00000059       0x5a Device_Startup/startup_same54.o
 .comment       0x00000059       0x5a driver_init.o
 .comment       0x00000059       0x5a EtherCAT/ethercat_e54.o
 .comment       0x00000059       0x5a hal/src/hal_delay.o
 .comment       0x00000059       0x5a hal/src/hal_i2c_m_sync.o
 .comment       0x00000059       0x5a hal/src/hal_io.o
 .comment       0x00000059       0x5a hal/src/hal_spi_m_dma.o
 .comment       0x00000059       0x5a hal/utils/src/utils_assert.o
 .comment       0x00000059       0x5a hpl/core/hpl_core_m4.o
 .comment       0x00000059       0x5a hpl/core/hpl_init.o
 .comment       0x00000059       0x5a hpl/dmac/hpl_dmac.o
 .comment       0x00000059       0x5a hpl/gclk/hpl_gclk.o
 .comment       0x00000059       0x5a hpl/mclk/hpl_mclk.o
 .comment       0x00000059       0x5a hpl/osc32kctrl/hpl_osc32kctrl.o
 .comment       0x00000059       0x5a hpl/oscctrl/hpl_oscctrl.o
 .comment       0x00000059       0x5a hpl/ramecc/hpl_ramecc.o
 .comment       0x00000059       0x5a hpl/sercom/hpl_sercom.o
 .comment       0x00000059       0x5a hpl/tc/tc_lite.o
 .comment       0x00000059       0x5a main.o
 .comment       0x00000059       0x5a Melexis/Calibration_Parameters.o
 .comment       0x00000059       0x5a Melexis/MLX90393_microchip.o
 .comment       0x00000059       0x5a Melexis/SensorArray.o
 .comment       0x00000059       0x5a Tactile_Sensor/neural_spikes.o

.debug_info     0x00000000    0x30fb8
 .debug_info    0x00000000      0x46c atmel_start.o
 .debug_info    0x0000046c      0xd7d Device_Startup/startup_same54.o
 .debug_info    0x000011e9     0x5305 driver_init.o
 .debug_info    0x000064ee     0x6e28 EtherCAT/ethercat_e54.o
 .debug_info    0x0000d316      0x205 hal/src/hal_delay.o
 .debug_info    0x0000d51b      0x89f hal/src/hal_i2c_m_sync.o
 .debug_info    0x0000ddba      0x2c5 hal/src/hal_io.o
 .debug_info    0x0000e07f      0xbff hal/src/hal_spi_m_dma.o
 .debug_info    0x0000ec7e      0x130 hal/utils/src/utils_assert.o
 .debug_info    0x0000edae      0xc7f hpl/core/hpl_core_m4.o
 .debug_info    0x0000fa2d     0x14e7 hpl/core/hpl_init.o
 .debug_info    0x00010f14     0x31d1 hpl/dmac/hpl_dmac.o
 .debug_info    0x000140e5      0x5e7 hpl/gclk/hpl_gclk.o
 .debug_info    0x000146cc      0xa55 hpl/mclk/hpl_mclk.o
 .debug_info    0x00015121      0x714 hpl/osc32kctrl/hpl_osc32kctrl.o
 .debug_info    0x00015835     0x136e hpl/oscctrl/hpl_oscctrl.o
 .debug_info    0x00016ba3      0xc15 hpl/ramecc/hpl_ramecc.o
 .debug_info    0x000177b8     0xcbe3 hpl/sercom/hpl_sercom.o
 .debug_info    0x0002439b     0x1962 hpl/tc/tc_lite.o
 .debug_info    0x00025cfd     0x3fbb main.o
 .debug_info    0x00029cb8      0x181 Melexis/Calibration_Parameters.o
 .debug_info    0x00029e39     0x3010 Melexis/MLX90393_microchip.o
 .debug_info    0x0002ce49     0x2af4 Melexis/SensorArray.o
 .debug_info    0x0002f93d     0x167b Tactile_Sensor/neural_spikes.o

.debug_abbrev   0x00000000     0x3888
 .debug_abbrev  0x00000000      0x104 atmel_start.o
 .debug_abbrev  0x00000104      0x171 Device_Startup/startup_same54.o
 .debug_abbrev  0x00000275      0x347 driver_init.o
 .debug_abbrev  0x000005bc      0x3ea EtherCAT/ethercat_e54.o
 .debug_abbrev  0x000009a6       0xf9 hal/src/hal_delay.o
 .debug_abbrev  0x00000a9f      0x1b7 hal/src/hal_i2c_m_sync.o
 .debug_abbrev  0x00000c56      0x12d hal/src/hal_io.o
 .debug_abbrev  0x00000d83      0x1b4 hal/src/hal_spi_m_dma.o
 .debug_abbrev  0x00000f37       0x9e hal/utils/src/utils_assert.o
 .debug_abbrev  0x00000fd5      0x2bb hpl/core/hpl_core_m4.o
 .debug_abbrev  0x00001290      0x1df hpl/core/hpl_init.o
 .debug_abbrev  0x0000146f      0x3ce hpl/dmac/hpl_dmac.o
 .debug_abbrev  0x0000183d      0x1b8 hpl/gclk/hpl_gclk.o
 .debug_abbrev  0x000019f5      0x1bd hpl/mclk/hpl_mclk.o
 .debug_abbrev  0x00001bb2      0x1fc hpl/osc32kctrl/hpl_osc32kctrl.o
 .debug_abbrev  0x00001dae      0x216 hpl/oscctrl/hpl_oscctrl.o
 .debug_abbrev  0x00001fc4      0x2c8 hpl/ramecc/hpl_ramecc.o
 .debug_abbrev  0x0000228c      0x5c5 hpl/sercom/hpl_sercom.o
 .debug_abbrev  0x00002851      0x25f hpl/tc/tc_lite.o
 .debug_abbrev  0x00002ab0      0x3cc main.o
 .debug_abbrev  0x00002e7c       0x9e Melexis/Calibration_Parameters.o
 .debug_abbrev  0x00002f1a      0x307 Melexis/MLX90393_microchip.o
 .debug_abbrev  0x00003221      0x3c5 Melexis/SensorArray.o
 .debug_abbrev  0x000035e6      0x2a2 Tactile_Sensor/neural_spikes.o

.debug_loc      0x00000000    0x114bb
 .debug_loc     0x00000000       0x20 atmel_start.o
 .debug_loc     0x00000020       0x78 Device_Startup/startup_same54.o
 .debug_loc     0x00000098      0xe80 driver_init.o
 .debug_loc     0x00000f18      0x99b EtherCAT/ethercat_e54.o
 .debug_loc     0x000018b3       0xc3 hal/src/hal_delay.o
 .debug_loc     0x00001976      0x764 hal/src/hal_i2c_m_sync.o
 .debug_loc     0x000020da      0x17e hal/src/hal_io.o
 .debug_loc     0x00002258      0x7a0 hal/src/hal_spi_m_dma.o
 .debug_loc     0x000029f8      0x271 hpl/core/hpl_core_m4.o
 .debug_loc     0x00002c69       0x64 hpl/core/hpl_init.o
 .debug_loc     0x00002ccd      0xd17 hpl/dmac/hpl_dmac.o
 .debug_loc     0x000039e4       0x72 hpl/gclk/hpl_gclk.o
 .debug_loc     0x00003a56       0x2c hpl/mclk/hpl_mclk.o
 .debug_loc     0x00003a82       0x95 hpl/osc32kctrl/hpl_osc32kctrl.o
 .debug_loc     0x00003b17      0x135 hpl/oscctrl/hpl_oscctrl.o
 .debug_loc     0x00003c4c      0x130 hpl/ramecc/hpl_ramecc.o
 .debug_loc     0x00003d7c     0x8a62 hpl/sercom/hpl_sercom.o
 .debug_loc     0x0000c7de      0x5be hpl/tc/tc_lite.o
 .debug_loc     0x0000cd9c      0x1e3 main.o
 .debug_loc     0x0000cf7f       0x92 Melexis/Calibration_Parameters.o
 .debug_loc     0x0000d011     0x31ba Melexis/MLX90393_microchip.o
 .debug_loc     0x000101cb      0xde2 Melexis/SensorArray.o
 .debug_loc     0x00010fad      0x50e Tactile_Sensor/neural_spikes.o

.debug_aranges  0x00000000      0xd68
 .debug_aranges
                0x00000000       0x20 atmel_start.o
 .debug_aranges
                0x00000020       0x28 Device_Startup/startup_same54.o
 .debug_aranges
                0x00000048       0x78 driver_init.o
 .debug_aranges
                0x000000c0       0x48 EtherCAT/ethercat_e54.o
 .debug_aranges
                0x00000108       0x38 hal/src/hal_delay.o
 .debug_aranges
                0x00000140       0x88 hal/src/hal_i2c_m_sync.o
 .debug_aranges
                0x000001c8       0x30 hal/src/hal_io.o
 .debug_aranges
                0x000001f8       0x90 hal/src/hal_spi_m_dma.o
 .debug_aranges
                0x00000288       0x20 hal/utils/src/utils_assert.o
 .debug_aranges
                0x000002a8       0x80 hpl/core/hpl_core_m4.o
 .debug_aranges
                0x00000328       0x20 hpl/core/hpl_init.o
 .debug_aranges
                0x00000348       0xa0 hpl/dmac/hpl_dmac.o
 .debug_aranges
                0x000003e8       0x28 hpl/gclk/hpl_gclk.o
 .debug_aranges
                0x00000410       0x20 hpl/mclk/hpl_mclk.o
 .debug_aranges
                0x00000430       0x20 hpl/osc32kctrl/hpl_osc32kctrl.o
 .debug_aranges
                0x00000450       0x28 hpl/oscctrl/hpl_oscctrl.o
 .debug_aranges
                0x00000478       0x30 hpl/ramecc/hpl_ramecc.o
 .debug_aranges
                0x000004a8      0x5c0 hpl/sercom/hpl_sercom.o
 .debug_aranges
                0x00000a68       0x28 hpl/tc/tc_lite.o
 .debug_aranges
                0x00000a90       0x30 main.o
 .debug_aranges
                0x00000ac0       0x20 Melexis/Calibration_Parameters.o
 .debug_aranges
                0x00000ae0      0x1c0 Melexis/MLX90393_microchip.o
 .debug_aranges
                0x00000ca0       0x68 Melexis/SensorArray.o
 .debug_aranges
                0x00000d08       0x60 Tactile_Sensor/neural_spikes.o

.debug_ranges   0x00000000      0xe58
 .debug_ranges  0x00000000       0x10 atmel_start.o
 .debug_ranges  0x00000010       0x18 Device_Startup/startup_same54.o
 .debug_ranges  0x00000028       0x68 driver_init.o
 .debug_ranges  0x00000090       0x38 EtherCAT/ethercat_e54.o
 .debug_ranges  0x000000c8       0x28 hal/src/hal_delay.o
 .debug_ranges  0x000000f0       0x78 hal/src/hal_i2c_m_sync.o
 .debug_ranges  0x00000168       0x20 hal/src/hal_io.o
 .debug_ranges  0x00000188       0x80 hal/src/hal_spi_m_dma.o
 .debug_ranges  0x00000208       0x10 hal/utils/src/utils_assert.o
 .debug_ranges  0x00000218       0x70 hpl/core/hpl_core_m4.o
 .debug_ranges  0x00000288       0x10 hpl/core/hpl_init.o
 .debug_ranges  0x00000298       0xf0 hpl/dmac/hpl_dmac.o
 .debug_ranges  0x00000388       0x18 hpl/gclk/hpl_gclk.o
 .debug_ranges  0x000003a0       0x10 hpl/mclk/hpl_mclk.o
 .debug_ranges  0x000003b0       0x10 hpl/osc32kctrl/hpl_osc32kctrl.o
 .debug_ranges  0x000003c0       0x18 hpl/oscctrl/hpl_oscctrl.o
 .debug_ranges  0x000003d8       0x38 hpl/ramecc/hpl_ramecc.o
 .debug_ranges  0x00000410      0x790 hpl/sercom/hpl_sercom.o
 .debug_ranges  0x00000ba0       0x18 hpl/tc/tc_lite.o
 .debug_ranges  0x00000bb8       0x20 main.o
 .debug_ranges  0x00000bd8       0x10 Melexis/Calibration_Parameters.o
 .debug_ranges  0x00000be8      0x1b0 Melexis/MLX90393_microchip.o
 .debug_ranges  0x00000d98       0x58 Melexis/SensorArray.o
 .debug_ranges  0x00000df0       0x68 Tactile_Sensor/neural_spikes.o

.debug_macro    0x00000000    0x34d20
 .debug_macro   0x00000000      0x7a9 atmel_start.o
 .debug_macro   0x000007a9      0x8b0 atmel_start.o
 .debug_macro   0x00001059      0x16d atmel_start.o
 .debug_macro   0x000011c6       0x22 atmel_start.o
 .debug_macro   0x000011e8       0x87 atmel_start.o
 .debug_macro   0x0000126f       0x51 atmel_start.o
 .debug_macro   0x000012c0       0xef atmel_start.o
 .debug_macro   0x000013af       0x6a atmel_start.o
 .debug_macro   0x00001419      0x1df atmel_start.o
 .debug_macro   0x000015f8       0x22 atmel_start.o
 .debug_macro   0x0000161a       0x54 atmel_start.o
 .debug_macro   0x0000166e       0x1c atmel_start.o
 .debug_macro   0x0000168a       0x22 atmel_start.o
 .debug_macro   0x000016ac       0xdf atmel_start.o
 .debug_macro   0x0000178b     0x102d atmel_start.o
 .debug_macro   0x000027b8      0x11f atmel_start.o
 .debug_macro   0x000028d7      0x706 atmel_start.o
 .debug_macro   0x00002fdd      0xb5b atmel_start.o
 .debug_macro   0x00003b38      0x3c0 atmel_start.o
 .debug_macro   0x00003ef8     0x2d61 atmel_start.o
 .debug_macro   0x00006c59      0x336 atmel_start.o
 .debug_macro   0x00006f8f      0x3b7 atmel_start.o
 .debug_macro   0x00007346      0x668 atmel_start.o
 .debug_macro   0x000079ae     0x143f atmel_start.o
 .debug_macro   0x00008ded      0x651 atmel_start.o
 .debug_macro   0x0000943e      0x67b atmel_start.o
 .debug_macro   0x00009ab9      0x6d7 atmel_start.o
 .debug_macro   0x0000a190      0x172 atmel_start.o
 .debug_macro   0x0000a302      0x395 atmel_start.o
 .debug_macro   0x0000a697     0x19dd atmel_start.o
 .debug_macro   0x0000c074       0x3a atmel_start.o
 .debug_macro   0x0000c0ae      0x72a atmel_start.o
 .debug_macro   0x0000c7d8      0xb12 atmel_start.o
 .debug_macro   0x0000d2ea      0x5d7 atmel_start.o
 .debug_macro   0x0000d8c1      0xbc0 atmel_start.o
 .debug_macro   0x0000e481      0x9b9 atmel_start.o
 .debug_macro   0x0000ee3a      0x2a3 atmel_start.o
 .debug_macro   0x0000f0dd      0x8cb atmel_start.o
 .debug_macro   0x0000f9a8      0x1ea atmel_start.o
 .debug_macro   0x0000fb92      0x8f4 atmel_start.o
 .debug_macro   0x00010486      0x216 atmel_start.o
 .debug_macro   0x0001069c      0x3f9 atmel_start.o
 .debug_macro   0x00010a95      0x620 atmel_start.o
 .debug_macro   0x000110b5      0x10d atmel_start.o
 .debug_macro   0x000111c2       0xb8 atmel_start.o
 .debug_macro   0x0001127a     0x1df7 atmel_start.o
 .debug_macro   0x00013071     0x2e69 atmel_start.o
 .debug_macro   0x00015eda     0x11ed atmel_start.o
 .debug_macro   0x000170c7      0x50e atmel_start.o
 .debug_macro   0x000175d5      0x930 atmel_start.o
 .debug_macro   0x00017f05     0x1ad8 atmel_start.o
 .debug_macro   0x000199dd       0xe7 atmel_start.o
 .debug_macro   0x00019ac4     0x13e6 atmel_start.o
 .debug_macro   0x0001aeaa      0x36a atmel_start.o
 .debug_macro   0x0001b214       0x94 atmel_start.o
 .debug_macro   0x0001b2a8       0xdc atmel_start.o
 .debug_macro   0x0001b384       0xe2 atmel_start.o
 .debug_macro   0x0001b466       0xdc atmel_start.o
 .debug_macro   0x0001b542      0x149 atmel_start.o
 .debug_macro   0x0001b68b      0x149 atmel_start.o
 .debug_macro   0x0001b7d4       0x46 atmel_start.o
 .debug_macro   0x0001b81a       0x4c atmel_start.o
 .debug_macro   0x0001b866       0xc4 atmel_start.o
 .debug_macro   0x0001b92a      0x7d5 atmel_start.o
 .debug_macro   0x0001c0ff       0xb8 atmel_start.o
 .debug_macro   0x0001c1b7       0x7c atmel_start.o
 .debug_macro   0x0001c233      0xc20 atmel_start.o
 .debug_macro   0x0001ce53       0x46 atmel_start.o
 .debug_macro   0x0001ce99      0x25b atmel_start.o
 .debug_macro   0x0001d0f4      0x31a atmel_start.o
 .debug_macro   0x0001d40e      0x170 atmel_start.o
 .debug_macro   0x0001d57e       0x7c atmel_start.o
 .debug_macro   0x0001d5fa       0xbe atmel_start.o
 .debug_macro   0x0001d6b8       0x4c atmel_start.o
 .debug_macro   0x0001d704       0x82 atmel_start.o
 .debug_macro   0x0001d786      0x1a3 atmel_start.o
 .debug_macro   0x0001d929       0x46 atmel_start.o
 .debug_macro   0x0001d96f       0x6a atmel_start.o
 .debug_macro   0x0001d9d9       0x46 atmel_start.o
 .debug_macro   0x0001da1f       0x88 atmel_start.o
 .debug_macro   0x0001daa7       0x46 atmel_start.o
 .debug_macro   0x0001daed      0x24e atmel_start.o
 .debug_macro   0x0001dd3b       0x1c atmel_start.o
 .debug_macro   0x0001dd57       0x76 atmel_start.o
 .debug_macro   0x0001ddcd       0x3a atmel_start.o
 .debug_macro   0x0001de07       0x2e atmel_start.o
 .debug_macro   0x0001de35      0x196 atmel_start.o
 .debug_macro   0x0001dfcb      0x16f atmel_start.o
 .debug_macro   0x0001e13a      0x16f atmel_start.o
 .debug_macro   0x0001e2a9      0x25d atmel_start.o
 .debug_macro   0x0001e506      0x25d atmel_start.o
 .debug_macro   0x0001e763      0x25d atmel_start.o
 .debug_macro   0x0001e9c0      0x25d atmel_start.o
 .debug_macro   0x0001ec1d      0x25d atmel_start.o
 .debug_macro   0x0001ee7a      0x25d atmel_start.o
 .debug_macro   0x0001f0d7      0x25d atmel_start.o
 .debug_macro   0x0001f334      0x25d atmel_start.o
 .debug_macro   0x0001f591       0x52 atmel_start.o
 .debug_macro   0x0001f5e3       0xfa atmel_start.o
 .debug_macro   0x0001f6dd       0xfa atmel_start.o
 .debug_macro   0x0001f7d7       0xfa atmel_start.o
 .debug_macro   0x0001f8d1       0xfa atmel_start.o
 .debug_macro   0x0001f9cb       0xfa atmel_start.o
 .debug_macro   0x0001fac5       0xfa atmel_start.o
 .debug_macro   0x0001fbbf       0xfa atmel_start.o
 .debug_macro   0x0001fcb9       0xfa atmel_start.o
 .debug_macro   0x0001fdb3      0x148 atmel_start.o
 .debug_macro   0x0001fefb      0x124 atmel_start.o
 .debug_macro   0x0002001f      0x106 atmel_start.o
 .debug_macro   0x00020125       0xee atmel_start.o
 .debug_macro   0x00020213       0xee atmel_start.o
 .debug_macro   0x00020301       0x2e atmel_start.o
 .debug_macro   0x0002032f      0x46a atmel_start.o
 .debug_macro   0x00020799       0x3a atmel_start.o
 .debug_macro   0x000207d3      0x59f atmel_start.o
 .debug_macro   0x00020d72     0x4ff3 atmel_start.o
 .debug_macro   0x00025d65       0xcf atmel_start.o
 .debug_macro   0x00025e34       0x10 atmel_start.o
 .debug_macro   0x00025e44       0x10 atmel_start.o
 .debug_macro   0x00025e54       0x16 atmel_start.o
 .debug_macro   0x00025e6a       0x16 atmel_start.o
 .debug_macro   0x00025e80       0x16 atmel_start.o
 .debug_macro   0x00025e96       0x16 atmel_start.o
 .debug_macro   0x00025eac       0x16 atmel_start.o
 .debug_macro   0x00025ec2       0x16 atmel_start.o
 .debug_macro   0x00025ed8       0x40 atmel_start.o
 .debug_macro   0x00025f18       0x16 atmel_start.o
 .debug_macro   0x00025f2e       0x16 atmel_start.o
 .debug_macro   0x00025f44       0x16 atmel_start.o
 .debug_macro   0x00025f5a       0x16 atmel_start.o
 .debug_macro   0x00025f70       0x16 atmel_start.o
 .debug_macro   0x00025f86       0x16 atmel_start.o
 .debug_macro   0x00025f9c       0x16 atmel_start.o
 .debug_macro   0x00025fb2       0x16 atmel_start.o
 .debug_macro   0x00025fc8       0x16 atmel_start.o
 .debug_macro   0x00025fde       0x16 atmel_start.o
 .debug_macro   0x00025ff4       0x16 atmel_start.o
 .debug_macro   0x0002600a       0x16 atmel_start.o
 .debug_macro   0x00026020       0x16 atmel_start.o
 .debug_macro   0x00026036       0x16 atmel_start.o
 .debug_macro   0x0002604c       0x16 atmel_start.o
 .debug_macro   0x00026062       0x16 atmel_start.o
 .debug_macro   0x00026078       0x16 atmel_start.o
 .debug_macro   0x0002608e       0x16 atmel_start.o
 .debug_macro   0x000260a4       0x16 atmel_start.o
 .debug_macro   0x000260ba       0x16 atmel_start.o
 .debug_macro   0x000260d0       0x16 atmel_start.o
 .debug_macro   0x000260e6      0xe5c atmel_start.o
 .debug_macro   0x00026f42      0x9b6 atmel_start.o
 .debug_macro   0x000278f8       0x94 atmel_start.o
 .debug_macro   0x0002798c       0x16 atmel_start.o
 .debug_macro   0x000279a2       0xbe atmel_start.o
 .debug_macro   0x00027a60      0x28c atmel_start.o
 .debug_macro   0x00027cec       0x16 atmel_start.o
 .debug_macro   0x00027d02      0x4d8 atmel_start.o
 .debug_macro   0x000281da       0x16 atmel_start.o
 .debug_macro   0x000281f0       0xca atmel_start.o
 .debug_macro   0x000282ba       0x1c atmel_start.o
 .debug_macro   0x000282d6       0x16 atmel_start.o
 .debug_macro   0x000282ec      0x185 atmel_start.o
 .debug_macro   0x00028471       0x8e atmel_start.o
 .debug_macro   0x000284ff       0x70 atmel_start.o
 .debug_macro   0x0002856f       0xc9 atmel_start.o
 .debug_macro   0x00028638       0x10 atmel_start.o
 .debug_macro   0x00028648      0x4b2 Device_Startup/startup_same54.o
 .debug_macro   0x00028afa       0x4e Device_Startup/startup_same54.o
 .debug_macro   0x00028b48      0x7a8 driver_init.o
 .debug_macro   0x000292f0       0x7b driver_init.o
 .debug_macro   0x0002936b      0x7b7 EtherCAT/ethercat_e54.o
 .debug_macro   0x00029b22      0x144 EtherCAT/ethercat_e54.o
 .debug_macro   0x00029c66      0x6bd hal/src/hal_delay.o
 .debug_macro   0x0002a323      0x6c6 hal/src/hal_i2c_m_sync.o
 .debug_macro   0x0002a9e9       0x6a hal/src/hal_i2c_m_sync.o
 .debug_macro   0x0002aa53      0x69b hal/src/hal_io.o
 .debug_macro   0x0002b0ee      0x6f2 hal/src/hal_spi_m_dma.o
 .debug_macro   0x0002b7e0      0x690 hal/utils/src/utils_assert.o
 .debug_macro   0x0002be70       0x10 hal/utils/src/utils_assert.o
 .debug_macro   0x0002be80      0x6c5 hpl/core/hpl_core_m4.o
 .debug_macro   0x0002c545      0x729 hpl/core/hpl_init.o
 .debug_macro   0x0002cc6e       0x2e hpl/core/hpl_init.o
 .debug_macro   0x0002cc9c      0xd7b hpl/core/hpl_init.o
 .debug_macro   0x0002da17      0x6cf hpl/dmac/hpl_dmac.o
 .debug_macro   0x0002e0e6      0x6cc hpl/dmac/hpl_dmac.o
 .debug_macro   0x0002e7b2      0x6ba hpl/dmac/hpl_dmac.o
 .debug_macro   0x0002ee6c      0x69f hpl/gclk/hpl_gclk.o
 .debug_macro   0x0002f50b      0x2f0 hpl/gclk/hpl_gclk.o
 .debug_macro   0x0002f7fb      0x69a hpl/mclk/hpl_mclk.o
 .debug_macro   0x0002fe95      0x695 hpl/osc32kctrl/hpl_osc32kctrl.o
 .debug_macro   0x0003052a       0x80 hpl/osc32kctrl/hpl_osc32kctrl.o
 .debug_macro   0x000305aa      0x69f hpl/oscctrl/hpl_oscctrl.o
 .debug_macro   0x00030c49      0x216 hpl/oscctrl/hpl_oscctrl.o
 .debug_macro   0x00030e5f      0x6b0 hpl/ramecc/hpl_ramecc.o
 .debug_macro   0x0003150f      0x98f hpl/sercom/hpl_sercom.o
 .debug_macro   0x00031e9e      0x177 hpl/sercom/hpl_sercom.o
 .debug_macro   0x00032015       0x1c hpl/sercom/hpl_sercom.o
 .debug_macro   0x00032031       0x22 hpl/sercom/hpl_sercom.o
 .debug_macro   0x00032053       0x10 hpl/sercom/hpl_sercom.o
 .debug_macro   0x00032063      0x695 hpl/tc/tc_lite.o
 .debug_macro   0x000326f8      0x97c main.o
 .debug_macro   0x00033074       0x16 main.o
 .debug_macro   0x0003308a      0x1e1 main.o
 .debug_macro   0x0003326b       0x6d Melexis/Calibration_Parameters.o
 .debug_macro   0x000332d8      0x7a9 Melexis/MLX90393_microchip.o
 .debug_macro   0x00033a81      0x86b Melexis/SensorArray.o
 .debug_macro   0x000342ec      0x95b Tactile_Sensor/neural_spikes.o
 .debug_macro   0x00034c47       0xd9 Tactile_Sensor/neural_spikes.o

.debug_line     0x00000000    0x15d78
 .debug_line    0x00000000      0xd55 atmel_start.o
 .debug_line    0x00000d55      0x8a0 Device_Startup/startup_same54.o
 .debug_line    0x000015f5      0xf1d driver_init.o
 .debug_line    0x00002512      0xee5 EtherCAT/ethercat_e54.o
 .debug_line    0x000033f7      0xc1d hal/src/hal_delay.o
 .debug_line    0x00004014      0xd10 hal/src/hal_i2c_m_sync.o
 .debug_line    0x00004d24      0xc0d hal/src/hal_io.o
 .debug_line    0x00005931      0xd67 hal/src/hal_spi_m_dma.o
 .debug_line    0x00006698      0xbbe hal/utils/src/utils_assert.o
 .debug_line    0x00007256      0xd39 hpl/core/hpl_core_m4.o
 .debug_line    0x00007f8f      0xcd9 hpl/core/hpl_init.o
 .debug_line    0x00008c68      0xf62 hpl/dmac/hpl_dmac.o
 .debug_line    0x00009bca      0xc0b hpl/gclk/hpl_gclk.o
 .debug_line    0x0000a7d5      0xbe1 hpl/mclk/hpl_mclk.o
 .debug_line    0x0000b3b6      0xbf6 hpl/osc32kctrl/hpl_osc32kctrl.o
 .debug_line    0x0000bfac      0xc4b hpl/oscctrl/hpl_oscctrl.o
 .debug_line    0x0000cbf7      0xc84 hpl/ramecc/hpl_ramecc.o
 .debug_line    0x0000d87b     0x2f77 hpl/sercom/hpl_sercom.o
 .debug_line    0x000107f2      0xc8a hpl/tc/tc_lite.o
 .debug_line    0x0001147c     0x101e main.o
 .debug_line    0x0001249a      0x6c6 Melexis/Calibration_Parameters.o
 .debug_line    0x00012b60     0x12b7 Melexis/MLX90393_microchip.o
 .debug_line    0x00013e17      0xf71 Melexis/SensorArray.o
 .debug_line    0x00014d88      0xff0 Tactile_Sensor/neural_spikes.o

.debug_str      0x00000000   0x1223f1
 .debug_str     0x00000000   0x107d91 atmel_start.o
                             0x1082e9 (size before relaxing)
 .debug_str     0x00107d91      0xbfb Device_Startup/startup_same54.o
                              0xf0d1b (size before relaxing)
 .debug_str     0x0010898c     0x1451 driver_init.o
                             0x10981b (size before relaxing)
 .debug_str     0x00109ddd     0x1e60 EtherCAT/ethercat_e54.o
                             0x10ac82 (size before relaxing)
 .debug_str     0x0010bc3d       0x9b hal/src/hal_delay.o
                             0x106738 (size before relaxing)
 .debug_str     0x0010bcd8      0x177 hal/src/hal_i2c_m_sync.o
                             0x106fbf (size before relaxing)
 .debug_str     0x0010be4f       0x2c hal/src/hal_io.o
                             0x106769 (size before relaxing)
 .debug_str     0x0010be7b      0x334 hal/src/hal_spi_m_dma.o
                             0x107214 (size before relaxing)
 .debug_str     0x0010c1af       0x2a hal/utils/src/utils_assert.o
                             0x1066de (size before relaxing)
 .debug_str     0x0010c1d9      0x129 hpl/core/hpl_core_m4.o
                             0x107863 (size before relaxing)
 .debug_str     0x0010c302     0x3114 hpl/core/hpl_init.o
                             0x10aeb1 (size before relaxing)
 .debug_str     0x0010f416     0x6088 hpl/dmac/hpl_dmac.o
                             0x110ad8 (size before relaxing)
 .debug_str     0x0011549e      0xbf4 hpl/gclk/hpl_gclk.o
                             0x107409 (size before relaxing)
 .debug_str     0x00116092       0x47 hpl/mclk/hpl_mclk.o
                             0x106d87 (size before relaxing)
 .debug_str     0x001160d9      0x45d hpl/osc32kctrl/hpl_osc32kctrl.o
                             0x106b36 (size before relaxing)
 .debug_str     0x00116536      0xbe8 hpl/oscctrl/hpl_oscctrl.o
                             0x107e8a (size before relaxing)
 .debug_str     0x0011711e      0x25d hpl/ramecc/hpl_ramecc.o
                             0x107614 (size before relaxing)
 .debug_str     0x0011737b     0x54b4 hpl/sercom/hpl_sercom.o
                             0x10db50 (size before relaxing)
 .debug_str     0x0011c82f      0x1ac hpl/tc/tc_lite.o
                             0x106c35 (size before relaxing)
 .debug_str     0x0011c9db     0x4edc main.o
                             0x10e879 (size before relaxing)
 .debug_str     0x001218b7       0x31 Melexis/Calibration_Parameters.o
                               0x359a (size before relaxing)
 .debug_str     0x001218e8      0x7ca Melexis/MLX90393_microchip.o
                             0x108c3e (size before relaxing)
 .debug_str     0x001220b2      0x1c1 Melexis/SensorArray.o
                             0x10c0b6 (size before relaxing)
 .debug_str     0x00122273      0x17e Tactile_Sensor/neural_spikes.o
                             0x10ce88 (size before relaxing)

.debug_frame    0x00000000     0x2a90
 .debug_frame   0x00000000       0x28 atmel_start.o
 .debug_frame   0x00000028       0x38 Device_Startup/startup_same54.o
 .debug_frame   0x00000060       0xf0 driver_init.o
 .debug_frame   0x00000150       0xb4 EtherCAT/ethercat_e54.o
 .debug_frame   0x00000204       0x68 hal/src/hal_delay.o
 .debug_frame   0x0000026c      0x174 hal/src/hal_i2c_m_sync.o
 .debug_frame   0x000003e0       0x58 hal/src/hal_io.o
 .debug_frame   0x00000438      0x1a0 hal/src/hal_spi_m_dma.o
 .debug_frame   0x000005d8       0x20 hal/utils/src/utils_assert.o
 .debug_frame   0x000005f8       0xec hpl/core/hpl_core_m4.o
 .debug_frame   0x000006e4       0x28 hpl/core/hpl_init.o
 .debug_frame   0x0000070c      0x194 hpl/dmac/hpl_dmac.o
 .debug_frame   0x000008a0       0x30 hpl/gclk/hpl_gclk.o
 .debug_frame   0x000008d0       0x20 hpl/mclk/hpl_mclk.o
 .debug_frame   0x000008f0       0x20 hpl/osc32kctrl/hpl_osc32kctrl.o
 .debug_frame   0x00000910       0x30 hpl/oscctrl/hpl_oscctrl.o
 .debug_frame   0x00000940       0x4c hpl/ramecc/hpl_ramecc.o
 .debug_frame   0x0000098c     0x1120 hpl/sercom/hpl_sercom.o
 .debug_frame   0x00001aac       0x30 hpl/tc/tc_lite.o
 .debug_frame   0x00001adc       0x60 main.o
 .debug_frame   0x00001b3c       0x44 Melexis/Calibration_Parameters.o
 .debug_frame   0x00001b80      0x6ac Melexis/MLX90393_microchip.o
 .debug_frame   0x0000222c      0x1ac Melexis/SensorArray.o
 .debug_frame   0x000023d8      0x11c Tactile_Sensor/neural_spikes.o
 .debug_frame   0x000024f4       0x48 c:/program files (x86)/atmel/studio/7.0/toolchain/arm/arm-gnu-toolchain/bin/../lib/gcc/arm-none-eabi/6.3.1/../../../../arm-none-eabi/lib/thumb/v7e-m\libm.a(lib_a-w_pow.o)
 .debug_frame   0x0000253c       0x44 c:/program files (x86)/atmel/studio/7.0/toolchain/arm/arm-gnu-toolchain/bin/../lib/gcc/arm-none-eabi/6.3.1/../../../../arm-none-eabi/lib/thumb/v7e-m\libm.a(lib_a-w_sqrt.o)
 .debug_frame   0x00002580       0x64 c:/program files (x86)/atmel/studio/7.0/toolchain/arm/arm-gnu-toolchain/bin/../lib/gcc/arm-none-eabi/6.3.1/../../../../arm-none-eabi/lib/thumb/v7e-m\libm.a(lib_a-e_pow.o)
 .debug_frame   0x000025e4       0x34 c:/program files (x86)/atmel/studio/7.0/toolchain/arm/arm-gnu-toolchain/bin/../lib/gcc/arm-none-eabi/6.3.1/../../../../arm-none-eabi/lib/thumb/v7e-m\libm.a(lib_a-e_sqrt.o)
 .debug_frame   0x00002618       0x20 c:/program files (x86)/atmel/studio/7.0/toolchain/arm/arm-gnu-toolchain/bin/../lib/gcc/arm-none-eabi/6.3.1/../../../../arm-none-eabi/lib/thumb/v7e-m\libm.a(lib_a-s_fabs.o)
 .debug_frame   0x00002638       0x20 c:/program files (x86)/atmel/studio/7.0/toolchain/arm/arm-gnu-toolchain/bin/../lib/gcc/arm-none-eabi/6.3.1/../../../../arm-none-eabi/lib/thumb/v7e-m\libm.a(lib_a-s_finite.o)
 .debug_frame   0x00002658       0x20 c:/program files (x86)/atmel/studio/7.0/toolchain/arm/arm-gnu-toolchain/bin/../lib/gcc/arm-none-eabi/6.3.1/../../../../arm-none-eabi/lib/thumb/v7e-m\libm.a(lib_a-s_matherr.o)
 .debug_frame   0x00002678       0x20 c:/program files (x86)/atmel/studio/7.0/toolchain/arm/arm-gnu-toolchain/bin/../lib/gcc/arm-none-eabi/6.3.1/../../../../arm-none-eabi/lib/thumb/v7e-m\libm.a(lib_a-s_nan.o)
 .debug_frame   0x00002698       0x3c c:/program files (x86)/atmel/studio/7.0/toolchain/arm/arm-gnu-toolchain/bin/../lib/gcc/arm-none-eabi/6.3.1/../../../../arm-none-eabi/lib/thumb/v7e-m\libm.a(lib_a-s_rint.o)
 .debug_frame   0x000026d4       0x30 c:/program files (x86)/atmel/studio/7.0/toolchain/arm/arm-gnu-toolchain/bin/../lib/gcc/arm-none-eabi/6.3.1/../../../../arm-none-eabi/lib/thumb/v7e-m\libm.a(lib_a-s_scalbn.o)
 .debug_frame   0x00002704       0x20 c:/program files (x86)/atmel/studio/7.0/toolchain/arm/arm-gnu-toolchain/bin/../lib/gcc/arm-none-eabi/6.3.1/../../../../arm-none-eabi/lib/thumb/v7e-m\libm.a(lib_a-s_copysign.o)
 .debug_frame   0x00002724       0xac c:/program files (x86)/atmel/studio/7.0/toolchain/arm/arm-gnu-toolchain/bin/../lib/gcc/arm-none-eabi/6.3.1/thumb/v7e-m\libgcc.a(_arm_addsubdf3.o)
 .debug_frame   0x000027d0       0x50 c:/program files (x86)/atmel/studio/7.0/toolchain/arm/arm-gnu-toolchain/bin/../lib/gcc/arm-none-eabi/6.3.1/thumb/v7e-m\libgcc.a(_arm_muldivdf3.o)
 .debug_frame   0x00002820       0xc4 c:/program files (x86)/atmel/studio/7.0/toolchain/arm/arm-gnu-toolchain/bin/../lib/gcc/arm-none-eabi/6.3.1/thumb/v7e-m\libgcc.a(_arm_cmpdf2.o)
 .debug_frame   0x000028e4       0x20 c:/program files (x86)/atmel/studio/7.0/toolchain/arm/arm-gnu-toolchain/bin/../lib/gcc/arm-none-eabi/6.3.1/thumb/v7e-m\libgcc.a(_arm_unorddf2.o)
 .debug_frame   0x00002904       0x24 c:/program files (x86)/atmel/studio/7.0/toolchain/arm/arm-gnu-toolchain/bin/../lib/gcc/arm-none-eabi/6.3.1/thumb/v7e-m\libgcc.a(_arm_truncdfsf2.o)
 .debug_frame   0x00002928       0x20 c:/program files (x86)/atmel/studio/7.0/toolchain/arm/arm-gnu-toolchain/bin/../lib/gcc/arm-none-eabi/6.3.1/../../../../arm-none-eabi/lib/thumb/v7e-m\libc_nano.a(lib_a-errno.o)
 .debug_frame   0x00002948       0x2c c:/program files (x86)/atmel/studio/7.0/toolchain/arm/arm-gnu-toolchain/bin/../lib/gcc/arm-none-eabi/6.3.1/../../../../arm-none-eabi/lib/thumb/v7e-m\libc_nano.a(lib_a-init.o)
 .debug_frame   0x00002974      0x11c c:/program files (x86)/atmel/studio/7.0/toolchain/arm/arm-gnu-toolchain/bin/../lib/gcc/arm-none-eabi/6.3.1/../../../../arm-none-eabi/lib/thumb/v7e-m\libc_nano.a(lib_a-findfp.o)
