Archive member included to satisfy reference by file (symbol)

c:/program files (x86)/atmel/studio/7.0/toolchain/arm/arm-gnu-toolchain/bin/../lib/gcc/arm-none-eabi/6.3.1/thumb/v7e-m\libgcc.a(_arm_addsubdf3.o)
                              hpl/sercom/hpl_sercom.o (__aeabi_dsub)
c:/program files (x86)/atmel/studio/7.0/toolchain/arm/arm-gnu-toolchain/bin/../lib/gcc/arm-none-eabi/6.3.1/thumb/v7e-m\libgcc.a(_arm_muldivdf3.o)
                              hpl/sercom/hpl_sercom.o (__aeabi_dmul)
c:/program files (x86)/atmel/studio/7.0/toolchain/arm/arm-gnu-toolchain/bin/../lib/gcc/arm-none-eabi/6.3.1/thumb/v7e-m\libgcc.a(_arm_fixunsdfsi.o)
                              hpl/sercom/hpl_sercom.o (__aeabi_d2uiz)
c:/program files (x86)/atmel/studio/7.0/toolchain/arm/arm-gnu-toolchain/bin/../lib/gcc/arm-none-eabi/6.3.1/thumb/v7e-m\libgcc.a(_aeabi_uldivmod.o)
                              hpl/sercom/hpl_sercom.o (__aeabi_uldivmod)
c:/program files (x86)/atmel/studio/7.0/toolchain/arm/arm-gnu-toolchain/bin/../lib/gcc/arm-none-eabi/6.3.1/thumb/v7e-m\libgcc.a(_udivmoddi4.o)
                              c:/program files (x86)/atmel/studio/7.0/toolchain/arm/arm-gnu-toolchain/bin/../lib/gcc/arm-none-eabi/6.3.1/thumb/v7e-m\libgcc.a(_aeabi_uldivmod.o) (__udivmoddi4)
c:/program files (x86)/atmel/studio/7.0/toolchain/arm/arm-gnu-toolchain/bin/../lib/gcc/arm-none-eabi/6.3.1/thumb/v7e-m\libgcc.a(_dvmd_tls.o)
                              c:/program files (x86)/atmel/studio/7.0/toolchain/arm/arm-gnu-toolchain/bin/../lib/gcc/arm-none-eabi/6.3.1/thumb/v7e-m\libgcc.a(_aeabi_uldivmod.o) (__aeabi_ldiv0)
c:/program files (x86)/atmel/studio/7.0/toolchain/arm/arm-gnu-toolchain/bin/../lib/gcc/arm-none-eabi/6.3.1/../../../../arm-none-eabi/lib/thumb/v7e-m\libc.a(lib_a-exit.o)
                              c:/program files (x86)/atmel/studio/7.0/toolchain/arm/arm-gnu-toolchain/bin/../lib/gcc/arm-none-eabi/6.3.1/../../../../arm-none-eabi/lib/thumb/v7e-m/crt0.o (exit)
c:/program files (x86)/atmel/studio/7.0/toolchain/arm/arm-gnu-toolchain/bin/../lib/gcc/arm-none-eabi/6.3.1/../../../../arm-none-eabi/lib/thumb/v7e-m\libc.a(lib_a-impure.o)
                              c:/program files (x86)/atmel/studio/7.0/toolchain/arm/arm-gnu-toolchain/bin/../lib/gcc/arm-none-eabi/6.3.1/../../../../arm-none-eabi/lib/thumb/v7e-m\libc.a(lib_a-exit.o) (_global_impure_ptr)
c:/program files (x86)/atmel/studio/7.0/toolchain/arm/arm-gnu-toolchain/bin/../lib/gcc/arm-none-eabi/6.3.1/../../../../arm-none-eabi/lib/thumb/v7e-m\libc.a(lib_a-init.o)
                              c:/program files (x86)/atmel/studio/7.0/toolchain/arm/arm-gnu-toolchain/bin/../lib/gcc/arm-none-eabi/6.3.1/../../../../arm-none-eabi/lib/thumb/v7e-m/crt0.o (__libc_init_array)
c:/program files (x86)/atmel/studio/7.0/toolchain/arm/arm-gnu-toolchain/bin/../lib/gcc/arm-none-eabi/6.3.1/../../../../arm-none-eabi/lib/thumb/v7e-m\libc.a(lib_a-memset.o)
                              c:/program files (x86)/atmel/studio/7.0/toolchain/arm/arm-gnu-toolchain/bin/../lib/gcc/arm-none-eabi/6.3.1/../../../../arm-none-eabi/lib/thumb/v7e-m/crt0.o (memset)
c:/program files (x86)/atmel/studio/7.0/toolchain/arm/arm-gnu-toolchain/bin/../lib/gcc/arm-none-eabi/6.3.1/../../../../arm-none-eabi/lib/thumb/v7e-m\libc.a(lib_a-printf.o)
                              hal/utils/src/utils_syscalls.o (printf)
c:/program files (x86)/atmel/studio/7.0/toolchain/arm/arm-gnu-toolchain/bin/../lib/gcc/arm-none-eabi/6.3.1/../../../../arm-none-eabi/lib/thumb/v7e-m\libc.a(lib_a-sprintf.o)
                              main.o (sprintf)
c:/program files (x86)/atmel/studio/7.0/toolchain/arm/arm-gnu-toolchain/bin/../lib/gcc/arm-none-eabi/6.3.1/../../../../arm-none-eabi/lib/thumb/v7e-m\libc.a(lib_a-strlen.o)
                              main.o (strlen)
c:/program files (x86)/atmel/studio/7.0/toolchain/arm/arm-gnu-toolchain/bin/../lib/gcc/arm-none-eabi/6.3.1/../../../../arm-none-eabi/lib/thumb/v7e-m\libc.a(lib_a-svfprintf.o)
                              c:/program files (x86)/atmel/studio/7.0/toolchain/arm/arm-gnu-toolchain/bin/../lib/gcc/arm-none-eabi/6.3.1/../../../../arm-none-eabi/lib/thumb/v7e-m\libc.a(lib_a-sprintf.o) (_svfprintf_r)
c:/program files (x86)/atmel/studio/7.0/toolchain/arm/arm-gnu-toolchain/bin/../lib/gcc/arm-none-eabi/6.3.1/../../../../arm-none-eabi/lib/thumb/v7e-m\libc.a(lib_a-vfprintf.o)
                              c:/program files (x86)/atmel/studio/7.0/toolchain/arm/arm-gnu-toolchain/bin/../lib/gcc/arm-none-eabi/6.3.1/../../../../arm-none-eabi/lib/thumb/v7e-m\libc.a(lib_a-printf.o) (_vfprintf_r)
c:/program files (x86)/atmel/studio/7.0/toolchain/arm/arm-gnu-toolchain/bin/../lib/gcc/arm-none-eabi/6.3.1/../../../../arm-none-eabi/lib/thumb/v7e-m\libc.a(lib_a-wsetup.o)
                              c:/program files (x86)/atmel/studio/7.0/toolchain/arm/arm-gnu-toolchain/bin/../lib/gcc/arm-none-eabi/6.3.1/../../../../arm-none-eabi/lib/thumb/v7e-m\libc.a(lib_a-vfprintf.o) (__swsetup_r)
[...]
Memory Configuration

Name             Origin             Length             Attributes
rom              0x00000000         0x00100000         xr
ram              0x20000000         0x00040000         xrw
bkupram          0x47000000         0x00002000         xrw
qspi             0x04000000         0x01000000         xrw
*default*        0x00000000         0xffffffff

Linker script and memory map

LOAD c:/program files (x86)/atmel/studio/7.0/toolchain/arm/arm-gnu-toolchain/bin/../lib/gcc/arm-none-eabi/6.3.1/thumb/v7e-m/crti.o
LOAD c:/program files (x86)/atmel/studio/7.0/toolchain/arm/arm-gnu-toolchain/bin/../lib/gcc/arm-none-eabi/6.3.1/thumb/v7e-m/crtbegin.o
LOAD c:/program files (x86)/atmel/studio/7.0/toolchain/arm/arm-gnu-toolchain/bin/../lib/gcc/arm-none-eabi/6.3.1/../../../../arm-none-eabi/lib/thumb/v7e-m/crt0.o
LOAD atmel_start.o
LOAD Device_Startup/startup_same54.o
LOAD Device_Startup/system_same54.o
LOAD driver_init.o
LOAD examples/driver_examples.o
LOAD hal/src/hal_atomic.o
LOAD hal/src/hal_cache.o
LOAD hal/src/hal_delay.o
LOAD hal/src/hal_gpio.o
LOAD hal/src/hal_i2c_m_sync.o
LOAD hal/src/hal_init.o
LOAD hal/src/hal_io.o
LOAD hal/src/hal_sleep.o
LOAD hal/src/hal_timer.o
LOAD hal/src/hal_usart_sync.o
LOAD hal/utils/src/utils_assert.o
LOAD hal/utils/src/utils_event.o
LOAD hal/utils/src/utils_list.o
LOAD hal/utils/src/utils_syscalls.o
LOAD hpl/cmcc/hpl_cmcc.o
LOAD hpl/core/hpl_core_m4.o
LOAD hpl/core/hpl_init.o
LOAD hpl/dmac/hpl_dmac.o
LOAD hpl/gclk/hpl_gclk.o
LOAD hpl/mclk/hpl_mclk.o
LOAD hpl/osc32kctrl/hpl_osc32kctrl.o
LOAD hpl/oscctrl/hpl_oscctrl.o
LOAD hpl/pm/hpl_pm.o
LOAD hpl/ramecc/hpl_ramecc.o
LOAD hpl/sercom/hpl_sercom.o
LOAD hpl/systick/hpl_systick.o
LOAD hpl/tc/hpl_tc.o
LOAD main.o
LOAD Melexis/MLX90393_microchip.o
LOAD Melexis/SensorArray.o
START GROUP
LOAD c:/program files (x86)/atmel/studio/7.0/toolchain/arm/arm-gnu-toolchain/bin/../lib/gcc/arm-none-eabi/6.3.1/../../../../arm-none-eabi/lib/thumb/v7e-m\libm.a
END GROUP
START GROUP
LOAD c:/program files (x86)/atmel/studio/7.0/toolchain/arm/arm-gnu-toolchain/bin/../lib/gcc/arm-none-eabi/6.3.1/thumb/v7e-m\libgcc.a
LOAD c:/program files (x86)/atmel/studio/7.0/toolchain/arm/arm-gnu-toolchain/bin/../lib/gcc/arm-none-eabi/6.3.1/../../../../arm-none-eabi/lib/thumb/v7e-m\libc.a
END GROUP
LOAD c:/program files (x86)/atmel/studio/7.0/toolchain/arm/arm-gnu-toolchain/bin/../lib/gcc/arm-none-eabi/6.3.1/thumb/v7e-m/crtend.o
LOAD c:/program files (x86)/atmel/studio/7.0/toolchain/arm/arm-gnu-toolchain/bin/../lib/gcc/arm-none-eabi/6.3.1/thumb/v7e-m/crtn.o
                0x00010000                STACK_SIZE = DEFINED (STACK_SIZE)?STACK_SIZE:DEFINED (__stack_size__)?__stack_size__:0x10000

.text           0x00000000     0xa54c
                0x00000000                . = ALIGN (0x4)
                0x00000000                _sfixed = .
 *(.vectors .vectors.*)
 .vectors       0x00000000      0x264 Device_Startup/startup_same54.o
                0x00000000                exception_table
 *(.text .text.* .gnu.linkonce.t.*)
 .text          0x00000264       0x6c c:/program files (x86)/atmel/studio/7.0/toolchain/arm/arm-gnu-toolchain/bin/../lib/gcc/arm-none-eabi/6.3.1/thumb/v7e-m/crtbegin.o
 .text.atmel_start_init
                0x000002d0       0x10 atmel_start.o
                0x000002d0                atmel_start_init
 .text.Reset_Handler
                0x000002e0       0x9c Device_Startup/startup_same54.o
                0x000002e0                Reset_Handler
 .text.Dummy_Handler
                0x0000037c        0x6 Device_Startup/startup_same54.o
                0x0000037c                EIC_5_Handler
                0x0000037c                SVCall_Handler
                0x0000037c                SERCOM0_2_Handler
                0x0000037c                EIC_13_Handler
                0x0000037c                EVSYS_0_Handler
                0x0000037c                TCC1_3_Handler
                0x0000037c                DAC_3_Handler
                0x0000037c                TRNG_Handler
                0x0000037c                HardFault_Handler
                0x0000037c                TC2_Handler
                0x0000037c                PDEC_2_Handler
                0x0000037c                EIC_4_Handler
                0x0000037c                AC_Handler
                0x0000037c                SERCOM3_1_Handler
                0x0000037c                TCC2_3_Handler
                0x0000037c                SysTick_Handler
                0x0000037c                SERCOM3_2_Handler
                0x0000037c                PendSV_Handler
                0x0000037c                TC7_Handler
                0x0000037c                ADC1_1_Handler
                0x0000037c                EVSYS_3_Handler
                0x0000037c                PDEC_0_Handler
                0x0000037c                QSPI_Handler
                0x0000037c                NonMaskableInt_Handler
                0x0000037c                TCC0_0_Handler
                0x0000037c                EIC_3_Handler
                0x0000037c                MemManagement_Handler
                0x0000037c                DAC_2_Handler
                0x0000037c                SERCOM0_0_Handler
                0x0000037c                RTC_Handler
                0x0000037c                UsageFault_Handler
                0x0000037c                SERCOM4_0_Handler
                0x0000037c                EIC_10_Handler
                0x0000037c                SERCOM0_3_Handler
                0x0000037c                EIC_11_Handler
                0x0000037c                EIC_9_Handler
                0x0000037c                OSC32KCTRL_Handler
                0x0000037c                TCC2_1_Handler
                0x0000037c                SUPC_1_Handler
                0x0000037c                TCC0_5_Handler
                0x0000037c                TCC0_6_Handler
                0x0000037c                SERCOM6_2_Handler
                0x0000037c                EVSYS_1_Handler
                0x0000037c                TCC1_4_Handler
                0x0000037c                TC6_Handler
                0x0000037c                DMAC_0_Handler
                0x0000037c                WDT_Handler
                0x0000037c                CAN0_Handler
                0x0000037c                EIC_8_Handler
                0x0000037c                EIC_15_Handler
                0x0000037c                SERCOM6_0_Handler
                0x0000037c                SERCOM5_0_Handler
                0x0000037c                TC4_Handler
                0x0000037c                TC1_Handler
                0x0000037c                OSCCTRL_4_Handler
                0x0000037c                SERCOM4_3_Handler
                0x0000037c                EIC_12_Handler
                0x0000037c                DMAC_4_Handler
                0x0000037c                TCC4_2_Handler
                0x0000037c                PAC_Handler
                0x0000037c                TCC1_0_Handler
                0x0000037c                USB_0_Handler
                0x0000037c                OSCCTRL_0_Handler
                0x0000037c                EIC_0_Handler
                0x0000037c                OSCCTRL_3_Handler
                0x0000037c                SERCOM4_1_Handler
                0x0000037c                Dummy_Handler
                0x0000037c                TCC3_0_Handler
                0x0000037c                TCC2_2_Handler
                0x0000037c                SERCOM5_1_Handler
                0x0000037c                TCC1_1_Handler
                0x0000037c                DMAC_2_Handler
                0x0000037c                ADC0_0_Handler
                0x0000037c                SERCOM0_1_Handler
                0x0000037c                OSCCTRL_2_Handler
                0x0000037c                ADC1_0_Handler
                0x0000037c                TCC1_2_Handler
                0x0000037c                SERCOM7_1_Handler
                0x0000037c                USB_1_Handler
                0x0000037c                PM_Handler
                0x0000037c                SERCOM6_3_Handler
                0x0000037c                SERCOM2_3_Handler
                0x0000037c                DAC_4_Handler
                0x0000037c                TCC3_2_Handler
                0x0000037c                SERCOM7_0_Handler
                0x0000037c                TCC0_2_Handler
                0x0000037c                DMAC_1_Handler
                0x0000037c                TCC4_0_Handler
                0x0000037c                SERCOM7_3_Handler
                0x0000037c                GMAC_Handler
                0x0000037c                SDHC1_Handler
                0x0000037c                USB_3_Handler
                0x0000037c                CAN1_Handler
                0x0000037c                SERCOM7_2_Handler
                0x0000037c                TCC2_0_Handler
                0x0000037c                PDEC_1_Handler
                0x0000037c                TCC4_1_Handler
                0x0000037c                SERCOM5_3_Handler
                0x0000037c                USB_2_Handler
                0x0000037c                SERCOM6_1_Handler
                0x0000037c                SDHC0_Handler
                0x0000037c                SERCOM1_1_Handler
                0x0000037c                I2S_Handler
                0x0000037c                EIC_2_Handler
                0x0000037c                PCC_Handler
                0x0000037c                DAC_0_Handler
                0x0000037c                TCC0_1_Handler
                0x0000037c                SERCOM1_3_Handler
                0x0000037c                EIC_6_Handler
                0x0000037c                OSCCTRL_1_Handler
                0x0000037c                SERCOM1_0_Handler
                0x0000037c                PUKCC_Handler
                0x0000037c                SERCOM2_1_Handler
                0x0000037c                SERCOM1_2_Handler
                0x0000037c                SERCOM3_0_Handler
                0x0000037c                EIC_1_Handler
                0x0000037c                SERCOM4_2_Handler
                0x0000037c                EVSYS_4_Handler
                0x0000037c                EIC_7_Handler
                0x0000037c                NVMCTRL_1_Handler
                0x0000037c                SERCOM5_2_Handler
                0x0000037c                ADC0_1_Handler
                0x0000037c                SERCOM3_3_Handler
                0x0000037c                SERCOM2_2_Handler
                0x0000037c                TCC3_1_Handler
                0x0000037c                EIC_14_Handler
                0x0000037c                DAC_1_Handler
                0x0000037c                NVMCTRL_0_Handler
                0x0000037c                MCLK_Handler
                0x0000037c                EVSYS_2_Handler
                0x0000037c                SUPC_0_Handler
                0x0000037c                BusFault_Handler
                0x0000037c                FREQM_Handler
                0x0000037c                TC0_Handler
                0x0000037c                TCC0_3_Handler
                0x0000037c                DMAC_3_Handler
                0x0000037c                DebugMonitor_Handler
                0x0000037c                TCC0_4_Handler
                0x0000037c                TC5_Handler
                0x0000037c                SERCOM2_0_Handler
                0x0000037c                ICM_Handler
                0x0000037c                AES_Handler
 .text.hri_gclk_write_PCHCTRL_reg
                0x00000382       0x26 driver_init.o
 .text.hri_mclk_set_APBBMASK_SERCOM2_bit
                0x000003a8       0x20 driver_init.o
 .text.hri_mclk_set_APBBMASK_SERCOM3_bit
                0x000003c8       0x20 driver_init.o
 .text.hri_mclk_set_APBBMASK_TC3_bit
                0x000003e8       0x20 driver_init.o
 .text.hri_port_set_DIR_reg
                0x00000408       0x28 driver_init.o
 .text.hri_port_clear_DIR_reg
                0x00000430       0x28 driver_init.o
 .text.hri_port_set_OUT_reg
                0x00000458       0x28 driver_init.o
 .text.hri_port_clear_OUT_reg
                0x00000480       0x28 driver_init.o
 .text.hri_port_write_PMUX_PMUXE_bf
                0x000004a8       0x60 driver_init.o
 .text.hri_port_write_PMUX_PMUXO_bf
                0x00000508       0x5e driver_init.o
 .text.hri_port_write_PINCFG_PMUXEN_bit
                0x00000566       0x5a driver_init.o
 .text.hri_port_set_PINCFG_PULLEN_bit
                0x000005c0       0x44 driver_init.o
 .text.hri_port_clear_PINCFG_PULLEN_bit
                0x00000604       0x44 driver_init.o
 .text.hri_port_write_WRCONFIG_reg
                0x00000648       0x28 driver_init.o
 .text._gpio_set_direction
                0x00000670       0xe8 driver_init.o
 .text._gpio_set_level
                0x00000758       0x44 driver_init.o
 .text._gpio_set_pin_pull_mode
                0x0000079c       0xc0 driver_init.o
 .text._gpio_set_pin_function
                0x0000085c       0x84 driver_init.o
 .text.gpio_set_pin_pull_mode
                0x000008e0       0x34 driver_init.o
 .text.gpio_set_pin_function
                0x00000914       0x20 driver_init.o
 .text.gpio_set_pin_direction
                0x00000934       0x38 driver_init.o
 .text.gpio_set_pin_level
                0x0000096c       0x38 driver_init.o
 .text.init_mcu
                0x000009a4       0x10 driver_init.o
 .text.USART_0_PORT_init
                0x000009b4       0x24 driver_init.o
                0x000009b4                USART_0_PORT_init
 .text.USART_0_CLOCK_init
                0x000009d8       0x34 driver_init.o
                0x000009d8                USART_0_CLOCK_init
 .text.USART_0_init
                0x00000a0c       0x30 driver_init.o
                0x00000a0c                USART_0_init
 .text.I2C_0_PORT_init
                0x00000a3c       0x38 driver_init.o
                0x00000a3c                I2C_0_PORT_init
 .text.I2C_0_CLOCK_init
                0x00000a74       0x34 driver_init.o
                0x00000a74                I2C_0_CLOCK_init
 .text.I2C_0_init
                0x00000aa8       0x2c driver_init.o
                0x00000aa8                I2C_0_init
 .text.delay_driver_init
                0x00000ad4       0x18 driver_init.o
                0x00000ad4                delay_driver_init
 .text.TIMER_0_init
                0x00000aec       0x48 driver_init.o
 .text.system_init
                0x00000b34       0x7c driver_init.o
                0x00000b34                system_init
 .text.atomic_enter_critical
                0x00000bb0       0x26 hal/src/hal_atomic.o
                0x00000bb0                atomic_enter_critical
 .text.atomic_leave_critical
                0x00000bd6       0x24 hal/src/hal_atomic.o
                0x00000bd6                atomic_leave_critical
 *fill*         0x00000bfa        0x2 
 .text.delay_init
                0x00000bfc       0x28 hal/src/hal_delay.o
                0x00000bfc                delay_init
 .text.delay_us
                0x00000c24       0x34 hal/src/hal_delay.o
                0x00000c24                delay_us
 .text.delay_ms
                0x00000c58       0x34 hal/src/hal_delay.o
                0x00000c58                delay_ms
 .text.i2c_m_sync_read
                0x00000c8c       0x50 hal/src/hal_i2c_m_sync.o
 .text.i2c_m_sync_write
                0x00000cdc       0x50 hal/src/hal_i2c_m_sync.o
 .text.i2c_m_sync_init
                0x00000d2c       0x60 hal/src/hal_i2c_m_sync.o
                0x00000d2c                i2c_m_sync_init
 .text.i2c_m_sync_enable
                0x00000d8c       0x20 hal/src/hal_i2c_m_sync.o
                0x00000d8c                i2c_m_sync_enable
 .text.i2c_m_sync_set_slaveaddr
                0x00000dac       0x3a hal/src/hal_i2c_m_sync.o
                0x00000dac                i2c_m_sync_set_slaveaddr
 .text.i2c_m_sync_get_io_descriptor
                0x00000de6       0x22 hal/src/hal_i2c_m_sync.o
                0x00000de6                i2c_m_sync_get_io_descriptor
 .text.io_write
                0x00000e08       0x50 hal/src/hal_io.o
                0x00000e08                io_write
 .text.io_read  0x00000e58       0x50 hal/src/hal_io.o
                0x00000e58                io_read
 .text.list_get_head
                0x00000ea8       0x18 hal/src/hal_timer.o
 .text.list_get_next_element
                0x00000ec0       0x22 hal/src/hal_timer.o
 *fill*         0x00000ee2        0x2 
 .text.timer_init
                0x00000ee4       0x60 hal/src/hal_timer.o
                0x00000ee4                timer_init
 .text.timer_start
                0x00000f44       0x54 hal/src/hal_timer.o
                0x00000f44                timer_start
 .text.timer_stop
                0x00000f98       0x5c hal/src/hal_timer.o
                0x00000f98                timer_stop
 .text.timer_add_task
                0x00000ff4       0xf8 hal/src/hal_timer.o
                0x00000ff4                timer_add_task
 .text.timer_add_timer_task
                0x000010ec       0xb0 hal/src/hal_timer.o
 .text.timer_process_counted
                0x0000119c       0xbc hal/src/hal_timer.o
 .text.usart_sync_init
                0x00001258       0x70 hal/src/hal_usart_sync.o
                0x00001258                usart_sync_init
 .text.usart_sync_enable
                0x000012c8       0x40 hal/src/hal_usart_sync.o
                0x000012c8                usart_sync_enable
 .text.usart_sync_get_io_descriptor
                0x00001308       0x44 hal/src/hal_usart_sync.o
                0x00001308                usart_sync_get_io_descriptor
 .text.usart_sync_write
                0x0000134c       0xc8 hal/src/hal_usart_sync.o
 .text.usart_sync_read
                0x00001414       0x94 hal/src/hal_usart_sync.o
 .text.assert   0x000014a8       0x28 hal/utils/src/utils_assert.o
                0x000014a8                assert
 .text.is_list_element
                0x000014d0       0x38 hal/utils/src/utils_list.o
                0x000014d0                is_list_element
 .text.list_insert_as_head
                0x00001508       0x58 hal/utils/src/utils_list.o
                0x00001508                list_insert_as_head
 .text.list_insert_after
                0x00001560       0x24 hal/utils/src/utils_list.o
                0x00001560                list_insert_after
 .text.list_remove_head
                0x00001584       0x32 hal/utils/src/utils_list.o
                0x00001584                list_remove_head
 *fill*         0x000015b6        0x2 
 .text._sbrk    0x000015b8       0x40 hal/utils/src/utils_syscalls.o
                0x000015b8                _sbrk
 .text.__NVIC_SetPendingIRQ
                0x000015f8       0x3c hpl/core/hpl_core_m4.o
 .text._irq_set
                0x00001634       0x20 hpl/core/hpl_core_m4.o
                0x00001634                _irq_set
 .text._get_cycles_for_us_internal
                0x00001654      0x11c hpl/core/hpl_core_m4.o
 .text._get_cycles_for_us
                0x00001770       0x28 hpl/core/hpl_core_m4.o
                0x00001770                _get_cycles_for_us
 .text._get_cycles_for_ms_internal
                0x00001798      0x10c hpl/core/hpl_core_m4.o
 .text._get_cycles_for_ms
                0x000018a4       0x28 hpl/core/hpl_core_m4.o
                0x000018a4                _get_cycles_for_ms
 .text.hri_nvmctrl_set_CTRLA_RWS_bf
                0x000018cc       0x32 hpl/core/hpl_init.o
 *fill*         0x000018fe        0x2 
 .text._init_chip
                0x00001900       0x44 hpl/core/hpl_init.o
                0x00001900                _init_chip
 .text.hri_gclk_wait_for_sync
                0x00001944       0x24 hpl/gclk/hpl_gclk.o
 .text.hri_gclk_write_GENCTRL_reg
                0x00001968       0x30 hpl/gclk/hpl_gclk.o
 .text._gclk_init_generators_by_fref
                0x00001998       0x60 hpl/gclk/hpl_gclk.o
                0x00001998                _gclk_init_generators_by_fref
 .text.hri_mclk_write_CPUDIV_reg
                0x000019f8       0x1e hpl/mclk/hpl_mclk.o
 *fill*         0x00001a16        0x2 
 .text._mclk_init
                0x00001a18       0x24 hpl/mclk/hpl_mclk.o
                0x00001a18                _mclk_init
 .text.hri_osc32kctrl_write_RTCCTRL_reg
                0x00001a3c       0x1e hpl/osc32kctrl/hpl_osc32kctrl.o
 .text.hri_osc32kctrl_write_XOSC32K_reg
                0x00001a5a       0x1e hpl/osc32kctrl/hpl_osc32kctrl.o
 .text.hri_osc32kctrl_write_CFDCTRL_reg
                0x00001a78       0x1e hpl/osc32kctrl/hpl_osc32kctrl.o
 .text.hri_osc32kctrl_write_EVCTRL_reg
                0x00001a96       0x1e hpl/osc32kctrl/hpl_osc32kctrl.o
 .text.hri_osc32kctrl_read_OSCULP32K_CALIB_bf
                0x00001ab4       0x26 hpl/osc32kctrl/hpl_osc32kctrl.o
 .text.hri_osc32kctrl_write_OSCULP32K_reg
                0x00001ada       0x1c hpl/osc32kctrl/hpl_osc32kctrl.o
 *fill*         0x00001af6        0x2 
 .text._osc32kctrl_init_sources
                0x00001af8       0x70 hpl/osc32kctrl/hpl_osc32kctrl.o
                0x00001af8                _osc32kctrl_init_sources
 .text.hri_oscctrl_wait_for_sync
                0x00001b68       0x36 hpl/oscctrl/hpl_oscctrl.o
 .text.hri_oscctrl_get_DPLLSTATUS_LOCK_bit
                0x00001b9e       0x38 hpl/oscctrl/hpl_oscctrl.o
 .text.hri_oscctrl_get_DPLLSTATUS_CLKRDY_bit
                0x00001bd6       0x3a hpl/oscctrl/hpl_oscctrl.o
 .text.hri_oscctrl_write_DPLLCTRLA_reg
                0x00001c10       0x3c hpl/oscctrl/hpl_oscctrl.o
 .text.hri_oscctrl_write_DPLLRATIO_reg
                0x00001c4c       0x3c hpl/oscctrl/hpl_oscctrl.o
 .text.hri_oscctrl_write_DPLLCTRLB_reg
                0x00001c88       0x2e hpl/oscctrl/hpl_oscctrl.o
 .text.hri_oscctrl_get_STATUS_XOSCRDY0_bit
                0x00001cb6       0x26 hpl/oscctrl/hpl_oscctrl.o
 .text.hri_oscctrl_get_STATUS_XOSCRDY1_bit
                0x00001cdc       0x28 hpl/oscctrl/hpl_oscctrl.o
 .text.hri_oscctrl_write_XOSCCTRL_reg
                0x00001d04       0x28 hpl/oscctrl/hpl_oscctrl.o
 .text._oscctrl_init_sources
                0x00001d2c       0x68 hpl/oscctrl/hpl_oscctrl.o
                0x00001d2c                _oscctrl_init_sources
 .text._oscctrl_init_referenced_generators
                0x00001d94       0x78 hpl/oscctrl/hpl_oscctrl.o
                0x00001d94                _oscctrl_init_referenced_generators
 .text.hri_ramecc_read_INTFLAG_reg
                0x00001e0c       0x1a hpl/ramecc/hpl_ramecc.o
 .text.hri_ramecc_read_ERRADDR_reg
                0x00001e26       0x18 hpl/ramecc/hpl_ramecc.o
 *fill*         0x00001e3e        0x2 
 .text.RAMECC_Handler
                0x00001e40       0x74 hpl/ramecc/hpl_ramecc.o
                0x00001e40                RAMECC_Handler
 .text.hri_sercomi2cm_wait_for_sync
                0x00001eb4       0x24 hpl/sercom/hpl_sercom.o
 .text.hri_sercomi2cm_is_syncing
                0x00001ed8       0x28 hpl/sercom/hpl_sercom.o
 .text.hri_sercomusart_wait_for_sync
                0x00001f00       0x24 hpl/sercom/hpl_sercom.o
 .text.hri_sercomusart_is_syncing
                0x00001f24       0x28 hpl/sercom/hpl_sercom.o
 .text.hri_sercomi2cm_clear_interrupt_MB_bit
                0x00001f4c       0x1a hpl/sercom/hpl_sercom.o
 .text.hri_sercomi2cm_clear_interrupt_SB_bit
                0x00001f66       0x1a hpl/sercom/hpl_sercom.o
 .text.hri_sercomi2cm_read_INTFLAG_reg
                0x00001f80       0x1a hpl/sercom/hpl_sercom.o
 .text.hri_sercomusart_get_interrupt_DRE_bit
                0x00001f9a       0x28 hpl/sercom/hpl_sercom.o
 .text.hri_sercomusart_get_interrupt_TXC_bit
                0x00001fc2       0x2a hpl/sercom/hpl_sercom.o
 .text.hri_sercomusart_get_interrupt_RXC_bit
                0x00001fec       0x2a hpl/sercom/hpl_sercom.o
 *fill*         0x00002016        0x2 
 .text.hri_sercomi2cm_set_CTRLA_ENABLE_bit
                0x00002018       0x28 hpl/sercom/hpl_sercom.o
 .text.hri_sercomi2cm_clear_CTRLA_ENABLE_bit
                0x00002040       0x28 hpl/sercom/hpl_sercom.o
 .text.hri_sercomi2cm_get_CTRLA_SCLSM_bit
                0x00002068       0x30 hpl/sercom/hpl_sercom.o
 .text.hri_sercomi2cm_get_CTRLA_reg
                0x00002098       0x30 hpl/sercom/hpl_sercom.o
 .text.hri_sercomi2cm_write_CTRLA_reg
                0x000020c8       0x24 hpl/sercom/hpl_sercom.o
 .text.hri_sercomusart_set_CTRLA_ENABLE_bit
                0x000020ec       0x28 hpl/sercom/hpl_sercom.o
 .text.hri_sercomusart_clear_CTRLA_ENABLE_bit
                0x00002114       0x28 hpl/sercom/hpl_sercom.o
 .text.hri_sercomusart_get_CTRLA_reg
                0x0000213c       0x30 hpl/sercom/hpl_sercom.o
 .text.hri_sercomusart_write_CTRLA_reg
                0x0000216c       0x24 hpl/sercom/hpl_sercom.o
 .text.hri_sercomi2cm_set_CTRLB_SMEN_bit
                0x00002190       0x28 hpl/sercom/hpl_sercom.o
 .text.hri_sercomi2cm_clear_CTRLB_SMEN_bit
                0x000021b8       0x28 hpl/sercom/hpl_sercom.o
 .text.hri_sercomi2cm_set_CTRLB_ACKACT_bit
                0x000021e0       0x28 hpl/sercom/hpl_sercom.o
 .text.hri_sercomi2cm_clear_CTRLB_ACKACT_bit
                0x00002208       0x28 hpl/sercom/hpl_sercom.o
 .text.hri_sercomi2cm_set_CTRLB_CMD_bf
                0x00002230       0x30 hpl/sercom/hpl_sercom.o
 .text.hri_sercomi2cm_write_CTRLB_reg
                0x00002260       0x24 hpl/sercom/hpl_sercom.o
 .text.hri_sercomusart_write_CTRLB_reg
                0x00002284       0x24 hpl/sercom/hpl_sercom.o
 .text.hri_sercomusart_write_CTRLC_reg
                0x000022a8       0x1c hpl/sercom/hpl_sercom.o
 .text.hri_sercomi2cm_write_BAUD_reg
                0x000022c4       0x1c hpl/sercom/hpl_sercom.o
 .text.hri_sercomusart_write_BAUD_reg
                0x000022e0       0x1e hpl/sercom/hpl_sercom.o
 .text.hri_sercomusart_write_RXPL_reg
                0x000022fe       0x1e hpl/sercom/hpl_sercom.o
 .text.hri_sercomi2cm_write_ADDR_HS_bit
                0x0000231c       0x40 hpl/sercom/hpl_sercom.o
 .text.hri_sercomi2cm_write_ADDR_reg
                0x0000235c       0x24 hpl/sercom/hpl_sercom.o
 .text.hri_sercomi2cm_read_ADDR_reg
                0x00002380       0x20 hpl/sercom/hpl_sercom.o
 .text.hri_sercomi2cm_write_DATA_reg
                0x000023a0       0x24 hpl/sercom/hpl_sercom.o
 .text.hri_sercomi2cm_read_DATA_reg
                0x000023c4       0x20 hpl/sercom/hpl_sercom.o
 .text.hri_sercomusart_write_DATA_reg
                0x000023e4       0x1c hpl/sercom/hpl_sercom.o
 .text.hri_sercomusart_read_DATA_reg
                0x00002400       0x18 hpl/sercom/hpl_sercom.o
 .text.hri_sercomusart_write_DBGCTRL_reg
                0x00002418       0x20 hpl/sercom/hpl_sercom.o
 .text.hri_sercomi2cm_read_STATUS_BUSSTATE_bf
                0x00002438       0x2c hpl/sercom/hpl_sercom.o
 .text.hri_sercomi2cm_read_STATUS_reg
                0x00002464       0x24 hpl/sercom/hpl_sercom.o
 .text.hri_sercomi2cm_clear_STATUS_reg
                0x00002488       0x28 hpl/sercom/hpl_sercom.o
 .text._usart_sync_init
                0x000024b0       0x44 hpl/sercom/hpl_sercom.o
                0x000024b0                _usart_sync_init
 .text._usart_sync_enable
                0x000024f4       0x20 hpl/sercom/hpl_sercom.o
                0x000024f4                _usart_sync_enable
 .text._usart_sync_write_byte
                0x00002514       0x28 hpl/sercom/hpl_sercom.o
                0x00002514                _usart_sync_write_byte
 .text._usart_sync_read_byte
                0x0000253c       0x24 hpl/sercom/hpl_sercom.o
                0x0000253c                _usart_sync_read_byte
 .text._usart_sync_is_ready_to_send
                0x00002560       0x20 hpl/sercom/hpl_sercom.o
                0x00002560                _usart_sync_is_ready_to_send
 .text._usart_sync_is_transmit_done
                0x00002580       0x20 hpl/sercom/hpl_sercom.o
                0x00002580                _usart_sync_is_transmit_done
 .text._usart_sync_is_byte_received
                0x000025a0       0x20 hpl/sercom/hpl_sercom.o
                0x000025a0                _usart_sync_is_byte_received
 .text._sercom_get_hardware_index
                0x000025c0       0x5c hpl/sercom/hpl_sercom.o
 .text._get_sercom_index
                0x0000261c       0x64 hpl/sercom/hpl_sercom.o
 .text._usart_init
                0x00002680      0x1c0 hpl/sercom/hpl_sercom.o
 .text._get_i2cm_index
                0x00002840       0x68 hpl/sercom/hpl_sercom.o
 .text._sercom_i2c_send_stop
                0x000028a8       0x1c hpl/sercom/hpl_sercom.o
 .text._sercom_i2c_sync_analyse_flags
                0x000028c4      0x230 hpl/sercom/hpl_sercom.o
 .text._i2c_m_sync_init
                0x00002af4       0x48 hpl/sercom/hpl_sercom.o
                0x00002af4                _i2c_m_sync_init
 .text._i2c_m_sync_enable
                0x00002b3c       0x40 hpl/sercom/hpl_sercom.o
                0x00002b3c                _i2c_m_sync_enable
 .text._sercom_i2c_sync_wait_bus
                0x00002b7c       0x5c hpl/sercom/hpl_sercom.o
 .text._sercom_i2c_sync_send_address
                0x00002bd8      0x120 hpl/sercom/hpl_sercom.o
 .text._i2c_m_sync_transfer
                0x00002cf8      0x12c hpl/sercom/hpl_sercom.o
                0x00002cf8                _i2c_m_sync_transfer
 .text._i2c_m_enable_implementation
                0x00002e24       0x8c hpl/sercom/hpl_sercom.o
 .text._i2c_m_sync_init_impl
                0x00002eb0      0x140 hpl/sercom/hpl_sercom.o
 .text._system_time_init
                0x00002ff0       0x28 hpl/systick/hpl_systick.o
                0x00002ff0                _system_time_init
 .text._delay_init
                0x00003018       0x1c hpl/systick/hpl_systick.o
                0x00003018                _delay_init
 .text._delay_cycles
                0x00003034       0x74 hpl/systick/hpl_systick.o
                0x00003034                _delay_cycles
 .text.__NVIC_EnableIRQ
                0x000030a8       0x3c hpl/tc/hpl_tc.o
 .text.__NVIC_DisableIRQ
                0x000030e4       0x44 hpl/tc/hpl_tc.o
 .text.__NVIC_ClearPendingIRQ
                0x00003128       0x3c hpl/tc/hpl_tc.o
 .text.hri_tc_wait_for_sync
                0x00003164       0x24 hpl/tc/hpl_tc.o
 .text.hri_tc_is_syncing
                0x00003188       0x28 hpl/tc/hpl_tc.o
 .text.hri_tc_get_interrupt_OVF_bit
                0x000031b0       0x28 hpl/tc/hpl_tc.o
 .text.hri_tc_clear_interrupt_OVF_bit
                0x000031d8       0x1a hpl/tc/hpl_tc.o
 .text.hri_tc_set_INTEN_OVF_bit
                0x000031f2       0x1a hpl/tc/hpl_tc.o
 .text.hri_tc_set_CTRLA_ENABLE_bit
                0x0000320c       0x28 hpl/tc/hpl_tc.o
 .text.hri_tc_get_CTRLA_ENABLE_bit
                0x00003234       0x38 hpl/tc/hpl_tc.o
 .text.hri_tc_clear_CTRLA_ENABLE_bit
                0x0000326c       0x28 hpl/tc/hpl_tc.o
 .text.hri_tc_get_CTRLA_reg
                0x00003294       0x30 hpl/tc/hpl_tc.o
 .text.hri_tc_write_CTRLA_reg
                0x000032c4       0x24 hpl/tc/hpl_tc.o
 .text.hri_tc_write_EVCTRL_reg
                0x000032e8       0x1e hpl/tc/hpl_tc.o
 .text.hri_tc_write_WAVE_reg
                0x00003306       0x1e hpl/tc/hpl_tc.o
 .text.hri_tc_write_DBGCTRL_reg
                0x00003324       0x1e hpl/tc/hpl_tc.o
 *fill*         0x00003342        0x2 
 .text.hri_tccount8_write_PER_reg
                0x00003344       0x28 hpl/tc/hpl_tc.o
 .text.hri_tccount8_write_CC_reg
                0x0000336c       0x30 hpl/tc/hpl_tc.o
 .text.hri_tccount16_write_CC_reg
                0x0000339c       0x34 hpl/tc/hpl_tc.o
 .text.hri_tccount32_write_CC_reg
                0x000033d0       0x30 hpl/tc/hpl_tc.o
 .text._timer_init
                0x00003400      0x2b0 hpl/tc/hpl_tc.o
                0x00003400                _timer_init
 .text._timer_start
                0x000036b0       0x20 hpl/tc/hpl_tc.o
                0x000036b0                _timer_start
 .text._timer_stop
                0x000036d0       0x20 hpl/tc/hpl_tc.o
                0x000036d0                _timer_stop
 .text._timer_is_started
                0x000036f0       0x20 hpl/tc/hpl_tc.o
                0x000036f0                _timer_is_started
 .text._tc_get_timer
                0x00003710       0x10 hpl/tc/hpl_tc.o
                0x00003710                _tc_get_timer
 .text._timer_set_irq
                0x00003720       0x60 hpl/tc/hpl_tc.o
                0x00003720                _timer_set_irq
 .text.tc_interrupt_handler
                0x00003780       0x38 hpl/tc/hpl_tc.o
 .text.TC3_Handler
                0x000037b8       0x1c hpl/tc/hpl_tc.o
                0x000037b8                TC3_Handler
 .text.get_tc_index
                0x000037d4       0x68 hpl/tc/hpl_tc.o
 .text._tc_init_irq_param
                0x0000383c       0x2c hpl/tc/hpl_tc.o
 .text._get_hardware_offset
                0x00003868       0x5c hpl/tc/hpl_tc.o
 .text.hri_port_set_OUT_reg
                0x000038c4       0x28 main.o
 .text.hri_port_clear_OUT_reg
                0x000038ec       0x28 main.o
 .text._gpio_set_level
                0x00003914       0x44 main.o
 .text.gpio_set_pin_level
                0x00003958       0x38 main.o
 .text.TIMER_task1_cb
                0x00003990       0x7c main.o
 .text.TIMER_init
                0x00003a0c       0x3c main.o
                0x00003a0c                TIMER_init
 .text.main     0x00003a48      0x7e4 main.o
                0x00003a48                main
 .text.initialize
                0x0000422c       0x98 Melexis/MLX90393_microchip.o
                0x0000422c                initialize
 .text.select_prefix
                0x000042c4       0x58 Melexis/MLX90393_microchip.o
                0x000042c4                select_prefix
 .text.begin    0x0000431c      0x108 Melexis/MLX90393_microchip.o
                0x0000431c                begin
 .text.sendCommand
                0x00004424       0x50 Melexis/MLX90393_microchip.o
                0x00004424                sendCommand
 .text.readRegister
                0x00004474       0x94 Melexis/MLX90393_microchip.o
                0x00004474                readRegister
 .text.writeRegister
                0x00004508       0x98 Melexis/MLX90393_microchip.o
                0x00004508                writeRegister
 .text.i2c_m_sync_cmd_write_easy
                0x000045a0       0x64 Melexis/MLX90393_microchip.o
                0x000045a0                i2c_m_sync_cmd_write_easy
 .text.i2c_m_sync_reg_read_easy
                0x00004604       0x68 Melexis/MLX90393_microchip.o
                0x00004604                i2c_m_sync_reg_read_easy
 .text.i2c_m_sync_reg_write_easy
                0x0000466c       0x7c Melexis/MLX90393_microchip.o
                0x0000466c                i2c_m_sync_reg_write_easy
 .text.cache_invalidate
                0x000046e8       0x1c Melexis/MLX90393_microchip.o
                0x000046e8                cache_invalidate
 .text.cache_invalidate_address
                0x00004704       0x3c Melexis/MLX90393_microchip.o
                0x00004704                cache_invalidate_address
 .text.cache_set
                0x00004740       0x52 Melexis/MLX90393_microchip.o
                0x00004740                cache_set
 *fill*         0x00004792        0x2 
 .text.cache_fill
                0x00004794       0x78 Melexis/MLX90393_microchip.o
                0x00004794                cache_fill
 .text.reset    0x0000480c       0x3c Melexis/MLX90393_microchip.o
                0x0000480c                reset
 .text.setGainSel
                0x00004848       0x7c Melexis/MLX90393_microchip.o
                0x00004848                setGainSel
 .text.setResolution
                0x000048c4       0xb4 Melexis/MLX90393_microchip.o
                0x000048c4                setResolution
 .text.setOverSampling
                0x00004978       0x7c Melexis/MLX90393_microchip.o
                0x00004978                setOverSampling
 .text.setDigitalFiltering
                0x000049f4       0x7c Melexis/MLX90393_microchip.o
                0x000049f4                setDigitalFiltering
 .text.setTemperatureCompensation
                0x00004a70       0x8c Melexis/MLX90393_microchip.o
                0x00004a70                setTemperatureCompensation
 .text.setExtTrig
                0x00004afc       0x80 Melexis/MLX90393_microchip.o
                0x00004afc                setExtTrig
 .text.exit_command
                0x00004b7c       0x24 Melexis/MLX90393_microchip.o
                0x00004b7c                exit_command
 .text.startMeasurement
                0x00004ba0       0x48 Melexis/MLX90393_microchip.o
                0x00004ba0                startMeasurement
 .text.readMeasurement
                0x00004be8      0x1f4 Melexis/MLX90393_microchip.o
                0x00004be8                readMeasurement
 .text.convertRaw
                0x00004ddc      0x504 Melexis/MLX90393_microchip.o
                0x00004ddc                convertRaw
 .text.convDelayMicro
                0x000052e0       0x80 Melexis/MLX90393_microchip.o
                0x000052e0                convDelayMicro
 .text.isOK     0x00005360       0x26 Melexis/MLX90393_microchip.o
                0x00005360                isOK
 .text.hasError
                0x00005386       0x26 Melexis/MLX90393_microchip.o
                0x00005386                hasError
 .text.checkStatus
                0x000053ac       0x26 Melexis/MLX90393_microchip.o
                0x000053ac                checkStatus
 .text.hri_port_set_OUT_reg
                0x000053d2       0x28 Melexis/SensorArray.o
 .text.hri_port_clear_OUT_reg
                0x000053fa       0x28 Melexis/SensorArray.o
 *fill*         0x00005422        0x2 
 .text._gpio_set_level
                0x00005424       0x44 Melexis/SensorArray.o
 .text.gpio_set_pin_level
                0x00005468       0x38 Melexis/SensorArray.o
 .text.triggerInitialize
                0x000054a0       0x30 Melexis/SensorArray.o
                0x000054a0                triggerInitialize
 .text.triggerSensor
                0x000054d0       0x34 Melexis/SensorArray.o
                0x000054d0                triggerSensor
 .text.triggerReadout_Prepare_Timer
                0x00005504       0x20 Melexis/SensorArray.o
                0x00005504                triggerReadout_Prepare_Timer
 .text.triggerReadout
                0x00005524       0x3c Melexis/SensorArray.o
                0x00005524                triggerReadout
 .text.triggerReadoutArray
                0x00005560      0x108 Melexis/SensorArray.o
                0x00005560                triggerReadoutArray
 .text          0x00005668      0x370 c:/program files (x86)/atmel/studio/7.0/toolchain/arm/arm-gnu-toolchain/bin/../lib/gcc/arm-none-eabi/6.3.1/thumb/v7e-m\libgcc.a(_arm_addsubdf3.o)
                0x00005668                __aeabi_drsub
                0x00005670                __aeabi_dsub
                0x00005670                __subdf3
                0x00005674                __aeabi_dadd
                0x00005674                __adddf3
                0x000058ec                __floatunsidf
                0x000058ec                __aeabi_ui2d
                0x0000590c                __floatsidf
                0x0000590c                __aeabi_i2d
                0x00005930                __aeabi_f2d
                0x00005930                __extendsfdf2
                0x0000596c                __floatundidf
                0x0000596c                __aeabi_ul2d
                0x0000597c                __floatdidf
                0x0000597c                __aeabi_l2d
 .text          0x000059d8      0x424 c:/program files (x86)/atmel/studio/7.0/toolchain/arm/arm-gnu-toolchain/bin/../lib/gcc/arm-none-eabi/6.3.1/thumb/v7e-m\libgcc.a(_arm_muldivdf3.o)
                0x000059d8                __aeabi_dmul
                0x000059d8                __muldf3
                0x00005c2c                __divdf3
                0x00005c2c                __aeabi_ddiv
 .text          0x00005dfc       0x30 c:/program files (x86)/atmel/studio/7.0/toolchain/arm/arm-gnu-toolchain/bin/../lib/gcc/arm-none-eabi/6.3.1/thumb/v7e-m\libgcc.a(_aeabi_uldivmod.o)
                0x00005dfc                __aeabi_uldivmod
 .text          0x00005e2c      0x2dc c:/program files (x86)/atmel/studio/7.0/toolchain/arm/arm-gnu-toolchain/bin/../lib/gcc/arm-none-eabi/6.3.1/thumb/v7e-m\libgcc.a(_udivmoddi4.o)
                0x00005e2c                __udivmoddi4
 .text          0x00006108        0x4 c:/program files (x86)/atmel/studio/7.0/toolchain/arm/arm-gnu-toolchain/bin/../lib/gcc/arm-none-eabi/6.3.1/thumb/v7e-m\libgcc.a(_dvmd_tls.o)
                0x00006108                __aeabi_idiv0
                0x00006108                __aeabi_ldiv0
 .text.__libc_init_array
                0x0000610c       0x50 c:/program files (x86)/atmel/studio/7.0/toolchain/arm/arm-gnu-toolchain/bin/../lib/gcc/arm-none-eabi/6.3.1/../../../../arm-none-eabi/lib/thumb/v7e-m\libc.a(lib_a-init.o)
                0x0000610c                __libc_init_array
 .text.memset   0x0000615c       0x9c c:/program files (x86)/atmel/studio/7.0/toolchain/arm/arm-gnu-toolchain/bin/../lib/gcc/arm-none-eabi/6.3.1/../../../../arm-none-eabi/lib/thumb/v7e-m\libc.a(lib_a-memset.o)
                0x0000615c                memset
 .text.sprintf  0x000061f8       0x4c c:/program files (x86)/atmel/studio/7.0/toolchain/arm/arm-gnu-toolchain/bin/../lib/gcc/arm-none-eabi/6.3.1/../../../../arm-none-eabi/lib/thumb/v7e-m\libc.a(lib_a-sprintf.o)
                0x000061f8                sprintf
 *fill*         0x00006244       0x3c 
 .text          0x00006280       0xdc c:/program files (x86)/atmel/studio/7.0/toolchain/arm/arm-gnu-toolchain/bin/../lib/gcc/arm-none-eabi/6.3.1/../../../../arm-none-eabi/lib/thumb/v7e-m\libc.a(lib_a-strlen.o)
                0x00006280                strlen
 .text._svfprintf_r
                0x0000635c     0x145c c:/program files (x86)/atmel/studio/7.0/toolchain/arm/arm-gnu-toolchain/bin/../lib/gcc/arm-none-eabi/6.3.1/../../../../arm-none-eabi/lib/thumb/v7e-m\libc.a(lib_a-svfprintf.o)
                0x0000635c                _svfprintf_r
 .text.startup.register_fini
                0x000077b8       0x14 c:/program files (x86)/atmel/studio/7.0/toolchain/arm/arm-gnu-toolchain/bin/../lib/gcc/arm-none-eabi/6.3.1/../../../../arm-none-eabi/lib/thumb/v7e-m\libc.a(lib_a-__call_atexit.o)
 .text.atexit   0x000077cc        0xc c:/program files (x86)/atmel/studio/7.0/toolchain/arm/arm-gnu-toolchain/bin/../lib/gcc/arm-none-eabi/6.3.1/../../../../arm-none-eabi/lib/thumb/v7e-m\libc.a(lib_a-atexit.o)
                0x000077cc                atexit
 .text.quorem   0x000077d8      0x128 c:/program files (x86)/atmel/studio/7.0/toolchain/arm/arm-gnu-toolchain/bin/../lib/gcc/arm-none-eabi/6.3.1/../../../../arm-none-eabi/lib/thumb/v7e-m\libc.a(lib_a-dtoa.o)
 .text._dtoa_r  0x00007900      0xe54 c:/program files (x86)/atmel/studio/7.0/toolchain/arm/arm-gnu-toolchain/bin/../lib/gcc/arm-none-eabi/6.3.1/../../../../arm-none-eabi/lib/thumb/v7e-m\libc.a(lib_a-dtoa.o)
                0x00007900                _dtoa_r
 .text.__libc_fini_array
                0x00008754       0x34 c:/program files (x86)/atmel/studio/7.0/toolchain/arm/arm-gnu-toolchain/bin/../lib/gcc/arm-none-eabi/6.3.1/../../../../arm-none-eabi/lib/thumb/v7e-m\libc.a(lib_a-fini.o)
                0x00008754                __libc_fini_array
 .text._malloc_trim_r
                0x00008788       0xa0 c:/program files (x86)/atmel/studio/7.0/toolchain/arm/arm-gnu-toolchain/bin/../lib/gcc/arm-none-eabi/6.3.1/../../../../arm-none-eabi/lib/thumb/v7e-m\libc.a(lib_a-freer.o)
                0x00008788                _malloc_trim_r
 .text._free_r  0x00008828      0x1cc c:/program files (x86)/atmel/studio/7.0/toolchain/arm/arm-gnu-toolchain/bin/../lib/gcc/arm-none-eabi/6.3.1/../../../../arm-none-eabi/lib/thumb/v7e-m\libc.a(lib_a-freer.o)
                0x00008828                _free_r
 .text._localeconv_r
                0x000089f4       0x1c c:/program files (x86)/atmel/studio/7.0/toolchain/arm/arm-gnu-toolchain/bin/../lib/gcc/arm-none-eabi/6.3.1/../../../../arm-none-eabi/lib/thumb/v7e-m\libc.a(lib_a-localeconv.o)
                0x000089f4                _localeconv_r
 .text.__retarget_lock_acquire_recursive
                0x00008a10        0x4 c:/program files (x86)/atmel/studio/7.0/toolchain/arm/arm-gnu-toolchain/bin/../lib/gcc/arm-none-eabi/6.3.1/../../../../arm-none-eabi/lib/thumb/v7e-m\libc.a(lib_a-lock.o)
                0x00008a10                __retarget_lock_acquire_recursive
 .text.__retarget_lock_release_recursive
                0x00008a14        0x4 c:/program files (x86)/atmel/studio/7.0/toolchain/arm/arm-gnu-toolchain/bin/../lib/gcc/arm-none-eabi/6.3.1/../../../../arm-none-eabi/lib/thumb/v7e-m\libc.a(lib_a-lock.o)
                0x00008a14                __retarget_lock_release_recursive
 .text._malloc_r
                0x00008a18      0x560 c:/program files (x86)/atmel/studio/7.0/toolchain/arm/arm-gnu-toolchain/bin/../lib/gcc/arm-none-eabi/6.3.1/../../../../arm-none-eabi/lib/thumb/v7e-m\libc.a(lib_a-mallocr.o)
                0x00008a18                _malloc_r
 *fill*         0x00008f78        0x8 
 .text          0x00008f80       0xa0 c:/program files (x86)/atmel/studio/7.0/toolchain/arm/arm-gnu-toolchain/bin/../lib/gcc/arm-none-eabi/6.3.1/../../../../arm-none-eabi/lib/thumb/v7e-m\libc.a(lib_a-memchr.o)
                0x00008f80                memchr
 .text          0x00009020      0x134 c:/program files (x86)/atmel/studio/7.0/toolchain/arm/arm-gnu-toolchain/bin/../lib/gcc/arm-none-eabi/6.3.1/../../../../arm-none-eabi/lib/thumb/v7e-m\libc.a(lib_a-memcpy.o)
                0x00009020                memcpy
 .text.__malloc_lock
                0x00009154        0xc c:/program files (x86)/atmel/studio/7.0/toolchain/arm/arm-gnu-toolchain/bin/../lib/gcc/arm-none-eabi/6.3.1/../../../../arm-none-eabi/lib/thumb/v7e-m\libc.a(lib_a-mlock.o)
                0x00009154                __malloc_lock
 .text.__malloc_unlock
                0x00009160        0xc c:/program files (x86)/atmel/studio/7.0/toolchain/arm/arm-gnu-toolchain/bin/../lib/gcc/arm-none-eabi/6.3.1/../../../../arm-none-eabi/lib/thumb/v7e-m\libc.a(lib_a-mlock.o)
                0x00009160                __malloc_unlock
 .text._Balloc  0x0000916c       0x4c c:/program files (x86)/atmel/studio/7.0/toolchain/arm/arm-gnu-toolchain/bin/../lib/gcc/arm-none-eabi/6.3.1/../../../../arm-none-eabi/lib/thumb/v7e-m\libc.a(lib_a-mprec.o)
                0x0000916c                _Balloc
 .text._Bfree   0x000091b8       0x14 c:/program files (x86)/atmel/studio/7.0/toolchain/arm/arm-gnu-toolchain/bin/../lib/gcc/arm-none-eabi/6.3.1/../../../../arm-none-eabi/lib/thumb/v7e-m\libc.a(lib_a-mprec.o)
                0x000091b8                _Bfree
 .text.__multadd
                0x000091cc       0x80 c:/program files (x86)/atmel/studio/7.0/toolchain/arm/arm-gnu-toolchain/bin/../lib/gcc/arm-none-eabi/6.3.1/../../../../arm-none-eabi/lib/thumb/v7e-m\libc.a(lib_a-mprec.o)
                0x000091cc                __multadd
 .text.__hi0bits
                0x0000924c       0x40 c:/program files (x86)/atmel/studio/7.0/toolchain/arm/arm-gnu-toolchain/bin/../lib/gcc/arm-none-eabi/6.3.1/../../../../arm-none-eabi/lib/thumb/v7e-m\libc.a(lib_a-mprec.o)
                0x0000924c                __hi0bits
 .text.__lo0bits
                0x0000928c       0x60 c:/program files (x86)/atmel/studio/7.0/toolchain/arm/arm-gnu-toolchain/bin/../lib/gcc/arm-none-eabi/6.3.1/../../../../arm-none-eabi/lib/thumb/v7e-m\libc.a(lib_a-mprec.o)
                0x0000928c                __lo0bits
 .text.__i2b    0x000092ec       0x14 c:/program files (x86)/atmel/studio/7.0/toolchain/arm/arm-gnu-toolchain/bin/../lib/gcc/arm-none-eabi/6.3.1/../../../../arm-none-eabi/lib/thumb/v7e-m\libc.a(lib_a-mprec.o)
                0x000092ec                __i2b
 .text.__multiply
                0x00009300      0x124 c:/program files (x86)/atmel/studio/7.0/toolchain/arm/arm-gnu-toolchain/bin/../lib/gcc/arm-none-eabi/6.3.1/../../../../arm-none-eabi/lib/thumb/v7e-m\libc.a(lib_a-mprec.o)
                0x00009300                __multiply
 .text.__pow5mult
                0x00009424       0xa0 c:/program files (x86)/atmel/studio/7.0/toolchain/arm/arm-gnu-toolchain/bin/../lib/gcc/arm-none-eabi/6.3.1/../../../../arm-none-eabi/lib/thumb/v7e-m\libc.a(lib_a-mprec.o)
                0x00009424                __pow5mult
 .text.__lshift
                0x000094c4       0xa4 c:/program files (x86)/atmel/studio/7.0/toolchain/arm/arm-gnu-toolchain/bin/../lib/gcc/arm-none-eabi/6.3.1/../../../../arm-none-eabi/lib/thumb/v7e-m\libc.a(lib_a-mprec.o)
                0x000094c4                __lshift
 .text.__mcmp   0x00009568       0x38 c:/program files (x86)/atmel/studio/7.0/toolchain/arm/arm-gnu-toolchain/bin/../lib/gcc/arm-none-eabi/6.3.1/../../../../arm-none-eabi/lib/thumb/v7e-m\libc.a(lib_a-mprec.o)
                0x00009568                __mcmp
 .text.__mdiff  0x000095a0      0x108 c:/program files (x86)/atmel/studio/7.0/toolchain/arm/arm-gnu-toolchain/bin/../lib/gcc/arm-none-eabi/6.3.1/../../../../arm-none-eabi/lib/thumb/v7e-m\libc.a(lib_a-mprec.o)
                0x000095a0                __mdiff
 .text.__d2b    0x000096a8       0xb8 c:/program files (x86)/atmel/studio/7.0/toolchain/arm/arm-gnu-toolchain/bin/../lib/gcc/arm-none-eabi/6.3.1/../../../../arm-none-eabi/lib/thumb/v7e-m\libc.a(lib_a-mprec.o)
                0x000096a8                __d2b
 .text._sbrk_r  0x00009760       0x24 c:/program files (x86)/atmel/studio/7.0/toolchain/arm/arm-gnu-toolchain/bin/../lib/gcc/arm-none-eabi/6.3.1/../../../../arm-none-eabi/lib/thumb/v7e-m\libc.a(lib_a-sbrkr.o)
                0x00009760                _sbrk_r
 .text.__ssprint_r
                0x00009784       0xfc c:/program files (x86)/atmel/studio/7.0/toolchain/arm/arm-gnu-toolchain/bin/../lib/gcc/arm-none-eabi/6.3.1/../../../../arm-none-eabi/lib/thumb/v7e-m\libc.a(lib_a-svfiprintf.o)
                0x00009784                __ssprint_r
 .text.__register_exitproc
                0x00009880       0xc4 c:/program files (x86)/atmel/studio/7.0/toolchain/arm/arm-gnu-toolchain/bin/../lib/gcc/arm-none-eabi/6.3.1/../../../../arm-none-eabi/lib/thumb/v7e-m\libc.a(lib_a-__atexit.o)
                0x00009880                __register_exitproc
 .text._calloc_r
                0x00009944       0x60 c:/program files (x86)/atmel/studio/7.0/toolchain/arm/arm-gnu-toolchain/bin/../lib/gcc/arm-none-eabi/6.3.1/../../../../arm-none-eabi/lib/thumb/v7e-m\libc.a(lib_a-callocr.o)
                0x00009944                _calloc_r
 .text.__ascii_mbtowc
                0x000099a4       0x2c c:/program files (x86)/atmel/studio/7.0/toolchain/arm/arm-gnu-toolchain/bin/../lib/gcc/arm-none-eabi/6.3.1/../../../../arm-none-eabi/lib/thumb/v7e-m\libc.a(lib_a-mbtowc_r.o)
                0x000099a4                __ascii_mbtowc
 .text.memmove  0x000099d0       0xc8 c:/program files (x86)/atmel/studio/7.0/toolchain/arm/arm-gnu-toolchain/bin/../lib/gcc/arm-none-eabi/6.3.1/../../../../arm-none-eabi/lib/thumb/v7e-m\libc.a(lib_a-memmove.o)
                0x000099d0                memmove
 .text._realloc_r
                0x00009a98      0x34c c:/program files (x86)/atmel/studio/7.0/toolchain/arm/arm-gnu-toolchain/bin/../lib/gcc/arm-none-eabi/6.3.1/../../../../arm-none-eabi/lib/thumb/v7e-m\libc.a(lib_a-reallocr.o)
                0x00009a98                _realloc_r
 .text.__ascii_wctomb
                0x00009de4       0x1c c:/program files (x86)/atmel/studio/7.0/toolchain/arm/arm-gnu-toolchain/bin/../lib/gcc/arm-none-eabi/6.3.1/../../../../arm-none-eabi/lib/thumb/v7e-m\libc.a(lib_a-wctomb_r.o)
                0x00009de4                __ascii_wctomb
 .text          0x00009e00      0x110 c:/program files (x86)/atmel/studio/7.0/toolchain/arm/arm-gnu-toolchain/bin/../lib/gcc/arm-none-eabi/6.3.1/thumb/v7e-m\libgcc.a(_arm_cmpdf2.o)
                0x00009e00                __gtdf2
                0x00009e00                __gedf2
                0x00009e08                __ltdf2
                0x00009e08                __ledf2
                0x00009e10                __nedf2
                0x00009e10                __eqdf2
                0x00009e10                __cmpdf2
                0x00009e8c                __aeabi_cdrcmple
                0x00009e9c                __aeabi_cdcmpeq
                0x00009e9c                __aeabi_cdcmple
                0x00009eac                __aeabi_dcmpeq
                0x00009ec0                __aeabi_dcmplt
                0x00009ed4                __aeabi_dcmple
                0x00009ee8                __aeabi_dcmpge
                0x00009efc                __aeabi_dcmpgt
 .text          0x00009f10       0x2c c:/program files (x86)/atmel/studio/7.0/toolchain/arm/arm-gnu-toolchain/bin/../lib/gcc/arm-none-eabi/6.3.1/thumb/v7e-m\libgcc.a(_arm_unorddf2.o)
                0x00009f10                __unorddf2
                0x00009f10                __aeabi_dcmpun
 .text          0x00009f3c       0x50 c:/program files (x86)/atmel/studio/7.0/toolchain/arm/arm-gnu-toolchain/bin/../lib/gcc/arm-none-eabi/6.3.1/thumb/v7e-m\libgcc.a(_arm_fixdfsi.o)
                0x00009f3c                __aeabi_d2iz
                0x00009f3c                __fixdfsi
 *(.glue_7t)
 .glue_7t       0x00009f8c        0x0 linker stubs
 *(.glue_7)
 .glue_7        0x00009f8c        0x0 linker stubs
 *(.rodata .rodata* .gnu.linkonce.r.*)
 .rodata        0x00009f8c       0x1c driver_init.o
 .rodata        0x00009fa8       0x1c hal/src/hal_i2c_m_sync.o
 .rodata        0x00009fc4       0x14 hal/src/hal_io.o
 .rodata        0x00009fd8       0x17 hal/src/hal_timer.o
 *fill*         0x00009fef        0x1 
 .rodata        0x00009ff0       0x1c hal/src/hal_usart_sync.o
 .rodata        0x0000a00c       0x1e hal/utils/src/utils_list.o
 *fill*         0x0000a02a        0x2 
 .rodata        0x0000a02c       0x4d hpl/sercom/hpl_sercom.o
 *fill*         0x0000a079        0x3 
 .rodata        0x0000a07c       0x34 hpl/tc/hpl_tc.o
 .rodata        0x0000a0b0      0x1ef main.o
 *fill*         0x0000a29f        0x1 
 .rodata._global_impure_ptr
                0x0000a2a0        0x4 c:/program files (x86)/atmel/studio/7.0/toolchain/arm/arm-gnu-toolchain/bin/../lib/gcc/arm-none-eabi/6.3.1/../../../../arm-none-eabi/lib/thumb/v7e-m\libc.a(lib_a-impure.o)
                0x0000a2a0                _global_impure_ptr
 .rodata._svfprintf_r.str1.4
                0x0000a2a4       0x42 c:/program files (x86)/atmel/studio/7.0/toolchain/arm/arm-gnu-toolchain/bin/../lib/gcc/arm-none-eabi/6.3.1/../../../../arm-none-eabi/lib/thumb/v7e-m\libc.a(lib_a-svfprintf.o)
 *fill*         0x0000a2e6        0x2 
 .rodata.blanks.7223
                0x0000a2e8       0x10 c:/program files (x86)/atmel/studio/7.0/toolchain/arm/arm-gnu-toolchain/bin/../lib/gcc/arm-none-eabi/6.3.1/../../../../arm-none-eabi/lib/thumb/v7e-m\libc.a(lib_a-svfprintf.o)
 .rodata.zeroes.7224
                0x0000a2f8       0x10 c:/program files (x86)/atmel/studio/7.0/toolchain/arm/arm-gnu-toolchain/bin/../lib/gcc/arm-none-eabi/6.3.1/../../../../arm-none-eabi/lib/thumb/v7e-m\libc.a(lib_a-svfprintf.o)
 .rodata._dtoa_r.str1.4
                0x0000a308       0x10 c:/program files (x86)/atmel/studio/7.0/toolchain/arm/arm-gnu-toolchain/bin/../lib/gcc/arm-none-eabi/6.3.1/../../../../arm-none-eabi/lib/thumb/v7e-m\libc.a(lib_a-dtoa.o)
                                 0x12 (size before relaxing)
 .rodata.__mprec_bigtens
                0x0000a318       0x28 c:/program files (x86)/atmel/studio/7.0/toolchain/arm/arm-gnu-toolchain/bin/../lib/gcc/arm-none-eabi/6.3.1/../../../../arm-none-eabi/lib/thumb/v7e-m\libc.a(lib_a-mprec.o)
                0x0000a318                __mprec_bigtens
 .rodata.__mprec_tens
                0x0000a340       0xc8 c:/program files (x86)/atmel/studio/7.0/toolchain/arm/arm-gnu-toolchain/bin/../lib/gcc/arm-none-eabi/6.3.1/../../../../arm-none-eabi/lib/thumb/v7e-m\libc.a(lib_a-mprec.o)
                0x0000a340                __mprec_tens
 .rodata.p05.6055
                0x0000a408        0xc c:/program files (x86)/atmel/studio/7.0/toolchain/arm/arm-gnu-toolchain/bin/../lib/gcc/arm-none-eabi/6.3.1/../../../../arm-none-eabi/lib/thumb/v7e-m\libc.a(lib_a-mprec.o)
 .rodata._setlocale_r.str1.4
                0x0000a414        0xa c:/program files (x86)/atmel/studio/7.0/toolchain/arm/arm-gnu-toolchain/bin/../lib/gcc/arm-none-eabi/6.3.1/../../../../arm-none-eabi/lib/thumb/v7e-m\libc.a(lib_a-locale.o)
                                  0xd (size before relaxing)
 *fill*         0x0000a41e        0x2 
 .rodata.str1.4
                0x0000a420        0x4 c:/program files (x86)/atmel/studio/7.0/toolchain/arm/arm-gnu-toolchain/bin/../lib/gcc/arm-none-eabi/6.3.1/../../../../arm-none-eabi/lib/thumb/v7e-m\libc.a(lib_a-locale.o)
                                  0x2 (size before relaxing)
 .rodata._ctype_
                0x0000a424      0x101 c:/program files (x86)/atmel/studio/7.0/toolchain/arm/arm-gnu-toolchain/bin/../lib/gcc/arm-none-eabi/6.3.1/../../../../arm-none-eabi/lib/thumb/v7e-m\libc.a(lib_a-ctype_.o)
                0x0000a424                _ctype_
 *(.ARM.extab* .gnu.linkonce.armextab.*)
                0x0000a528                . = ALIGN (0x4)
 *fill*         0x0000a525        0x3 
 *(.init)
 .init          0x0000a528        0x4 c:/program files (x86)/atmel/studio/7.0/toolchain/arm/arm-gnu-toolchain/bin/../lib/gcc/arm-none-eabi/6.3.1/thumb/v7e-m/crti.o
                0x0000a528                _init
 .init          0x0000a52c        0x8 c:/program files (x86)/atmel/studio/7.0/toolchain/arm/arm-gnu-toolchain/bin/../lib/gcc/arm-none-eabi/6.3.1/thumb/v7e-m/crtn.o
                0x0000a534                . = ALIGN (0x4)
                0x0000a534                __preinit_array_start = .
 *(.preinit_array)
                0x0000a534                __preinit_array_end = .
                0x0000a534                . = ALIGN (0x4)
                0x0000a534                __init_array_start = .
 *(SORT(.init_array.*))
 .init_array.00000
                0x0000a534        0x4 c:/program files (x86)/atmel/studio/7.0/toolchain/arm/arm-gnu-toolchain/bin/../lib/gcc/arm-none-eabi/6.3.1/../../../../arm-none-eabi/lib/thumb/v7e-m\libc.a(lib_a-__call_atexit.o)
 *(.init_array)
 .init_array    0x0000a538        0x4 c:/program files (x86)/atmel/studio/7.0/toolchain/arm/arm-gnu-toolchain/bin/../lib/gcc/arm-none-eabi/6.3.1/thumb/v7e-m/crtbegin.o
                0x0000a53c                __init_array_end = .
                0x0000a53c                . = ALIGN (0x4)
 *crtbegin.o(.ctors)
 *(EXCLUDE_FILE(*crtend.o) .ctors)
 *(SORT(.ctors.*))
 *crtend.o(.ctors)
                0x0000a53c                . = ALIGN (0x4)
 *(.fini)
 .fini          0x0000a53c        0x4 c:/program files (x86)/atmel/studio/7.0/toolchain/arm/arm-gnu-toolchain/bin/../lib/gcc/arm-none-eabi/6.3.1/thumb/v7e-m/crti.o
                0x0000a53c                _fini
 .fini          0x0000a540        0x8 c:/program files (x86)/atmel/studio/7.0/toolchain/arm/arm-gnu-toolchain/bin/../lib/gcc/arm-none-eabi/6.3.1/thumb/v7e-m/crtn.o
                0x0000a548                . = ALIGN (0x4)
                0x0000a548                __fini_array_start = .
 *(.fini_array)
 .fini_array    0x0000a548        0x4 c:/program files (x86)/atmel/studio/7.0/toolchain/arm/arm-gnu-toolchain/bin/../lib/gcc/arm-none-eabi/6.3.1/thumb/v7e-m/crtbegin.o
 *(SORT(.fini_array.*))
                0x0000a54c                __fini_array_end = .
 *crtbegin.o(.dtors)
 *(EXCLUDE_FILE(*crtend.o) .dtors)
 *(SORT(.dtors.*))
 *crtend.o(.dtors)
                0x0000a54c                . = ALIGN (0x4)
                0x0000a54c                _efixed = .
                [!provide]                PROVIDE (__exidx_start, .)

.vfp11_veneer   0x0000a54c        0x0
 .vfp11_veneer  0x0000a54c        0x0 linker stubs

.v4_bx          0x0000a54c        0x0
 .v4_bx         0x0000a54c        0x0 linker stubs

.iplt           0x0000a54c        0x0
 .iplt          0x0000a54c        0x0 c:/program files (x86)/atmel/studio/7.0/toolchain/arm/arm-gnu-toolchain/bin/../lib/gcc/arm-none-eabi/6.3.1/thumb/v7e-m/crtbegin.o

.ARM.exidx      0x0000a54c        0x8
 *(.ARM.exidx* .gnu.linkonce.armexidx.*)
 .ARM.exidx     0x0000a54c        0x8 c:/program files (x86)/atmel/studio/7.0/toolchain/arm/arm-gnu-toolchain/bin/../lib/gcc/arm-none-eabi/6.3.1/thumb/v7e-m\libgcc.a(_udivmoddi4.o)
                [!provide]                PROVIDE (__exidx_end, .)

.eh_frame       0x0000a554        0x0
 .eh_frame      0x0000a554        0x0 c:/program files (x86)/atmel/studio/7.0/toolchain/arm/arm-gnu-toolchain/bin/../lib/gcc/arm-none-eabi/6.3.1/thumb/v7e-m/crtbegin.o

.rel.dyn        0x0000a554        0x0
 .rel.iplt      0x0000a554        0x0 c:/program files (x86)/atmel/studio/7.0/toolchain/arm/arm-gnu-toolchain/bin/../lib/gcc/arm-none-eabi/6.3.1/thumb/v7e-m/crtbegin.o

.jcr            0x0000a554        0x0
 .jcr           0x0000a554        0x0 c:/program files (x86)/atmel/studio/7.0/toolchain/arm/arm-gnu-toolchain/bin/../lib/gcc/arm-none-eabi/6.3.1/thumb/v7e-m/crtbegin.o

.igot.plt       0x0000a554        0x0
 .igot.plt      0x0000a554        0x0 c:/program files (x86)/atmel/studio/7.0/toolchain/arm/arm-gnu-toolchain/bin/../lib/gcc/arm-none-eabi/6.3.1/thumb/v7e-m/crtbegin.o
                0x0000a554                . = ALIGN (0x4)
                0x0000a554                _etext = .

.relocate       0x20000000      0x9f0 load address 0x0000a554
                0x20000000                . = ALIGN (0x4)
                0x20000000                _srelocate = .
 *(.ramfunc .ramfunc.*)
 *(.data .data.*)
 .data          0x20000000       0x30 hpl/sercom/hpl_sercom.o
 .data          0x20000030       0x14 hpl/tc/hpl_tc.o
 .data._impure_ptr
                0x20000044        0x4 c:/program files (x86)/atmel/studio/7.0/toolchain/arm/arm-gnu-toolchain/bin/../lib/gcc/arm-none-eabi/6.3.1/../../../../arm-none-eabi/lib/thumb/v7e-m\libc.a(lib_a-impure.o)
                0x20000044                _impure_ptr
 .data.impure_data
                0x20000048      0x428 c:/program files (x86)/atmel/studio/7.0/toolchain/arm/arm-gnu-toolchain/bin/../lib/gcc/arm-none-eabi/6.3.1/../../../../arm-none-eabi/lib/thumb/v7e-m\libc.a(lib_a-impure.o)
 .data.__atexit_recursive_mutex
                0x20000470        0x4 c:/program files (x86)/atmel/studio/7.0/toolchain/arm/arm-gnu-toolchain/bin/../lib/gcc/arm-none-eabi/6.3.1/../../../../arm-none-eabi/lib/thumb/v7e-m\libc.a(lib_a-__call_atexit.o)
                0x20000470                __atexit_recursive_mutex
 .data.__malloc_av_
                0x20000474      0x408 c:/program files (x86)/atmel/studio/7.0/toolchain/arm/arm-gnu-toolchain/bin/../lib/gcc/arm-none-eabi/6.3.1/../../../../arm-none-eabi/lib/thumb/v7e-m\libc.a(lib_a-mallocr.o)
                0x20000474                __malloc_av_
 .data.__malloc_sbrk_base
                0x2000087c        0x4 c:/program files (x86)/atmel/studio/7.0/toolchain/arm/arm-gnu-toolchain/bin/../lib/gcc/arm-none-eabi/6.3.1/../../../../arm-none-eabi/lib/thumb/v7e-m\libc.a(lib_a-mallocr.o)
                0x2000087c                __malloc_sbrk_base
 .data.__malloc_trim_threshold
                0x20000880        0x4 c:/program files (x86)/atmel/studio/7.0/toolchain/arm/arm-gnu-toolchain/bin/../lib/gcc/arm-none-eabi/6.3.1/../../../../arm-none-eabi/lib/thumb/v7e-m\libc.a(lib_a-mallocr.o)
                0x20000880                __malloc_trim_threshold
 .data.__global_locale
                0x20000884      0x16c c:/program files (x86)/atmel/studio/7.0/toolchain/arm/arm-gnu-toolchain/bin/../lib/gcc/arm-none-eabi/6.3.1/../../../../arm-none-eabi/lib/thumb/v7e-m\libc.a(lib_a-locale.o)
                0x20000884                __global_locale
                0x200009f0                . = ALIGN (0x4)
                0x200009f0                _erelocate = .

.bkupram        0x47000000        0x0
                0x47000000                . = ALIGN (0x8)
                0x47000000                _sbkupram = .
 *(.bkupram .bkupram.*)
                0x47000000                . = ALIGN (0x8)
                0x47000000                _ebkupram = .

.qspi           0x04000000        0x0
                0x04000000                . = ALIGN (0x8)
                0x04000000                _sqspi = .
 *(.qspi .qspi.*)
                0x04000000                . = ALIGN (0x8)
                0x04000000                _eqspi = .

.bss            0x200009f0      0x424 load address 0x0000af44
                0x200009f0                . = ALIGN (0x4)
                0x200009f0                _sbss = .
                0x200009f0                _szero = .
 *(.bss .bss.*)
 .bss           0x200009f0       0x1c c:/program files (x86)/atmel/studio/7.0/toolchain/arm/arm-gnu-toolchain/bin/../lib/gcc/arm-none-eabi/6.3.1/thumb/v7e-m/crtbegin.o
 .bss           0x20000a0c        0x4 hal/src/hal_delay.o
 .bss           0x20000a10        0x4 hal/utils/src/utils_syscalls.o
 .bss           0x20000a14        0x4 hpl/tc/hpl_tc.o
 .bss           0x20000a18       0x14 main.o
 .bss.__malloc_current_mallinfo
                0x20000a2c       0x28 c:/program files (x86)/atmel/studio/7.0/toolchain/arm/arm-gnu-toolchain/bin/../lib/gcc/arm-none-eabi/6.3.1/../../../../arm-none-eabi/lib/thumb/v7e-m\libc.a(lib_a-mallocr.o)
                0x20000a2c                __malloc_current_mallinfo
 .bss.__malloc_max_sbrked_mem
                0x20000a54        0x4 c:/program files (x86)/atmel/studio/7.0/toolchain/arm/arm-gnu-toolchain/bin/../lib/gcc/arm-none-eabi/6.3.1/../../../../arm-none-eabi/lib/thumb/v7e-m\libc.a(lib_a-mallocr.o)
                0x20000a54                __malloc_max_sbrked_mem
 .bss.__malloc_max_total_mem
                0x20000a58        0x4 c:/program files (x86)/atmel/studio/7.0/toolchain/arm/arm-gnu-toolchain/bin/../lib/gcc/arm-none-eabi/6.3.1/../../../../arm-none-eabi/lib/thumb/v7e-m\libc.a(lib_a-mallocr.o)
                0x20000a58                __malloc_max_total_mem
 .bss.__malloc_top_pad
                0x20000a5c        0x4 c:/program files (x86)/atmel/studio/7.0/toolchain/arm/arm-gnu-toolchain/bin/../lib/gcc/arm-none-eabi/6.3.1/../../../../arm-none-eabi/lib/thumb/v7e-m\libc.a(lib_a-mallocr.o)
                0x20000a5c                __malloc_top_pad
 *(COMMON)
 COMMON         0x20000a60       0x48 driver_init.o
                0x20000a60                USART_0
                0x20000a6c                I2C_0
                0x20000a8c                TIMER_0
 COMMON         0x20000aa8       0x10 hpl/ramecc/hpl_ramecc.o
                0x20000aa8                device
 COMMON         0x20000ab8      0x331 main.o
                0x20000ab8                new_data
                0x20000abc                sensor7
                0x20000b14                bmx_io
                0x20000b18                axis_flag_t
                0x20000b1c                sensor6
                0x20000b74                sensor3
                0x20000bcc                debug_io
                0x20000bd0                wait_time
                0x20000bd4                sensor9
                0x20000c2c                triggered
                0x20000c30                sensor5
                0x20000c88                sensor4
                0x20000ce0                sensor1
                0x20000d38                sensor8
                0x20000d90                sensor2
                0x20000de8                return_status_t
 *fill*         0x20000de9        0x3 
 COMMON         0x20000dec       0x21 c:/program files (x86)/atmel/studio/7.0/toolchain/arm/arm-gnu-toolchain/bin/../lib/gcc/arm-none-eabi/6.3.1/../../../../arm-none-eabi/lib/thumb/v7e-m\libc.a(lib_a-lock.o)
                0x20000dec                __lock___atexit_recursive_mutex
                0x20000df0                __lock___arc4random_mutex
                0x20000df4                __lock___env_recursive_mutex
                0x20000df8                __lock___sinit_recursive_mutex
                0x20000dfc                __lock___malloc_recursive_mutex
                0x20000e00                __lock___at_quick_exit_mutex
                0x20000e04                __lock___dd_hash_mutex
                0x20000e08                __lock___tz_mutex
                0x20000e0c                __lock___sfp_recursive_mutex
 *fill*         0x20000e0d        0x3 
 COMMON         0x20000e10        0x4 c:/program files (x86)/atmel/studio/7.0/toolchain/arm/arm-gnu-toolchain/bin/../lib/gcc/arm-none-eabi/6.3.1/../../../../arm-none-eabi/lib/thumb/v7e-m\libc.a(lib_a-reent.o)
                0x20000e10                errno
                0x20000e14                . = ALIGN (0x4)
                0x20000e14                _ebss = .
                0x20000e14                _ezero = .

.stack          0x20000e14    0x10004 load address 0x0000b368
                0x20000e18                . = ALIGN (0x8)
 *fill*         0x20000e14        0x4 
                0x20000e18                _sstack = .
                0x20010e18                . = (. + STACK_SIZE)
 *fill*         0x20000e18    0x10000 
                0x20010e18                . = ALIGN (0x8)
                0x20010e18                _estack = .
                0x20010e18                . = ALIGN (0x4)
                0x20010e18                _end = .
OUTPUT(MLX90393_Readout_C.elf elf32-littlearm)

.ARM.attributes
                0x00000000       0x2e
 .ARM.attributes
                0x00000000       0x1e c:/program files (x86)/atmel/studio/7.0/toolchain/arm/arm-gnu-toolchain/bin/../lib/gcc/arm-none-eabi/6.3.1/thumb/v7e-m/crti.o
 .ARM.attributes
                0x0000001e       0x2e c:/program files (x86)/atmel/studio/7.0/toolchain/arm/arm-gnu-toolchain/bin/../lib/gcc/arm-none-eabi/6.3.1/thumb/v7e-m/crtbegin.o
 .ARM.attributes
                0x0000004c       0x37 atmel_start.o
 .ARM.attributes
                0x00000083       0x37 Device_Startup/startup_same54.o
 .ARM.attributes
                0x000000ba       0x37 driver_init.o
 .ARM.attributes
                0x000000f1       0x37 hal/src/hal_atomic.o
 .ARM.attributes
                0x00000128       0x37 hal/src/hal_delay.o
 .ARM.attributes
                0x0000015f       0x37 hal/src/hal_i2c_m_sync.o
 .ARM.attributes
                0x00000196       0x37 hal/src/hal_io.o
 .ARM.attributes
                0x000001cd       0x37 hal/src/hal_timer.o
 .ARM.attributes
                0x00000204       0x37 hal/src/hal_usart_sync.o
 .ARM.attributes
                0x0000023b       0x37 hal/utils/src/utils_assert.o
 .ARM.attributes
                0x00000272       0x37 hal/utils/src/utils_list.o
 .ARM.attributes
                0x000002a9       0x37 hal/utils/src/utils_syscalls.o
 .ARM.attributes
                0x000002e0       0x37 hpl/core/hpl_core_m4.o
 .ARM.attributes
                0x00000317       0x37 hpl/core/hpl_init.o
 .ARM.attributes
                0x0000034e       0x37 hpl/gclk/hpl_gclk.o
 .ARM.attributes
                0x00000385       0x37 hpl/mclk/hpl_mclk.o
 .ARM.attributes
                0x000003bc       0x37 hpl/osc32kctrl/hpl_osc32kctrl.o
 .ARM.attributes
                0x000003f3       0x37 hpl/oscctrl/hpl_oscctrl.o
 .ARM.attributes
                0x0000042a       0x37 hpl/ramecc/hpl_ramecc.o
 .ARM.attributes
                0x00000461       0x37 hpl/sercom/hpl_sercom.o
 .ARM.attributes
                0x00000498       0x37 hpl/systick/hpl_systick.o
 .ARM.attributes
                0x000004cf       0x37 hpl/tc/hpl_tc.o
 .ARM.attributes
                0x00000506       0x37 main.o
 .ARM.attributes
                0x0000053d       0x37 Melexis/MLX90393_microchip.o
 .ARM.attributes
                0x00000574       0x37 Melexis/SensorArray.o
 .ARM.attributes
                0x000005ab       0x1e c:/program files (x86)/atmel/studio/7.0/toolchain/arm/arm-gnu-toolchain/bin/../lib/gcc/arm-none-eabi/6.3.1/thumb/v7e-m\libgcc.a(_arm_addsubdf3.o)
 .ARM.attributes
                0x000005c9       0x1e c:/program files (x86)/atmel/studio/7.0/toolchain/arm/arm-gnu-toolchain/bin/../lib/gcc/arm-none-eabi/6.3.1/thumb/v7e-m\libgcc.a(_arm_muldivdf3.o)
 .ARM.attributes
                0x000005e7       0x1e c:/program files (x86)/atmel/studio/7.0/toolchain/arm/arm-gnu-toolchain/bin/../lib/gcc/arm-none-eabi/6.3.1/thumb/v7e-m\libgcc.a(_aeabi_uldivmod.o)
 .ARM.attributes
                0x00000605       0x2e c:/program files (x86)/atmel/studio/7.0/toolchain/arm/arm-gnu-toolchain/bin/../lib/gcc/arm-none-eabi/6.3.1/thumb/v7e-m\libgcc.a(_udivmoddi4.o)
 .ARM.attributes
                0x00000633       0x1e c:/program files (x86)/atmel/studio/7.0/toolchain/arm/arm-gnu-toolchain/bin/../lib/gcc/arm-none-eabi/6.3.1/thumb/v7e-m\libgcc.a(_dvmd_tls.o)
 .ARM.attributes
                0x00000651       0x2e c:/program files (x86)/atmel/studio/7.0/toolchain/arm/arm-gnu-toolchain/bin/../lib/gcc/arm-none-eabi/6.3.1/../../../../arm-none-eabi/lib/thumb/v7e-m\libc.a(lib_a-impure.o)
 .ARM.attributes
                0x0000067f       0x2e c:/program files (x86)/atmel/studio/7.0/toolchain/arm/arm-gnu-toolchain/bin/../lib/gcc/arm-none-eabi/6.3.1/../../../../arm-none-eabi/lib/thumb/v7e-m\libc.a(lib_a-init.o)
 .ARM.attributes
                0x000006ad       0x2e c:/program files (x86)/atmel/studio/7.0/toolchain/arm/arm-gnu-toolchain/bin/../lib/gcc/arm-none-eabi/6.3.1/../../../../arm-none-eabi/lib/thumb/v7e-m\libc.a(lib_a-memset.o)
 .ARM.attributes
                0x000006db       0x2e c:/program files (x86)/atmel/studio/7.0/toolchain/arm/arm-gnu-toolchain/bin/../lib/gcc/arm-none-eabi/6.3.1/../../../../arm-none-eabi/lib/thumb/v7e-m\libc.a(lib_a-sprintf.o)
 .ARM.attributes
                0x00000709       0x1c c:/program files (x86)/atmel/studio/7.0/toolchain/arm/arm-gnu-toolchain/bin/../lib/gcc/arm-none-eabi/6.3.1/../../../../arm-none-eabi/lib/thumb/v7e-m\libc.a(lib_a-strlen.o)
 .ARM.attributes
                0x00000725       0x2e c:/program files (x86)/atmel/studio/7.0/toolchain/arm/arm-gnu-toolchain/bin/../lib/gcc/arm-none-eabi/6.3.1/../../../../arm-none-eabi/lib/thumb/v7e-m\libc.a(lib_a-svfprintf.o)
 .ARM.attributes
                0x00000753       0x2e c:/program files (x86)/atmel/studio/7.0/toolchain/arm/arm-gnu-toolchain/bin/../lib/gcc/arm-none-eabi/6.3.1/../../../../arm-none-eabi/lib/thumb/v7e-m\libc.a(lib_a-__call_atexit.o)
 .ARM.attributes
                0x00000781       0x2e c:/program files (x86)/atmel/studio/7.0/toolchain/arm/arm-gnu-toolchain/bin/../lib/gcc/arm-none-eabi/6.3.1/../../../../arm-none-eabi/lib/thumb/v7e-m\libc.a(lib_a-atexit.o)
 .ARM.attributes
                0x000007af       0x2e c:/program files (x86)/atmel/studio/7.0/toolchain/arm/arm-gnu-toolchain/bin/../lib/gcc/arm-none-eabi/6.3.1/../../../../arm-none-eabi/lib/thumb/v7e-m\libc.a(lib_a-dtoa.o)
 .ARM.attributes
                0x000007dd       0x2e c:/program files (x86)/atmel/studio/7.0/toolchain/arm/arm-gnu-toolchain/bin/../lib/gcc/arm-none-eabi/6.3.1/../../../../arm-none-eabi/lib/thumb/v7e-m\libc.a(lib_a-fini.o)
 .ARM.attributes
                0x0000080b       0x2e c:/program files (x86)/atmel/studio/7.0/toolchain/arm/arm-gnu-toolchain/bin/../lib/gcc/arm-none-eabi/6.3.1/../../../../arm-none-eabi/lib/thumb/v7e-m\libc.a(lib_a-freer.o)
 .ARM.attributes
                0x00000839       0x2e c:/program files (x86)/atmel/studio/7.0/toolchain/arm/arm-gnu-toolchain/bin/../lib/gcc/arm-none-eabi/6.3.1/../../../../arm-none-eabi/lib/thumb/v7e-m\libc.a(lib_a-localeconv.o)
 .ARM.attributes
                0x00000867       0x2e c:/program files (x86)/atmel/studio/7.0/toolchain/arm/arm-gnu-toolchain/bin/../lib/gcc/arm-none-eabi/6.3.1/../../../../arm-none-eabi/lib/thumb/v7e-m\libc.a(lib_a-lock.o)
 .ARM.attributes
                0x00000895       0x2e c:/program files (x86)/atmel/studio/7.0/toolchain/arm/arm-gnu-toolchain/bin/../lib/gcc/arm-none-eabi/6.3.1/../../../../arm-none-eabi/lib/thumb/v7e-m\libc.a(lib_a-mallocr.o)
 .ARM.attributes
                0x000008c3       0x1c c:/program files (x86)/atmel/studio/7.0/toolchain/arm/arm-gnu-toolchain/bin/../lib/gcc/arm-none-eabi/6.3.1/../../../../arm-none-eabi/lib/thumb/v7e-m\libc.a(lib_a-memchr.o)
 .ARM.attributes
                0x000008df       0x1c c:/program files (x86)/atmel/studio/7.0/toolchain/arm/arm-gnu-toolchain/bin/../lib/gcc/arm-none-eabi/6.3.1/../../../../arm-none-eabi/lib/thumb/v7e-m\libc.a(lib_a-memcpy.o)
 .ARM.attributes
                0x000008fb       0x2e c:/program files (x86)/atmel/studio/7.0/toolchain/arm/arm-gnu-toolchain/bin/../lib/gcc/arm-none-eabi/6.3.1/../../../../arm-none-eabi/lib/thumb/v7e-m\libc.a(lib_a-mlock.o)
 .ARM.attributes
                0x00000929       0x2e c:/program files (x86)/atmel/studio/7.0/toolchain/arm/arm-gnu-toolchain/bin/../lib/gcc/arm-none-eabi/6.3.1/../../../../arm-none-eabi/lib/thumb/v7e-m\libc.a(lib_a-mprec.o)
 .ARM.attributes
                0x00000957       0x2e c:/program files (x86)/atmel/studio/7.0/toolchain/arm/arm-gnu-toolchain/bin/../lib/gcc/arm-none-eabi/6.3.1/../../../../arm-none-eabi/lib/thumb/v7e-m\libc.a(lib_a-sbrkr.o)
 .ARM.attributes
                0x00000985       0x2e c:/program files (x86)/atmel/studio/7.0/toolchain/arm/arm-gnu-toolchain/bin/../lib/gcc/arm-none-eabi/6.3.1/../../../../arm-none-eabi/lib/thumb/v7e-m\libc.a(lib_a-svfiprintf.o)
 .ARM.attributes
                0x000009b3       0x2e c:/program files (x86)/atmel/studio/7.0/toolchain/arm/arm-gnu-toolchain/bin/../lib/gcc/arm-none-eabi/6.3.1/../../../../arm-none-eabi/lib/thumb/v7e-m\libc.a(lib_a-__atexit.o)
 .ARM.attributes
                0x000009e1       0x2e c:/program files (x86)/atmel/studio/7.0/toolchain/arm/arm-gnu-toolchain/bin/../lib/gcc/arm-none-eabi/6.3.1/../../../../arm-none-eabi/lib/thumb/v7e-m\libc.a(lib_a-callocr.o)
 .ARM.attributes
                0x00000a0f       0x2e c:/program files (x86)/atmel/studio/7.0/toolchain/arm/arm-gnu-toolchain/bin/../lib/gcc/arm-none-eabi/6.3.1/../../../../arm-none-eabi/lib/thumb/v7e-m\libc.a(lib_a-locale.o)
 .ARM.attributes
                0x00000a3d       0x2e c:/program files (x86)/atmel/studio/7.0/toolchain/arm/arm-gnu-toolchain/bin/../lib/gcc/arm-none-eabi/6.3.1/../../../../arm-none-eabi/lib/thumb/v7e-m\libc.a(lib_a-mbtowc_r.o)
 .ARM.attributes
                0x00000a6b       0x2e c:/program files (x86)/atmel/studio/7.0/toolchain/arm/arm-gnu-toolchain/bin/../lib/gcc/arm-none-eabi/6.3.1/../../../../arm-none-eabi/lib/thumb/v7e-m\libc.a(lib_a-memmove.o)
 .ARM.attributes
                0x00000a99       0x2e c:/program files (x86)/atmel/studio/7.0/toolchain/arm/arm-gnu-toolchain/bin/../lib/gcc/arm-none-eabi/6.3.1/../../../../arm-none-eabi/lib/thumb/v7e-m\libc.a(lib_a-reallocr.o)
 .ARM.attributes
                0x00000ac7       0x2e c:/program files (x86)/atmel/studio/7.0/toolchain/arm/arm-gnu-toolchain/bin/../lib/gcc/arm-none-eabi/6.3.1/../../../../arm-none-eabi/lib/thumb/v7e-m\libc.a(lib_a-reent.o)
 .ARM.attributes
                0x00000af5       0x2e c:/program files (x86)/atmel/studio/7.0/toolchain/arm/arm-gnu-toolchain/bin/../lib/gcc/arm-none-eabi/6.3.1/../../../../arm-none-eabi/lib/thumb/v7e-m\libc.a(lib_a-wctomb_r.o)
 .ARM.attributes
                0x00000b23       0x2e c:/program files (x86)/atmel/studio/7.0/toolchain/arm/arm-gnu-toolchain/bin/../lib/gcc/arm-none-eabi/6.3.1/../../../../arm-none-eabi/lib/thumb/v7e-m\libc.a(lib_a-ctype_.o)
 .ARM.attributes
                0x00000b51       0x1e c:/program files (x86)/atmel/studio/7.0/toolchain/arm/arm-gnu-toolchain/bin/../lib/gcc/arm-none-eabi/6.3.1/thumb/v7e-m\libgcc.a(_arm_cmpdf2.o)
 .ARM.attributes
                0x00000b6f       0x1e c:/program files (x86)/atmel/studio/7.0/toolchain/arm/arm-gnu-toolchain/bin/../lib/gcc/arm-none-eabi/6.3.1/thumb/v7e-m\libgcc.a(_arm_unorddf2.o)
 .ARM.attributes
                0x00000b8d       0x1e c:/program files (x86)/atmel/studio/7.0/toolchain/arm/arm-gnu-toolchain/bin/../lib/gcc/arm-none-eabi/6.3.1/thumb/v7e-m\libgcc.a(_arm_fixdfsi.o)
 .ARM.attributes
                0x00000bab       0x1e c:/program files (x86)/atmel/studio/7.0/toolchain/arm/arm-gnu-toolchain/bin/../lib/gcc/arm-none-eabi/6.3.1/thumb/v7e-m/crtn.o

.comment        0x00000000       0x59
 .comment       0x00000000       0x59 atmel_start.o
                                 0x5a (size before relaxing)
 .comment       0x00000059       0x5a Device_Startup/startup_same54.o
 .comment       0x00000059       0x5a driver_init.o
 .comment       0x00000059       0x5a hal/src/hal_atomic.o
 .comment       0x00000059       0x5a hal/src/hal_delay.o
 .comment       0x00000059       0x5a hal/src/hal_i2c_m_sync.o
 .comment       0x00000059       0x5a hal/src/hal_io.o
 .comment       0x00000059       0x5a hal/src/hal_timer.o
 .comment       0x00000059       0x5a hal/src/hal_usart_sync.o
 .comment       0x00000059       0x5a hal/utils/src/utils_assert.o
 .comment       0x00000059       0x5a hal/utils/src/utils_list.o
 .comment       0x00000059       0x5a hal/utils/src/utils_syscalls.o
 .comment       0x00000059       0x5a hpl/core/hpl_core_m4.o
 .comment       0x00000059       0x5a hpl/core/hpl_init.o
 .comment       0x00000059       0x5a hpl/gclk/hpl_gclk.o
 .comment       0x00000059       0x5a hpl/mclk/hpl_mclk.o
 .comment       0x00000059       0x5a hpl/osc32kctrl/hpl_osc32kctrl.o
 .comment       0x00000059       0x5a hpl/oscctrl/hpl_oscctrl.o
 .comment       0x00000059       0x5a hpl/ramecc/hpl_ramecc.o
 .comment       0x00000059       0x5a hpl/sercom/hpl_sercom.o
 .comment       0x00000059       0x5a hpl/systick/hpl_systick.o
 .comment       0x00000059       0x5a hpl/tc/hpl_tc.o
 .comment       0x00000059       0x5a main.o
 .comment       0x00000059       0x5a Melexis/MLX90393_microchip.o
 .comment       0x00000059       0x5a Melexis/SensorArray.o

.debug_info     0x00000000    0x1ee0b
 .debug_info    0x00000000      0x449 atmel_start.o
 .debug_info    0x00000449      0xd7c Device_Startup/startup_same54.o
 .debug_info    0x000011c5     0x5420 driver_init.o
 .debug_info    0x000065e5      0x201 hal/src/hal_atomic.o
 .debug_info    0x000067e6      0x1ed hal/src/hal_delay.o
 .debug_info    0x000069d3      0x789 hal/src/hal_i2c_m_sync.o
 .debug_info    0x0000715c      0x268 hal/src/hal_io.o
 .debug_info    0x000073c4      0x99a hal/src/hal_timer.o
 .debug_info    0x00007d5e      0x9c8 hal/src/hal_usart_sync.o
 .debug_info    0x00008726      0x134 hal/utils/src/utils_assert.o
 .debug_info    0x0000885a      0x2fa hal/utils/src/utils_list.o
 .debug_info    0x00008b54      0xdbf hal/utils/src/utils_syscalls.o
 .debug_info    0x00009913      0xbd8 hpl/core/hpl_core_m4.o
 .debug_info    0x0000a4eb      0xbbb hpl/core/hpl_init.o
 .debug_info    0x0000b0a6      0x5b9 hpl/gclk/hpl_gclk.o
 .debug_info    0x0000b65f      0xa4e hpl/mclk/hpl_mclk.o
 .debug_info    0x0000c0ad      0x7d2 hpl/osc32kctrl/hpl_osc32kctrl.o
 .debug_info    0x0000c87f     0x1334 hpl/oscctrl/hpl_oscctrl.o
 .debug_info    0x0000dbb3      0xbd9 hpl/ramecc/hpl_ramecc.o
 .debug_info    0x0000e78c     0x8990 hpl/sercom/hpl_sercom.o
 .debug_info    0x0001711c      0x281 hpl/systick/hpl_systick.o
 .debug_info    0x0001739d     0x261b hpl/tc/hpl_tc.o
 .debug_info    0x000199b8     0x1efc main.o
 .debug_info    0x0001b8b4     0x2303 Melexis/MLX90393_microchip.o
 .debug_info    0x0001dbb7     0x1254 Melexis/SensorArray.o

.debug_abbrev   0x00000000     0x30b2
 .debug_abbrev  0x00000000       0xfb atmel_start.o
 .debug_abbrev  0x000000fb      0x171 Device_Startup/startup_same54.o
 .debug_abbrev  0x0000026c      0x2c6 driver_init.o
 .debug_abbrev  0x00000532      0x157 hal/src/hal_atomic.o
 .debug_abbrev  0x00000689       0xe2 hal/src/hal_delay.o
 .debug_abbrev  0x0000076b      0x164 hal/src/hal_i2c_m_sync.o
 .debug_abbrev  0x000008cf      0x116 hal/src/hal_io.o
 .debug_abbrev  0x000009e5      0x1d0 hal/src/hal_timer.o
 .debug_abbrev  0x00000bb5      0x216 hal/src/hal_usart_sync.o
 .debug_abbrev  0x00000dcb       0x9e hal/utils/src/utils_assert.o
 .debug_abbrev  0x00000e69      0x119 hal/utils/src/utils_list.o
 .debug_abbrev  0x00000f82      0x230 hal/utils/src/utils_syscalls.o
 .debug_abbrev  0x000011b2      0x291 hpl/core/hpl_core_m4.o
 .debug_abbrev  0x00001443      0x1b7 hpl/core/hpl_init.o
 .debug_abbrev  0x000015fa      0x186 hpl/gclk/hpl_gclk.o
 .debug_abbrev  0x00001780      0x1bb hpl/mclk/hpl_mclk.o
 .debug_abbrev  0x0000193b      0x1e7 hpl/osc32kctrl/hpl_osc32kctrl.o
 .debug_abbrev  0x00001b22      0x1f4 hpl/oscctrl/hpl_oscctrl.o
 .debug_abbrev  0x00001d16      0x28f hpl/ramecc/hpl_ramecc.o
 .debug_abbrev  0x00001fa5      0x3e2 hpl/sercom/hpl_sercom.o
 .debug_abbrev  0x00002387      0x13f hpl/systick/hpl_systick.o
 .debug_abbrev  0x000024c6      0x3b7 hpl/tc/hpl_tc.o
 .debug_abbrev  0x0000287d      0x35f main.o
 .debug_abbrev  0x00002bdc      0x22e Melexis/MLX90393_microchip.o
 .debug_abbrev  0x00002e0a      0x2a8 Melexis/SensorArray.o

.debug_loc      0x00000000     0xb692
 .debug_loc     0x00000000       0x2c atmel_start.o
 .debug_loc     0x0000002c       0x64 Device_Startup/startup_same54.o
 .debug_loc     0x00000090      0x940 driver_init.o
 .debug_loc     0x000009d0       0xfc hal/src/hal_atomic.o
 .debug_loc     0x00000acc      0x134 hal/src/hal_delay.o
 .debug_loc     0x00000c00      0x46c hal/src/hal_i2c_m_sync.o
 .debug_loc     0x0000106c       0xe4 hal/src/hal_io.o
 .debug_loc     0x00001150      0x41c hal/src/hal_timer.o
 .debug_loc     0x0000156c      0x594 hal/src/hal_usart_sync.o
 .debug_loc     0x00001b00       0x5c hal/utils/src/utils_assert.o
 .debug_loc     0x00001b5c      0x210 hal/utils/src/utils_list.o
 .debug_loc     0x00001d6c      0x300 hal/utils/src/utils_syscalls.o
 .debug_loc     0x0000206c      0x57c hpl/core/hpl_core_m4.o
 .debug_loc     0x000025e8       0x88 hpl/core/hpl_init.o
 .debug_loc     0x00002670      0x128 hpl/gclk/hpl_gclk.o
 .debug_loc     0x00002798       0xac hpl/mclk/hpl_mclk.o
 .debug_loc     0x00002844      0x278 hpl/osc32kctrl/hpl_osc32kctrl.o
 .debug_loc     0x00002abc      0x3c4 hpl/oscctrl/hpl_oscctrl.o
 .debug_loc     0x00002e80      0x3ac hpl/ramecc/hpl_ramecc.o
 .debug_loc     0x0000322c     0x5e8e hpl/sercom/hpl_sercom.o
 .debug_loc     0x000090ba      0x21c hpl/systick/hpl_systick.o
 .debug_loc     0x000092d6      0xcee hpl/tc/hpl_tc.o
 .debug_loc     0x00009fc4      0x28e main.o
 .debug_loc     0x0000a252     0x1108 Melexis/MLX90393_microchip.o
 .debug_loc     0x0000b35a      0x338 Melexis/SensorArray.o

.debug_aranges  0x00000000     0x1420
 .debug_aranges
                0x00000000       0x20 atmel_start.o
 .debug_aranges
                0x00000020       0x28 Device_Startup/startup_same54.o
 .debug_aranges
                0x00000048      0x118 driver_init.o
 .debug_aranges
                0x00000160       0x30 hal/src/hal_atomic.o
 .debug_aranges
                0x00000190       0x38 hal/src/hal_delay.o
 .debug_aranges
                0x000001c8       0x88 hal/src/hal_i2c_m_sync.o
 .debug_aranges
                0x00000250       0x30 hal/src/hal_io.o
 .debug_aranges
                0x00000280       0x80 hal/src/hal_timer.o
 .debug_aranges
                0x00000300       0xa8 hal/src/hal_usart_sync.o
 .debug_aranges
                0x000003a8       0x20 hal/utils/src/utils_assert.o
 .debug_aranges
                0x000003c8       0x48 hal/utils/src/utils_list.o
 .debug_aranges
                0x00000410       0x60 hal/utils/src/utils_syscalls.o
 .debug_aranges
                0x00000470       0xa8 hpl/core/hpl_core_m4.o
 .debug_aranges
                0x00000518       0x28 hpl/core/hpl_init.o
 .debug_aranges
                0x00000540       0x38 hpl/gclk/hpl_gclk.o
 .debug_aranges
                0x00000578       0x28 hpl/mclk/hpl_mclk.o
 .debug_aranges
                0x000005a0       0x50 hpl/osc32kctrl/hpl_osc32kctrl.o
 .debug_aranges
                0x000005f0       0x70 hpl/oscctrl/hpl_oscctrl.o
 .debug_aranges
                0x00000660       0x70 hpl/ramecc/hpl_ramecc.o
 .debug_aranges
                0x000006d0      0x930 hpl/sercom/hpl_sercom.o
 .debug_aranges
                0x00001000       0x48 hpl/systick/hpl_systick.o
 .debug_aranges
                0x00001048      0x158 hpl/tc/hpl_tc.o
 .debug_aranges
                0x000011a0       0x58 main.o
 .debug_aranges
                0x000011f8      0x1c0 Melexis/MLX90393_microchip.o
 .debug_aranges
                0x000013b8       0x68 Melexis/SensorArray.o

.debug_ranges   0x00000000     0x12a8
 .debug_ranges  0x00000000       0x10 atmel_start.o
 .debug_ranges  0x00000010       0x18 Device_Startup/startup_same54.o
 .debug_ranges  0x00000028      0x108 driver_init.o
 .debug_ranges  0x00000130       0x20 hal/src/hal_atomic.o
 .debug_ranges  0x00000150       0x28 hal/src/hal_delay.o
 .debug_ranges  0x00000178       0x78 hal/src/hal_i2c_m_sync.o
 .debug_ranges  0x000001f0       0x20 hal/src/hal_io.o
 .debug_ranges  0x00000210       0x88 hal/src/hal_timer.o
 .debug_ranges  0x00000298       0x98 hal/src/hal_usart_sync.o
 .debug_ranges  0x00000330       0x10 hal/utils/src/utils_assert.o
 .debug_ranges  0x00000340       0x38 hal/utils/src/utils_list.o
 .debug_ranges  0x00000378       0x50 hal/utils/src/utils_syscalls.o
 .debug_ranges  0x000003c8       0x98 hpl/core/hpl_core_m4.o
 .debug_ranges  0x00000460       0x18 hpl/core/hpl_init.o
 .debug_ranges  0x00000478       0x28 hpl/gclk/hpl_gclk.o
 .debug_ranges  0x000004a0       0x18 hpl/mclk/hpl_mclk.o
 .debug_ranges  0x000004b8       0x40 hpl/osc32kctrl/hpl_osc32kctrl.o
 .debug_ranges  0x000004f8       0x60 hpl/oscctrl/hpl_oscctrl.o
 .debug_ranges  0x00000558       0x60 hpl/ramecc/hpl_ramecc.o
 .debug_ranges  0x000005b8      0x920 hpl/sercom/hpl_sercom.o
 .debug_ranges  0x00000ed8       0x38 hpl/systick/hpl_systick.o
 .debug_ranges  0x00000f10      0x148 hpl/tc/hpl_tc.o
 .debug_ranges  0x00001058       0x48 main.o
 .debug_ranges  0x000010a0      0x1b0 Melexis/MLX90393_microchip.o
 .debug_ranges  0x00001250       0x58 Melexis/SensorArray.o

.debug_macro    0x00000000    0x34c7e
 .debug_macro   0x00000000      0x7b7 atmel_start.o
 .debug_macro   0x000007b7      0x8b0 atmel_start.o
 .debug_macro   0x00001067      0x16d atmel_start.o
 .debug_macro   0x000011d4       0x22 atmel_start.o
 .debug_macro   0x000011f6       0x87 atmel_start.o
 .debug_macro   0x0000127d       0x51 atmel_start.o
 .debug_macro   0x000012ce       0xef atmel_start.o
 .debug_macro   0x000013bd       0x6a atmel_start.o
 .debug_macro   0x00001427      0x1df atmel_start.o
 .debug_macro   0x00001606       0x22 atmel_start.o
 .debug_macro   0x00001628       0x54 atmel_start.o
 .debug_macro   0x0000167c       0x1c atmel_start.o
 .debug_macro   0x00001698       0x22 atmel_start.o
 .debug_macro   0x000016ba       0xdf atmel_start.o
 .debug_macro   0x00001799     0x102d atmel_start.o
 .debug_macro   0x000027c6      0x11f atmel_start.o
 .debug_macro   0x000028e5      0x706 atmel_start.o
 .debug_macro   0x00002feb      0xb5b atmel_start.o
 .debug_macro   0x00003b46      0x3c0 atmel_start.o
 .debug_macro   0x00003f06     0x2d61 atmel_start.o
 .debug_macro   0x00006c67      0x336 atmel_start.o
 .debug_macro   0x00006f9d      0x3b7 atmel_start.o
 .debug_macro   0x00007354      0x668 atmel_start.o
 .debug_macro   0x000079bc     0x143f atmel_start.o
 .debug_macro   0x00008dfb      0x651 atmel_start.o
 .debug_macro   0x0000944c      0x67b atmel_start.o
 .debug_macro   0x00009ac7      0x6d7 atmel_start.o
 .debug_macro   0x0000a19e      0x172 atmel_start.o
 .debug_macro   0x0000a310      0x395 atmel_start.o
 .debug_macro   0x0000a6a5     0x19dd atmel_start.o
 .debug_macro   0x0000c082       0x3a atmel_start.o
 .debug_macro   0x0000c0bc      0x72a atmel_start.o
 .debug_macro   0x0000c7e6      0xb12 atmel_start.o
 .debug_macro   0x0000d2f8      0x5d7 atmel_start.o
 .debug_macro   0x0000d8cf      0xbc0 atmel_start.o
 .debug_macro   0x0000e48f      0x9b9 atmel_start.o
 .debug_macro   0x0000ee48      0x2a3 atmel_start.o
 .debug_macro   0x0000f0eb      0x8cb atmel_start.o
 .debug_macro   0x0000f9b6      0x1ea atmel_start.o
 .debug_macro   0x0000fba0      0x8f4 atmel_start.o
 .debug_macro   0x00010494      0x216 atmel_start.o
 .debug_macro   0x000106aa      0x3f9 atmel_start.o
 .debug_macro   0x00010aa3      0x620 atmel_start.o
 .debug_macro   0x000110c3      0x10d atmel_start.o
 .debug_macro   0x000111d0       0xb8 atmel_start.o
 .debug_macro   0x00011288     0x1df7 atmel_start.o
 .debug_macro   0x0001307f     0x2e69 atmel_start.o
 .debug_macro   0x00015ee8     0x11ed atmel_start.o
 .debug_macro   0x000170d5      0x50e atmel_start.o
 .debug_macro   0x000175e3      0x930 atmel_start.o
 .debug_macro   0x00017f13     0x1ad8 atmel_start.o
 .debug_macro   0x000199eb       0xe7 atmel_start.o
 .debug_macro   0x00019ad2     0x13e6 atmel_start.o
 .debug_macro   0x0001aeb8      0x36a atmel_start.o
 .debug_macro   0x0001b222       0x94 atmel_start.o
 .debug_macro   0x0001b2b6       0xdc atmel_start.o
 .debug_macro   0x0001b392       0xe2 atmel_start.o
 .debug_macro   0x0001b474       0xdc atmel_start.o
 .debug_macro   0x0001b550      0x149 atmel_start.o
 .debug_macro   0x0001b699      0x149 atmel_start.o
 .debug_macro   0x0001b7e2       0x46 atmel_start.o
 .debug_macro   0x0001b828       0x4c atmel_start.o
 .debug_macro   0x0001b874       0xc4 atmel_start.o
 .debug_macro   0x0001b938      0x7d5 atmel_start.o
 .debug_macro   0x0001c10d       0xb8 atmel_start.o
 .debug_macro   0x0001c1c5       0x7c atmel_start.o
 .debug_macro   0x0001c241      0xc20 atmel_start.o
 .debug_macro   0x0001ce61       0x46 atmel_start.o
 .debug_macro   0x0001cea7      0x25b atmel_start.o
 .debug_macro   0x0001d102      0x31a atmel_start.o
 .debug_macro   0x0001d41c      0x170 atmel_start.o
 .debug_macro   0x0001d58c       0x7c atmel_start.o
 .debug_macro   0x0001d608       0xbe atmel_start.o
 .debug_macro   0x0001d6c6       0x4c atmel_start.o
 .debug_macro   0x0001d712       0x82 atmel_start.o
 .debug_macro   0x0001d794      0x1a3 atmel_start.o
 .debug_macro   0x0001d937       0x46 atmel_start.o
 .debug_macro   0x0001d97d       0x6a atmel_start.o
 .debug_macro   0x0001d9e7       0x46 atmel_start.o
 .debug_macro   0x0001da2d       0x88 atmel_start.o
 .debug_macro   0x0001dab5       0x46 atmel_start.o
 .debug_macro   0x0001dafb      0x24e atmel_start.o
 .debug_macro   0x0001dd49       0x1c atmel_start.o
 .debug_macro   0x0001dd65       0x76 atmel_start.o
 .debug_macro   0x0001dddb       0x3a atmel_start.o
 .debug_macro   0x0001de15       0x2e atmel_start.o
 .debug_macro   0x0001de43      0x196 atmel_start.o
 .debug_macro   0x0001dfd9      0x16f atmel_start.o