Archive member included to satisfy reference by file (symbol)

c:/program files (x86)/atmel/studio/7.0/toolchain/arm/arm-gnu-toolchain/bin/../lib/gcc/arm-none-eabi/6.3.1/thumb/v7e-m\libgcc.a(_arm_addsubdf3.o)
                              hpl/sercom/hpl_sercom.o (__aeabi_dsub)
c:/program files (x86)/atmel/studio/7.0/toolchain/arm/arm-gnu-toolchain/bin/../lib/gcc/arm-none-eabi/6.3.1/thumb/v7e-m\libgcc.a(_arm_muldivdf3.o)
                              hpl/sercom/hpl_sercom.o (__aeabi_dmul)
c:/program files (x86)/atmel/studio/7.0/toolchain/arm/arm-gnu-toolchain/bin/../lib/gcc/arm-none-eabi/6.3.1/thumb/v7e-m\libgcc.a(_arm_fixunsdfsi.o)
                              hpl/sercom/hpl_sercom.o (__aeabi_d2uiz)
c:/program files (x86)/atmel/studio/7.0/toolchain/arm/arm-gnu-toolchain/bin/../lib/gcc/arm-none-eabi/6.3.1/thumb/v7e-m\libgcc.a(_aeabi_uldivmod.o)
                              hpl/sercom/hpl_sercom.o (__aeabi_uldivmod)
c:/program files (x86)/atmel/studio/7.0/toolchain/arm/arm-gnu-toolchain/bin/../lib/gcc/arm-none-eabi/6.3.1/thumb/v7e-m\libgcc.a(_udivmoddi4.o)
                              c:/program files (x86)/atmel/studio/7.0/toolchain/arm/arm-gnu-toolchain/bin/../lib/gcc/arm-none-eabi/6.3.1/thumb/v7e-m\libgcc.a(_aeabi_uldivmod.o) (__udivmoddi4)
c:/program files (x86)/atmel/studio/7.0/toolchain/arm/arm-gnu-toolchain/bin/../lib/gcc/arm-none-eabi/6.3.1/thumb/v7e-m\libgcc.a(_dvmd_tls.o)
                              c:/program files (x86)/atmel/studio/7.0/toolchain/arm/arm-gnu-toolchain/bin/../lib/gcc/arm-none-eabi/6.3.1/thumb/v7e-m\libgcc.a(_aeabi_uldivmod.o) (__aeabi_ldiv0)
c:/program files (x86)/atmel/studio/7.0/toolchain/arm/arm-gnu-toolchain/bin/../lib/gcc/arm-none-eabi/6.3.1/../../../../arm-none-eabi/lib/thumb/v7e-m\libc_nano.a(lib_a-exit.o)
                              c:/program files (x86)/atmel/studio/7.0/toolchain/arm/arm-gnu-toolchain/bin/../lib/gcc/arm-none-eabi/6.3.1/../../../../arm-none-eabi/lib/thumb/v7e-m/crt0.o (exit)
c:/program files (x86)/atmel/studio/7.0/toolchain/arm/arm-gnu-toolchain/bin/../lib/gcc/arm-none-eabi/6.3.1/../../../../arm-none-eabi/lib/thumb/v7e-m\libc_nano.a(lib_a-impure.o)
                              c:/program files (x86)/atmel/studio/7.0/toolchain/arm/arm-gnu-toolchain/bin/../lib/gcc/arm-none-eabi/6.3.1/../../../../arm-none-eabi/lib/thumb/v7e-m\libc_nano.a(lib_a-exit.o) (_global_impure_ptr)
c:/program files (x86)/atmel/studio/7.0/toolchain/arm/arm-gnu-toolchain/bin/../lib/gcc/arm-none-eabi/6.3.1/../../../../arm-none-eabi/lib/thumb/v7e-m\libc_nano.a(lib_a-init.o)
                              c:/program files (x86)/atmel/studio/7.0/toolchain/arm/arm-gnu-toolchain/bin/../lib/gcc/arm-none-eabi/6.3.1/../../../../arm-none-eabi/lib/thumb/v7e-m/crt0.o (__libc_init_array)
c:/program files (x86)/atmel/studio/7.0/toolchain/arm/arm-gnu-toolchain/bin/../lib/gcc/arm-none-eabi/6.3.1/../../../../arm-none-eabi/lib/thumb/v7e-m\libc_nano.a(lib_a-memset.o)
                              c:/program files (x86)/atmel/studio/7.0/toolchain/arm/arm-gnu-toolchain/bin/../lib/gcc/arm-none-eabi/6.3.1/../../../../arm-none-eabi/lib/thumb/v7e-m/crt0.o (memset)
c:/program files (x86)/atmel/studio/7.0/toolchain/arm/arm-gnu-toolchain/bin/../lib/gcc/arm-none-eabi/6.3.1/../../../../arm-none-eabi/lib/thumb/v7e-m\libc_nano.a(lib_a-printf.o)
                              hal/utils/src/utils_syscalls.o (printf)
c:/program files (x86)/atmel/studio/7.0/toolchain/arm/arm-gnu-toolchain/bin/../lib/gcc/arm-none-eabi/6.3.1/../../../../arm-none-eabi/lib/thumb/v7e-m\libc_nano.a(lib_a-findfp.o)
                              c:/program files (x86)/atmel/studio/7.0/toolchain/arm/arm-gnu-toolchain/bin/../lib/gcc/arm-none-eabi/6.3.1/../../../../arm-none-eabi/lib/thumb/v7e-m\libc_nano.a(lib_a-printf.o) (__sinit)
c:/program files (x86)/atmel/studio/7.0/toolchain/arm/arm-gnu-toolchain/bin/../lib/gcc/arm-none-eabi/6.3.1/../../../../arm-none-eabi/lib/thumb/v7e-m\libc_nano.a(lib_a-fwalk.o)
                              c:/program files (x86)/atmel/studio/7.0/toolchain/arm/arm-gnu-toolchain/bin/../lib/gcc/arm-none-eabi/6.3.1/../../../../arm-none-eabi/lib/thumb/v7e-m\libc_nano.a(lib_a-findfp.o) (_fwalk)
c:/program files (x86)/atmel/studio/7.0/toolchain/arm/arm-gnu-toolchain/bin/../lib/gcc/arm-none-eabi/6.3.1/../../../../arm-none-eabi/lib/thumb/v7e-m\libc_nano.a(lib_a-nano-mallocr.o)
                              c:/program files (x86)/atmel/studio/7.0/toolchain/arm/arm-gnu-toolchain/bin/../lib/gcc/arm-none-eabi/6.3.1/../../../../arm-none-eabi/lib/thumb/v7e-m\libc_nano.a(lib_a-findfp.o) (_malloc_r)
c:/program files (x86)/atmel/studio/7.0/toolchain/arm/arm-gnu-toolchain/bin/../lib/gcc/arm-none-eabi/6.3.1/../../../../arm-none-eabi/lib/thumb/v7e-m\libc_nano.a(lib_a-nano-vfprintf.o)
                              c:/program files (x86)/atmel/studio/7.0/toolchain/arm/arm-gnu-toolchain/bin/../lib/gcc/arm-none-eabi/6.3.1/../../../../arm-none-eabi/lib/thumb/v7e-m\libc_nano.a(lib_a-printf.o) (_vfprintf_r)
[...]
Memory Configuration

Name             Origin             Length             Attributes
rom              0x00000000         0x00100000         xr
ram              0x20000000         0x00040000         xrw
bkupram          0x47000000         0x00002000         xrw
qspi             0x04000000         0x01000000         xrw
*default*        0x00000000         0xffffffff

Linker script and memory map

LOAD c:/program files (x86)/atmel/studio/7.0/toolchain/arm/arm-gnu-toolchain/bin/../lib/gcc/arm-none-eabi/6.3.1/thumb/v7e-m/crti.o
LOAD c:/program files (x86)/atmel/studio/7.0/toolchain/arm/arm-gnu-toolchain/bin/../lib/gcc/arm-none-eabi/6.3.1/thumb/v7e-m/crtbegin.o
LOAD c:/program files (x86)/atmel/studio/7.0/toolchain/arm/arm-gnu-toolchain/bin/../lib/gcc/arm-none-eabi/6.3.1/../../../../arm-none-eabi/lib/thumb/v7e-m/crt0.o
LOAD atmel_start.o
LOAD Device_Startup/startup_same54.o
LOAD Device_Startup/system_same54.o
LOAD driver_init.o
LOAD examples/driver_examples.o
LOAD hal/src/hal_atomic.o
LOAD hal/src/hal_cache.o
LOAD hal/src/hal_delay.o
LOAD hal/src/hal_gpio.o
LOAD hal/src/hal_i2c_m_sync.o
LOAD hal/src/hal_init.o
LOAD hal/src/hal_io.o
LOAD hal/src/hal_sleep.o
LOAD hal/src/hal_timer.o
LOAD hal/src/hal_usart_sync.o
LOAD hal/utils/src/utils_assert.o
LOAD hal/utils/src/utils_event.o
LOAD hal/utils/src/utils_list.o
LOAD hal/utils/src/utils_syscalls.o
LOAD hpl/cmcc/hpl_cmcc.o
LOAD hpl/core/hpl_core_m4.o
LOAD hpl/core/hpl_init.o
LOAD hpl/dmac/hpl_dmac.o
LOAD hpl/gclk/hpl_gclk.o
LOAD hpl/mclk/hpl_mclk.o
LOAD hpl/osc32kctrl/hpl_osc32kctrl.o
LOAD hpl/oscctrl/hpl_oscctrl.o
LOAD hpl/pm/hpl_pm.o
LOAD hpl/ramecc/hpl_ramecc.o
LOAD hpl/sercom/hpl_sercom.o
LOAD hpl/systick/hpl_systick.o
LOAD hpl/tc/hpl_tc.o
LOAD main.o
LOAD Melexis/MLX90393_microchip.o
LOAD Melexis/SensorArray.o
START GROUP
LOAD c:/program files (x86)/atmel/studio/7.0/toolchain/arm/arm-gnu-toolchain/bin/../lib/gcc/arm-none-eabi/6.3.1/../../../../arm-none-eabi/lib/thumb/v7e-m\libm.a
END GROUP
START GROUP
LOAD c:/program files (x86)/atmel/studio/7.0/toolchain/arm/arm-gnu-toolchain/bin/../lib/gcc/arm-none-eabi/6.3.1/thumb/v7e-m\libgcc.a
LOAD c:/program files (x86)/atmel/studio/7.0/toolchain/arm/arm-gnu-toolchain/bin/../lib/gcc/arm-none-eabi/6.3.1/../../../../arm-none-eabi/lib/thumb/v7e-m\libc_nano.a
END GROUP
START GROUP
LOAD c:/program files (x86)/atmel/studio/7.0/toolchain/arm/arm-gnu-toolchain/bin/../lib/gcc/arm-none-eabi/6.3.1/thumb/v7e-m\libgcc.a
LOAD c:/program files (x86)/atmel/studio/7.0/toolchain/arm/arm-gnu-toolchain/bin/../lib/gcc/arm-none-eabi/6.3.1/../../../../arm-none-eabi/lib/thumb/v7e-m\libc_nano.a
END GROUP
LOAD c:/program files (x86)/atmel/studio/7.0/toolchain/arm/arm-gnu-toolchain/bin/../lib/gcc/arm-none-eabi/6.3.1/thumb/v7e-m/crtend.o
LOAD c:/program files (x86)/atmel/studio/7.0/toolchain/arm/arm-gnu-toolchain/bin/../lib/gcc/arm-none-eabi/6.3.1/thumb/v7e-m/crtn.o
                0x00010000                STACK_SIZE = DEFINED (STACK_SIZE)?STACK_SIZE:DEFINED (__stack_size__)?__stack_size__:0x10000

.text           0x00000000     0x2044
                0x00000000                . = ALIGN (0x4)
                0x00000000                _sfixed = .
 *(.vectors .vectors.*)
 .vectors       0x00000000      0x264 Device_Startup/startup_same54.o
                0x00000000                exception_table
 *(.text .text.* .gnu.linkonce.t.*)
 .text          0x00000264       0x6c c:/program files (x86)/atmel/studio/7.0/toolchain/arm/arm-gnu-toolchain/bin/../lib/gcc/arm-none-eabi/6.3.1/thumb/v7e-m/crtbegin.o
 .text.atmel_start_init
                0x000002d0        0x8 atmel_start.o
                0x000002d0                atmel_start_init
 .text.Dummy_Handler
                0x000002d8        0x2 Device_Startup/startup_same54.o
                0x000002d8                EIC_5_Handler
                0x000002d8                SVCall_Handler
                0x000002d8                SERCOM0_2_Handler
                0x000002d8                EIC_13_Handler
                0x000002d8                EVSYS_0_Handler
                0x000002d8                TCC1_3_Handler
                0x000002d8                DAC_3_Handler
                0x000002d8                TRNG_Handler
                0x000002d8                HardFault_Handler
                0x000002d8                TC2_Handler
                0x000002d8                PDEC_2_Handler
                0x000002d8                EIC_4_Handler
                0x000002d8                AC_Handler
                0x000002d8                SERCOM3_1_Handler
                0x000002d8                SysTick_Handler
                0x000002d8                TCC2_3_Handler
                0x000002d8                SERCOM3_2_Handler
                0x000002d8                PendSV_Handler
                0x000002d8                TC7_Handler
                0x000002d8                ADC1_1_Handler
                0x000002d8                EVSYS_3_Handler
                0x000002d8                PDEC_0_Handler
                0x000002d8                QSPI_Handler
                0x000002d8                NonMaskableInt_Handler
                0x000002d8                TCC0_0_Handler
                0x000002d8                EIC_3_Handler
                0x000002d8                MemManagement_Handler
                0x000002d8                DAC_2_Handler
                0x000002d8                SERCOM0_0_Handler
                0x000002d8                RTC_Handler
                0x000002d8                UsageFault_Handler
                0x000002d8                SERCOM4_0_Handler
                0x000002d8                EIC_10_Handler
                0x000002d8                SERCOM0_3_Handler
                0x000002d8                EIC_11_Handler
                0x000002d8                EIC_9_Handler
                0x000002d8                OSC32KCTRL_Handler
                0x000002d8                TCC2_1_Handler
                0x000002d8                SUPC_1_Handler
                0x000002d8                TCC0_5_Handler
                0x000002d8                TCC0_6_Handler
                0x000002d8                SERCOM6_2_Handler
                0x000002d8                EVSYS_1_Handler
                0x000002d8                TCC1_4_Handler
                0x000002d8                TC6_Handler
                0x000002d8                DMAC_0_Handler
                0x000002d8                WDT_Handler
                0x000002d8                CAN0_Handler
                0x000002d8                EIC_8_Handler
                0x000002d8                EIC_15_Handler
                0x000002d8                SERCOM6_0_Handler
                0x000002d8                SERCOM5_0_Handler
                0x000002d8                TC4_Handler
                0x000002d8                TC1_Handler
                0x000002d8                OSCCTRL_4_Handler
                0x000002d8                SERCOM4_3_Handler
                0x000002d8                EIC_12_Handler
                0x000002d8                DMAC_4_Handler
                0x000002d8                TCC4_2_Handler
                0x000002d8                PAC_Handler
                0x000002d8                TCC1_0_Handler
                0x000002d8                USB_0_Handler
                0x000002d8                OSCCTRL_0_Handler
                0x000002d8                EIC_0_Handler
                0x000002d8                OSCCTRL_3_Handler
                0x000002d8                SERCOM4_1_Handler
                0x000002d8                Dummy_Handler
                0x000002d8                TCC3_0_Handler
                0x000002d8                TCC2_2_Handler
                0x000002d8                SERCOM5_1_Handler
                0x000002d8                TCC1_1_Handler
                0x000002d8                DMAC_2_Handler
                0x000002d8                ADC0_0_Handler
                0x000002d8                SERCOM0_1_Handler
                0x000002d8                OSCCTRL_2_Handler
                0x000002d8                ADC1_0_Handler
                0x000002d8                TCC1_2_Handler
                0x000002d8                SERCOM7_1_Handler
                0x000002d8                USB_1_Handler
                0x000002d8                PM_Handler
                0x000002d8                SERCOM6_3_Handler
                0x000002d8                SERCOM2_3_Handler
                0x000002d8                DAC_4_Handler
                0x000002d8                TCC3_2_Handler
                0x000002d8                SERCOM7_0_Handler
                0x000002d8                TCC0_2_Handler
                0x000002d8                DMAC_1_Handler
                0x000002d8                TCC4_0_Handler
                0x000002d8                SERCOM7_3_Handler
                0x000002d8                GMAC_Handler
                0x000002d8                SDHC1_Handler
                0x000002d8                USB_3_Handler
                0x000002d8                SERCOM7_2_Handler
                0x000002d8                CAN1_Handler
                0x000002d8                TCC2_0_Handler
                0x000002d8                PDEC_1_Handler
                0x000002d8                TCC4_1_Handler
                0x000002d8                SERCOM5_3_Handler
                0x000002d8                USB_2_Handler
                0x000002d8                SERCOM6_1_Handler
                0x000002d8                SDHC0_Handler
                0x000002d8                SERCOM1_1_Handler
                0x000002d8                I2S_Handler
                0x000002d8                EIC_2_Handler
                0x000002d8                PCC_Handler
                0x000002d8                DAC_0_Handler
                0x000002d8                TCC0_1_Handler
                0x000002d8                SERCOM1_3_Handler
                0x000002d8                EIC_6_Handler
                0x000002d8                OSCCTRL_1_Handler
                0x000002d8                SERCOM1_0_Handler
                0x000002d8                PUKCC_Handler
                0x000002d8                SERCOM2_1_Handler
                0x000002d8                SERCOM1_2_Handler
                0x000002d8                SERCOM3_0_Handler
                0x000002d8                EIC_1_Handler
                0x000002d8                SERCOM4_2_Handler
                0x000002d8                EVSYS_4_Handler
                0x000002d8                EIC_7_Handler
                0x000002d8                NVMCTRL_1_Handler
                0x000002d8                SERCOM5_2_Handler
                0x000002d8                SERCOM3_3_Handler
                0x000002d8                ADC0_1_Handler
                0x000002d8                SERCOM2_2_Handler
                0x000002d8                TCC3_1_Handler
                0x000002d8                EIC_14_Handler
                0x000002d8                DAC_1_Handler
                0x000002d8                NVMCTRL_0_Handler
                0x000002d8                MCLK_Handler
                0x000002d8                EVSYS_2_Handler
                0x000002d8                SUPC_0_Handler
                0x000002d8                BusFault_Handler
                0x000002d8                FREQM_Handler
                0x000002d8                TC0_Handler
                0x000002d8                TCC0_3_Handler
                0x000002d8                DMAC_3_Handler
                0x000002d8                DebugMonitor_Handler
                0x000002d8                TCC0_4_Handler
                0x000002d8                TC5_Handler
                0x000002d8                SERCOM2_0_Handler
                0x000002d8                AES_Handler
                0x000002d8                ICM_Handler
 *fill*         0x000002da        0x2 
 .text.Reset_Handler
                0x000002dc       0x78 Device_Startup/startup_same54.o
                0x000002dc                Reset_Handler
 .text._gpio_set_pin_function
                0x00000354       0x68 driver_init.o
 .text.USART_0_PORT_init
                0x000003bc       0x24 driver_init.o
                0x000003bc                USART_0_PORT_init
 .text.USART_0_CLOCK_init
                0x000003e0       0x24 driver_init.o
                0x000003e0                USART_0_CLOCK_init
 .text.USART_0_init
                0x00000404       0x2c driver_init.o
                0x00000404                USART_0_init
 .text.I2C_0_PORT_init
                0x00000430       0x40 driver_init.o
                0x00000430                I2C_0_PORT_init
 .text.I2C_0_CLOCK_init
                0x00000470       0x24 driver_init.o
                0x00000470                I2C_0_CLOCK_init
 .text.I2C_0_init
                0x00000494       0x2c driver_init.o
                0x00000494                I2C_0_init
 .text.delay_driver_init
                0x000004c0       0x10 driver_init.o
                0x000004c0                delay_driver_init
 .text.system_init
                0x000004d0       0xb4 driver_init.o
                0x000004d0                system_init
 .text.atomic_enter_critical
                0x00000584        0xe hal/src/hal_atomic.o
                0x00000584                atomic_enter_critical
 .text.atomic_leave_critical
                0x00000592        0xc hal/src/hal_atomic.o
                0x00000592                atomic_leave_critical
 *fill*         0x0000059e        0x2 
 .text.delay_init
                0x000005a0       0x10 hal/src/hal_delay.o
                0x000005a0                delay_init
 .text.delay_us
                0x000005b0       0x24 hal/src/hal_delay.o
                0x000005b0                delay_us
 .text.delay_ms
                0x000005d4       0x24 hal/src/hal_delay.o
                0x000005d4                delay_ms
 .text.i2c_m_sync_write
                0x000005f8       0x2c hal/src/hal_i2c_m_sync.o
 .text.i2c_m_sync_read
                0x00000624       0x2c hal/src/hal_i2c_m_sync.o
 .text.i2c_m_sync_init
                0x00000650       0x20 hal/src/hal_i2c_m_sync.o
                0x00000650                i2c_m_sync_init
 .text.i2c_m_sync_enable
                0x00000670        0x8 hal/src/hal_i2c_m_sync.o
                0x00000670                i2c_m_sync_enable
 .text.i2c_m_sync_set_slaveaddr
                0x00000678       0x10 hal/src/hal_i2c_m_sync.o
                0x00000678                i2c_m_sync_set_slaveaddr
 .text.i2c_m_sync_get_io_descriptor
                0x00000688        0x8 hal/src/hal_i2c_m_sync.o
                0x00000688                i2c_m_sync_get_io_descriptor
 .text.io_write
                0x00000690        0x4 hal/src/hal_io.o
                0x00000690                io_write
 .text.io_read  0x00000694        0x4 hal/src/hal_io.o
                0x00000694                io_read
 .text.timer_add_timer_task
                0x00000698       0x4c hal/src/hal_timer.o
 .text.timer_process_counted
                0x000006e4       0x6c hal/src/hal_timer.o
 .text.timer_init
                0x00000750       0x1c hal/src/hal_timer.o
                0x00000750                timer_init
 .text.timer_start
                0x0000076c       0x24 hal/src/hal_timer.o
                0x0000076c                timer_start
 .text.timer_stop
                0x00000790       0x24 hal/src/hal_timer.o
                0x00000790                timer_stop
 .text.timer_add_task
                0x000007b4       0x7c hal/src/hal_timer.o
                0x000007b4                timer_add_task
 .text.usart_sync_write
                0x00000830       0x50 hal/src/hal_usart_sync.o
 .text.usart_sync_read
                0x00000880       0x38 hal/src/hal_usart_sync.o
 .text.usart_sync_init
                0x000008b8       0x24 hal/src/hal_usart_sync.o
                0x000008b8                usart_sync_init
 .text.usart_sync_enable
                0x000008dc       0x10 hal/src/hal_usart_sync.o
                0x000008dc                usart_sync_enable
 .text.usart_sync_get_io_descriptor
                0x000008ec        0x6 hal/src/hal_usart_sync.o
                0x000008ec                usart_sync_get_io_descriptor
 .text.is_list_element
                0x000008f2        0xe hal/utils/src/utils_list.o
                0x000008f2                is_list_element
 .text.list_insert_as_head
                0x00000900        0x8 hal/utils/src/utils_list.o
                0x00000900                list_insert_as_head
 .text.list_insert_after
                0x00000908        0x8 hal/utils/src/utils_list.o
                0x00000908                list_insert_after
 .text.list_remove_head
                0x00000910        0xc hal/utils/src/utils_list.o
                0x00000910                list_remove_head
 .text._irq_set
                0x0000091c       0x1c hpl/core/hpl_core_m4.o
                0x0000091c                _irq_set
 .text._get_cycles_for_us
                0x00000938       0x10 hpl/core/hpl_core_m4.o
                0x00000938                _get_cycles_for_us
 .text._get_cycles_for_ms
                0x00000948        0x8 hpl/core/hpl_core_m4.o
                0x00000948                _get_cycles_for_ms
 .text._init_chip
                0x00000950       0x44 hpl/core/hpl_init.o
                0x00000950                _init_chip
 .text._gclk_init_generators_by_fref
                0x00000994       0x50 hpl/gclk/hpl_gclk.o
                0x00000994                _gclk_init_generators_by_fref
 .text._mclk_init
                0x000009e4        0xc hpl/mclk/hpl_mclk.o
                0x000009e4                _mclk_init
 .text._osc32kctrl_init_sources
                0x000009f0       0x20 hpl/osc32kctrl/hpl_osc32kctrl.o
                0x000009f0                _osc32kctrl_init_sources
 .text._oscctrl_init_sources
                0x00000a10       0x24 hpl/oscctrl/hpl_oscctrl.o
                0x00000a10                _oscctrl_init_sources
 .text._oscctrl_init_referenced_generators
                0x00000a34       0x38 hpl/oscctrl/hpl_oscctrl.o
                0x00000a34                _oscctrl_init_referenced_generators
 .text.RAMECC_Handler
                0x00000a6c       0x3c hpl/ramecc/hpl_ramecc.o
                0x00000a6c                RAMECC_Handler
 .text.hri_sercomi2cm_wait_for_sync
                0x00000aa8        0x8 hpl/sercom/hpl_sercom.o
 .text.hri_sercomusart_wait_for_sync
                0x00000ab0        0x8 hpl/sercom/hpl_sercom.o
 .text.hri_sercomi2cm_clear_CTRLA_ENABLE_bit
                0x00000ab8       0x14 hpl/sercom/hpl_sercom.o
 .text.hri_sercomusart_clear_CTRLA_ENABLE_bit
                0x00000acc       0x14 hpl/sercom/hpl_sercom.o
 .text._sercom_get_hardware_index
                0x00000ae0       0x34 hpl/sercom/hpl_sercom.o
 .text._get_i2cm_index
                0x00000b14       0x14 hpl/sercom/hpl_sercom.o
 .text._i2c_m_enable_implementation
                0x00000b28       0x4c hpl/sercom/hpl_sercom.o
 .text._sercom_i2c_send_stop
                0x00000b74       0x14 hpl/sercom/hpl_sercom.o
 .text._sercom_i2c_sync_analyse_flags
                0x00000b88      0x16c hpl/sercom/hpl_sercom.o
 .text._i2c_m_sync_init_impl
                0x00000cf4       0xac hpl/sercom/hpl_sercom.o
 .text._usart_init
                0x00000da0       0x6c hpl/sercom/hpl_sercom.o
 .text._usart_sync_init
                0x00000e0c        0xc hpl/sercom/hpl_sercom.o
                0x00000e0c                _usart_sync_init
 .text._usart_sync_enable
                0x00000e18       0x14 hpl/sercom/hpl_sercom.o
                0x00000e18                _usart_sync_enable
 .text._usart_sync_write_byte
                0x00000e2c        0x6 hpl/sercom/hpl_sercom.o
                0x00000e2c                _usart_sync_write_byte
 .text._usart_sync_read_byte
                0x00000e32        0x8 hpl/sercom/hpl_sercom.o
                0x00000e32                _usart_sync_read_byte
 .text._usart_sync_is_ready_to_send
                0x00000e3a        0xa hpl/sercom/hpl_sercom.o
                0x00000e3a                _usart_sync_is_ready_to_send
 .text._usart_sync_is_transmit_done
                0x00000e44        0xa hpl/sercom/hpl_sercom.o
                0x00000e44                _usart_sync_is_transmit_done
 .text._usart_sync_is_byte_received
                0x00000e4e        0xa hpl/sercom/hpl_sercom.o
                0x00000e4e                _usart_sync_is_byte_received
 .text._i2c_m_sync_init
                0x00000e58        0xc hpl/sercom/hpl_sercom.o
                0x00000e58                _i2c_m_sync_init
 .text._i2c_m_sync_enable
                0x00000e64        0xc hpl/sercom/hpl_sercom.o
                0x00000e64                _i2c_m_sync_enable
 .text._i2c_m_sync_transfer
                0x00000e70      0x140 hpl/sercom/hpl_sercom.o
                0x00000e70                _i2c_m_sync_transfer
 .text._delay_init
                0x00000fb0       0x14 hpl/systick/hpl_systick.o
                0x00000fb0                _delay_init
 .text._delay_cycles
                0x00000fc4       0x38 hpl/systick/hpl_systick.o
                0x00000fc4                _delay_cycles
 .text.__NVIC_DisableIRQ
                0x00000ffc       0x28 hpl/tc/hpl_tc.o
 .text.hri_tc_wait_for_sync
                0x00001024        0x8 hpl/tc/hpl_tc.o
 .text.get_tc_index
                0x0000102c       0x3c hpl/tc/hpl_tc.o
 .text._timer_init
                0x00001068      0x120 hpl/tc/hpl_tc.o
                0x00001068                _timer_init
 .text._timer_start
                0x00001188       0x14 hpl/tc/hpl_tc.o
                0x00001188                _timer_start
 .text._timer_stop
                0x0000119c       0x14 hpl/tc/hpl_tc.o
                0x0000119c                _timer_stop
 .text._timer_is_started
                0x000011b0       0x18 hpl/tc/hpl_tc.o
                0x000011b0                _timer_is_started
 .text._tc_get_timer
                0x000011c8        0x4 hpl/tc/hpl_tc.o
                0x000011c8                _tc_get_timer
 .text._timer_set_irq
                0x000011cc       0x28 hpl/tc/hpl_tc.o
                0x000011cc                _timer_set_irq
 .text.TC3_Handler
                0x000011f4       0x1c hpl/tc/hpl_tc.o
                0x000011f4                TC3_Handler
 .text.TIMER_task1_cb
                0x00001210       0x74 main.o
 .text.TIMER_init
                0x00001284       0x24 main.o
                0x00001284                TIMER_init
 .text.startup.main
                0x000012a8      0x1e4 main.o
                0x000012a8                main
 .text.initialize
                0x0000148c       0x68 Melexis/MLX90393_microchip.o
                0x0000148c                initialize
 .text.select_prefix
                0x000014f4       0x22 Melexis/MLX90393_microchip.o
                0x000014f4                select_prefix
 *fill*         0x00001516        0x2 
 .text.i2c_m_sync_cmd_write_easy
                0x00001518       0x40 Melexis/MLX90393_microchip.o
                0x00001518                i2c_m_sync_cmd_write_easy
 .text.sendCommand
                0x00001558       0x38 Melexis/MLX90393_microchip.o
                0x00001558                sendCommand
 .text.i2c_m_sync_reg_read_easy
                0x00001590       0x40 Melexis/MLX90393_microchip.o
                0x00001590                i2c_m_sync_reg_read_easy
 .text.i2c_m_sync_reg_write_easy
                0x000015d0       0x44 Melexis/MLX90393_microchip.o
                0x000015d0                i2c_m_sync_reg_write_easy
 .text.cache_invalidate_address
                0x00001614       0x16 Melexis/MLX90393_microchip.o
                0x00001614                cache_invalidate_address
 .text.cache_set
                0x0000162a       0x1c Melexis/MLX90393_microchip.o
                0x0000162a                cache_set
 *fill*         0x00001646        0x2 
 .text.readRegister
                0x00001648       0x64 Melexis/MLX90393_microchip.o
                0x00001648                readRegister
 .text.writeRegister
                0x000016ac       0x64 Melexis/MLX90393_microchip.o
                0x000016ac                writeRegister
 .text.cache_fill
                0x00001710       0x4c Melexis/MLX90393_microchip.o
                0x00001710                cache_fill
 .text.reset    0x0000175c       0x24 Melexis/MLX90393_microchip.o
                0x0000175c                reset
 .text.setGainSel
                0x00001780       0x50 Melexis/MLX90393_microchip.o
                0x00001780                setGainSel
 .text.setResolution
                0x000017d0       0x58 Melexis/MLX90393_microchip.o
                0x000017d0                setResolution
 .text.setOverSampling
                0x00001828       0x48 Melexis/MLX90393_microchip.o
                0x00001828                setOverSampling
 .text.setDigitalFiltering
                0x00001870       0x4c Melexis/MLX90393_microchip.o
                0x00001870                setDigitalFiltering
 .text.setTemperatureCompensation
                0x000018bc       0x4c Melexis/MLX90393_microchip.o
                0x000018bc                setTemperatureCompensation
 .text.setExtTrig
                0x00001908       0x4c Melexis/MLX90393_microchip.o
                0x00001908                setExtTrig
 .text.exit_command
                0x00001954        0xc Melexis/MLX90393_microchip.o
                0x00001954                exit_command
 .text.begin    0x00001960       0xbc Melexis/MLX90393_microchip.o
                0x00001960                begin
 .text.startMeasurement
                0x00001a1c       0x2c Melexis/MLX90393_microchip.o
                0x00001a1c                startMeasurement
 .text.readMeasurement
                0x00001a48       0xf0 Melexis/MLX90393_microchip.o
                0x00001a48                readMeasurement
 .text.convertRaw
                0x00001b38      0x2ec Melexis/MLX90393_microchip.o
                0x00001b38                convertRaw
 .text.convDelayMicro
                0x00001e24       0x28 Melexis/MLX90393_microchip.o
                0x00001e24                convDelayMicro
 .text.checkStatus
                0x00001e4c        0x8 Melexis/MLX90393_microchip.o
                0x00001e4c                checkStatus
 .text.triggerInitialize
                0x00001e54       0x24 Melexis/SensorArray.o
                0x00001e54                triggerInitialize
 .text.triggerSensor
                0x00001e78       0x18 Melexis/SensorArray.o
                0x00001e78                triggerSensor
 .text.triggerReadout_Prepare_Timer
                0x00001e90        0x8 Melexis/SensorArray.o
                0x00001e90                triggerReadout_Prepare_Timer
 .text.triggerReadout
                0x00001e98       0x2c Melexis/SensorArray.o
                0x00001e98                triggerReadout
 .text.triggerReadoutArray
                0x00001ec4       0xac Melexis/SensorArray.o
                0x00001ec4                triggerReadoutArray
 .text.__libc_init_array
                0x00001f70       0x48 c:/program files (x86)/atmel/studio/7.0/toolchain/arm/arm-gnu-toolchain/bin/../lib/gcc/arm-none-eabi/6.3.1/../../../../arm-none-eabi/lib/thumb/v7e-m\libc_nano.a(lib_a-init.o)
                0x00001f70                __libc_init_array
 *(.glue_7t)
 .glue_7t       0x00001fb8        0x0 linker stubs
 *(.glue_7)
 .glue_7        0x00001fb8        0x0 linker stubs
 *(.rodata .rodata* .gnu.linkonce.r.*)
 .rodata        0x00001fb8       0x38 hpl/sercom/hpl_sercom.o
 .rodata        0x00001ff0       0x34 hpl/tc/hpl_tc.o
 *(.ARM.extab* .gnu.linkonce.armextab.*)
                0x00002024                . = ALIGN (0x4)
 *(.init)
 .init          0x00002024        0x4 c:/program files (x86)/atmel/studio/7.0/toolchain/arm/arm-gnu-toolchain/bin/../lib/gcc/arm-none-eabi/6.3.1/thumb/v7e-m/crti.o
                0x00002024                _init
 .init          0x00002028        0x8 c:/program files (x86)/atmel/studio/7.0/toolchain/arm/arm-gnu-toolchain/bin/../lib/gcc/arm-none-eabi/6.3.1/thumb/v7e-m/crtn.o
                0x00002030                . = ALIGN (0x4)
                0x00002030                __preinit_array_start = .
 *(.preinit_array)
                0x00002030                __preinit_array_end = .
                0x00002030                . = ALIGN (0x4)
                0x00002030                __init_array_start = .
 *(SORT(.init_array.*))
 *(.init_array)
 .init_array    0x00002030        0x4 c:/program files (x86)/atmel/studio/7.0/toolchain/arm/arm-gnu-toolchain/bin/../lib/gcc/arm-none-eabi/6.3.1/thumb/v7e-m/crtbegin.o
                0x00002034                __init_array_end = .
                0x00002034                . = ALIGN (0x4)
 *crtbegin.o(.ctors)
 *(EXCLUDE_FILE(*crtend.o) .ctors)
 *(SORT(.ctors.*))
 *crtend.o(.ctors)
                0x00002034                . = ALIGN (0x4)
 *(.fini)
 .fini          0x00002034        0x4 c:/program files (x86)/atmel/studio/7.0/toolchain/arm/arm-gnu-toolchain/bin/../lib/gcc/arm-none-eabi/6.3.1/thumb/v7e-m/crti.o
                0x00002034                _fini
 .fini          0x00002038        0x8 c:/program files (x86)/atmel/studio/7.0/toolchain/arm/arm-gnu-toolchain/bin/../lib/gcc/arm-none-eabi/6.3.1/thumb/v7e-m/crtn.o
                0x00002040                . = ALIGN (0x4)
                0x00002040                __fini_array_start = .
 *(.fini_array)
 .fini_array    0x00002040        0x4 c:/program files (x86)/atmel/studio/7.0/toolchain/arm/arm-gnu-toolchain/bin/../lib/gcc/arm-none-eabi/6.3.1/thumb/v7e-m/crtbegin.o
 *(SORT(.fini_array.*))
                0x00002044                __fini_array_end = .
 *crtbegin.o(.dtors)
 *(EXCLUDE_FILE(*crtend.o) .dtors)
 *(SORT(.dtors.*))
 *crtend.o(.dtors)
                0x00002044                . = ALIGN (0x4)
                0x00002044                _efixed = .
                [!provide]                PROVIDE (__exidx_start, .)

.vfp11_veneer   0x00002044        0x0
 .vfp11_veneer  0x00002044        0x0 linker stubs

.v4_bx          0x00002044        0x0
 .v4_bx         0x00002044        0x0 linker stubs

.iplt           0x00002044        0x0
 .iplt          0x00002044        0x0 c:/program files (x86)/atmel/studio/7.0/toolchain/arm/arm-gnu-toolchain/bin/../lib/gcc/arm-none-eabi/6.3.1/thumb/v7e-m/crtbegin.o

.eh_frame       0x00002044        0x0
 .eh_frame      0x00002044        0x0 c:/program files (x86)/atmel/studio/7.0/toolchain/arm/arm-gnu-toolchain/bin/../lib/gcc/arm-none-eabi/6.3.1/thumb/v7e-m/crtbegin.o

.rel.dyn        0x00002044        0x0
 .rel.iplt      0x00002044        0x0 c:/program files (x86)/atmel/studio/7.0/toolchain/arm/arm-gnu-toolchain/bin/../lib/gcc/arm-none-eabi/6.3.1/thumb/v7e-m/crtbegin.o

.jcr            0x00002044        0x0
 .jcr           0x00002044        0x0 c:/program files (x86)/atmel/studio/7.0/toolchain/arm/arm-gnu-toolchain/bin/../lib/gcc/arm-none-eabi/6.3.1/thumb/v7e-m/crtbegin.o

.igot.plt       0x00002044        0x0
 .igot.plt      0x00002044        0x0 c:/program files (x86)/atmel/studio/7.0/toolchain/arm/arm-gnu-toolchain/bin/../lib/gcc/arm-none-eabi/6.3.1/thumb/v7e-m/crtbegin.o

.ARM.exidx
 *(.ARM.exidx* .gnu.linkonce.armexidx.*)
                [!provide]                PROVIDE (__exidx_end, .)
                0x00002044                . = ALIGN (0x4)
                0x00002044                _etext = .

.relocate       0x20000000        0x0 load address 0x00002044
                0x20000000                . = ALIGN (0x4)
                0x20000000                _srelocate = .
 *(.ramfunc .ramfunc.*)
 *(.data .data.*)
                0x20000000                . = ALIGN (0x4)
                0x20000000                _erelocate = .

.bkupram        0x47000000        0x0
                0x47000000                . = ALIGN (0x8)
                0x47000000                _sbkupram = .
 *(.bkupram .bkupram.*)
                0x47000000                . = ALIGN (0x8)
                0x47000000                _ebkupram = .

.qspi           0x04000000        0x0
                0x04000000                . = ALIGN (0x8)
                0x04000000                _sqspi = .
 *(.qspi .qspi.*)
                0x04000000                . = ALIGN (0x8)
                0x04000000                _eqspi = .

.bss            0x20000000      0x3c4
                0x20000000                . = ALIGN (0x4)
                0x20000000                _sbss = .
                0x20000000                _szero = .
 *(.bss .bss.*)
 .bss           0x20000000       0x1c c:/program files (x86)/atmel/studio/7.0/toolchain/arm/arm-gnu-toolchain/bin/../lib/gcc/arm-none-eabi/6.3.1/thumb/v7e-m/crtbegin.o
 .bss           0x2000001c        0x4 hal/src/hal_delay.o
 .bss           0x20000020        0x4 hpl/tc/hpl_tc.o
 .bss           0x20000024       0x14 main.o
 *(COMMON)
 COMMON         0x20000038       0x48 driver_init.o
                0x20000038                USART_0
                0x20000044                I2C_0
                0x20000064                TIMER_0
 COMMON         0x20000080       0x10 hpl/ramecc/hpl_ramecc.o
                0x20000080                device
 COMMON         0x20000090      0x331 main.o
                0x20000090                new_data
                0x20000094                sensor7
                0x200000ec                bmx_io
                0x200000f0                axis_flag_t
                0x200000f4                sensor6
                0x2000014c                sensor3
                0x200001a4                debug_io
                0x200001a8                wait_time
                0x200001ac                sensor9
                0x20000204                triggered
                0x20000208                sensor5
                0x20000260                sensor4
                0x200002b8                sensor1
                0x20000310                sensor8
                0x20000368                sensor2
                0x200003c0                return_status_t
                0x200003c4                . = ALIGN (0x4)
 *fill*         0x200003c1        0x3 
                0x200003c4                _ebss = .
                0x200003c4                _ezero = .

.stack          0x200003c4    0x10004
                0x200003c8                . = ALIGN (0x8)
 *fill*         0x200003c4        0x4 
                0x200003c8                _sstack = .
                0x200103c8                . = (. + STACK_SIZE)
 *fill*         0x200003c8    0x10000 
                0x200103c8                . = ALIGN (0x8)
                0x200103c8                _estack = .
                0x200103c8                . = ALIGN (0x4)
                0x200103c8                _end = .
OUTPUT(MLX90393_Readout_C.elf elf32-littlearm)

.ARM.attributes
                0x00000000       0x2e
 .ARM.attributes
                0x00000000       0x1e c:/program files (x86)/atmel/studio/7.0/toolchain/arm/arm-gnu-toolchain/bin/../lib/gcc/arm-none-eabi/6.3.1/thumb/v7e-m/crti.o
 .ARM.attributes
                0x0000001e       0x2e c:/program files (x86)/atmel/studio/7.0/toolchain/arm/arm-gnu-toolchain/bin/../lib/gcc/arm-none-eabi/6.3.1/thumb/v7e-m/crtbegin.o
 .ARM.attributes
                0x0000004c       0x37 atmel_start.o
 .ARM.attributes
                0x00000083       0x37 Device_Startup/startup_same54.o
 .ARM.attributes
                0x000000ba       0x37 driver_init.o
 .ARM.attributes
                0x000000f1       0x37 hal/src/hal_atomic.o
 .ARM.attributes
                0x00000128       0x37 hal/src/hal_delay.o
 .ARM.attributes
                0x0000015f       0x37 hal/src/hal_i2c_m_sync.o
 .ARM.attributes
                0x00000196       0x37 hal/src/hal_io.o
 .ARM.attributes
                0x000001cd       0x37 hal/src/hal_timer.o
 .ARM.attributes
                0x00000204       0x37 hal/src/hal_usart_sync.o
 .ARM.attributes
                0x0000023b       0x37 hal/utils/src/utils_list.o
 .ARM.attributes
                0x00000272       0x37 hpl/core/hpl_core_m4.o
 .ARM.attributes
                0x000002a9       0x37 hpl/core/hpl_init.o
 .ARM.attributes
                0x000002e0       0x37 hpl/gclk/hpl_gclk.o
 .ARM.attributes
                0x00000317       0x37 hpl/mclk/hpl_mclk.o
 .ARM.attributes
                0x0000034e       0x37 hpl/osc32kctrl/hpl_osc32kctrl.o
 .ARM.attributes
                0x00000385       0x37 hpl/oscctrl/hpl_oscctrl.o
 .ARM.attributes
                0x000003bc       0x37 hpl/ramecc/hpl_ramecc.o
 .ARM.attributes
                0x000003f3       0x37 hpl/sercom/hpl_sercom.o
 .ARM.attributes
                0x0000042a       0x37 hpl/systick/hpl_systick.o
 .ARM.attributes
                0x00000461       0x37 hpl/tc/hpl_tc.o
 .ARM.attributes
                0x00000498       0x37 main.o
 .ARM.attributes
                0x000004cf       0x37 Melexis/MLX90393_microchip.o
 .ARM.attributes
                0x00000506       0x37 Melexis/SensorArray.o
 .ARM.attributes
                0x0000053d       0x2e c:/program files (x86)/atmel/studio/7.0/toolchain/arm/arm-gnu-toolchain/bin/../lib/gcc/arm-none-eabi/6.3.1/../../../../arm-none-eabi/lib/thumb/v7e-m\libc_nano.a(lib_a-init.o)
 .ARM.attributes
                0x0000056b       0x1e c:/program files (x86)/atmel/studio/7.0/toolchain/arm/arm-gnu-toolchain/bin/../lib/gcc/arm-none-eabi/6.3.1/thumb/v7e-m/crtn.o

.comment        0x00000000       0x59
 .comment       0x00000000       0x59 atmel_start.o
                                 0x5a (size before relaxing)
 .comment       0x00000059       0x5a Device_Startup/startup_same54.o
 .comment       0x00000059       0x5a driver_init.o
 .comment       0x00000059       0x5a hal/src/hal_atomic.o
 .comment       0x00000059       0x5a hal/src/hal_delay.o
 .comment       0x00000059       0x5a hal/src/hal_i2c_m_sync.o
 .comment       0x00000059       0x5a hal/src/hal_io.o
 .comment       0x00000059       0x5a hal/src/hal_timer.o
 .comment       0x00000059       0x5a hal/src/hal_usart_sync.o
 .comment       0x00000059       0x5a hal/utils/src/utils_list.o
 .comment       0x00000059       0x5a hpl/core/hpl_core_m4.o
 .comment       0x00000059       0x5a hpl/core/hpl_init.o
 .comment       0x00000059       0x5a hpl/gclk/hpl_gclk.o
 .comment       0x00000059       0x5a hpl/mclk/hpl_mclk.o
 .comment       0x00000059       0x5a hpl/osc32kctrl/hpl_osc32kctrl.o
 .comment       0x00000059       0x5a hpl/oscctrl/hpl_oscctrl.o
 .comment       0x00000059       0x5a hpl/ramecc/hpl_ramecc.o
 .comment       0x00000059       0x5a hpl/sercom/hpl_sercom.o
 .comment       0x00000059       0x5a hpl/systick/hpl_systick.o
 .comment       0x00000059       0x5a hpl/tc/hpl_tc.o
 .comment       0x00000059       0x5a main.o
 .comment       0x00000059       0x5a Melexis/MLX90393_microchip.o
 .comment       0x00000059       0x5a Melexis/SensorArray.o

.debug_frame    0x00000000       0x2c
 .debug_frame   0x00000000       0x2c c:/program files (x86)/atmel/studio/7.0/toolchain/arm/arm-gnu-toolchain/bin/../lib/gcc/arm-none-eabi/6.3.1/../../../../arm-none-eabi/lib/thumb/v7e-m\libc_nano.a(lib_a-init.o)
